Archive member included to satisfy reference by file (symbol)

C:/ST/STM32CubeCLT_1.16.0/GNU-tools-for-STM32/bin/../lib/gcc/arm-none-eabi/12.3.1/../../../../arm-none-eabi/lib/thumb/v7e-m+fp/hard\libc_nano.a(libc_a-exit.o)
                              C:/ST/STM32CubeCLT_1.16.0/GNU-tools-for-STM32/bin/../lib/gcc/arm-none-eabi/12.3.1/../../../../arm-none-eabi/lib/thumb/v7e-m+fp/hard/crt0.o (exit)
C:/ST/STM32CubeCLT_1.16.0/GNU-tools-for-STM32/bin/../lib/gcc/arm-none-eabi/12.3.1/../../../../arm-none-eabi/lib/thumb/v7e-m+fp/hard\libc_nano.a(libc_a-findfp.o)
                              C:/ST/STM32CubeCLT_1.16.0/GNU-tools-for-STM32/bin/../lib/gcc/arm-none-eabi/12.3.1/../../../../arm-none-eabi/lib/thumb/v7e-m+fp/hard\libc_nano.a(libc_a-exit.o) (__stdio_exit_handler)
C:/ST/STM32CubeCLT_1.16.0/GNU-tools-for-STM32/bin/../lib/gcc/arm-none-eabi/12.3.1/../../../../arm-none-eabi/lib/thumb/v7e-m+fp/hard\libc_nano.a(libc_a-fwalk.o)
                              C:/ST/STM32CubeCLT_1.16.0/GNU-tools-for-STM32/bin/../lib/gcc/arm-none-eabi/12.3.1/../../../../arm-none-eabi/lib/thumb/v7e-m+fp/hard\libc_nano.a(libc_a-findfp.o) (_fwalk_sglue)
C:/ST/STM32CubeCLT_1.16.0/GNU-tools-for-STM32/bin/../lib/gcc/arm-none-eabi/12.3.1/../../../../arm-none-eabi/lib/thumb/v7e-m+fp/hard\libc_nano.a(libc_a-stdio.o)
                              C:/ST/STM32CubeCLT_1.16.0/GNU-tools-for-STM32/bin/../lib/gcc/arm-none-eabi/12.3.1/../../../../arm-none-eabi/lib/thumb/v7e-m+fp/hard\libc_nano.a(libc_a-findfp.o) (__sread)
C:/ST/STM32CubeCLT_1.16.0/GNU-tools-for-STM32/bin/../lib/gcc/arm-none-eabi/12.3.1/../../../../arm-none-eabi/lib/thumb/v7e-m+fp/hard\libc_nano.a(libc_a-memset.o)
                              C:/ST/STM32CubeCLT_1.16.0/GNU-tools-for-STM32/bin/../lib/gcc/arm-none-eabi/12.3.1/../../../../arm-none-eabi/lib/thumb/v7e-m+fp/hard/crt0.o (memset)
C:/ST/STM32CubeCLT_1.16.0/GNU-tools-for-STM32/bin/../lib/gcc/arm-none-eabi/12.3.1/../../../../arm-none-eabi/lib/thumb/v7e-m+fp/hard\libc_nano.a(libc_a-closer.o)
                              C:/ST/STM32CubeCLT_1.16.0/GNU-tools-for-STM32/bin/../lib/gcc/arm-none-eabi/12.3.1/../../../../arm-none-eabi/lib/thumb/v7e-m+fp/hard\libc_nano.a(libc_a-stdio.o) (_close_r)
C:/ST/STM32CubeCLT_1.16.0/GNU-tools-for-STM32/bin/../lib/gcc/arm-none-eabi/12.3.1/../../../../arm-none-eabi/lib/thumb/v7e-m+fp/hard\libc_nano.a(libc_a-reent.o)
                              C:/ST/STM32CubeCLT_1.16.0/GNU-tools-for-STM32/bin/../lib/gcc/arm-none-eabi/12.3.1/../../../../arm-none-eabi/lib/thumb/v7e-m+fp/hard\libc_nano.a(libc_a-closer.o) (errno)
C:/ST/STM32CubeCLT_1.16.0/GNU-tools-for-STM32/bin/../lib/gcc/arm-none-eabi/12.3.1/../../../../arm-none-eabi/lib/thumb/v7e-m+fp/hard\libc_nano.a(libc_a-impure.o)
                              C:/ST/STM32CubeCLT_1.16.0/GNU-tools-for-STM32/bin/../lib/gcc/arm-none-eabi/12.3.1/../../../../arm-none-eabi/lib/thumb/v7e-m+fp/hard\libc_nano.a(libc_a-reent.o) (_impure_ptr)
C:/ST/STM32CubeCLT_1.16.0/GNU-tools-for-STM32/bin/../lib/gcc/arm-none-eabi/12.3.1/../../../../arm-none-eabi/lib/thumb/v7e-m+fp/hard\libc_nano.a(libc_a-lseekr.o)
                              C:/ST/STM32CubeCLT_1.16.0/GNU-tools-for-STM32/bin/../lib/gcc/arm-none-eabi/12.3.1/../../../../arm-none-eabi/lib/thumb/v7e-m+fp/hard\libc_nano.a(libc_a-stdio.o) (_lseek_r)
C:/ST/STM32CubeCLT_1.16.0/GNU-tools-for-STM32/bin/../lib/gcc/arm-none-eabi/12.3.1/../../../../arm-none-eabi/lib/thumb/v7e-m+fp/hard\libc_nano.a(libc_a-readr.o)
                              C:/ST/STM32CubeCLT_1.16.0/GNU-tools-for-STM32/bin/../lib/gcc/arm-none-eabi/12.3.1/../../../../arm-none-eabi/lib/thumb/v7e-m+fp/hard\libc_nano.a(libc_a-stdio.o) (_read_r)
C:/ST/STM32CubeCLT_1.16.0/GNU-tools-for-STM32/bin/../lib/gcc/arm-none-eabi/12.3.1/../../../../arm-none-eabi/lib/thumb/v7e-m+fp/hard\libc_nano.a(libc_a-writer.o)
                              C:/ST/STM32CubeCLT_1.16.0/GNU-tools-for-STM32/bin/../lib/gcc/arm-none-eabi/12.3.1/../../../../arm-none-eabi/lib/thumb/v7e-m+fp/hard\libc_nano.a(libc_a-stdio.o) (_write_r)
C:/ST/STM32CubeCLT_1.16.0/GNU-tools-for-STM32/bin/../lib/gcc/arm-none-eabi/12.3.1/../../../../arm-none-eabi/lib/thumb/v7e-m+fp/hard\libc_nano.a(libc_a-init.o)
                              C:/ST/STM32CubeCLT_1.16.0/GNU-tools-for-STM32/bin/../lib/gcc/arm-none-eabi/12.3.1/../../../../arm-none-eabi/lib/thumb/v7e-m+fp/hard/crt0.o (__libc_init_array)
C:/ST/STM32CubeCLT_1.16.0/GNU-tools-for-STM32/bin/../lib/gcc/arm-none-eabi/12.3.1/../../../../arm-none-eabi/lib/thumb/v7e-m+fp/hard\libc_nano.a(libc_a-lock.o)
                              C:/ST/STM32CubeCLT_1.16.0/GNU-tools-for-STM32/bin/../lib/gcc/arm-none-eabi/12.3.1/../../../../arm-none-eabi/lib/thumb/v7e-m+fp/hard\libc_nano.a(libc_a-findfp.o) (__retarget_lock_init_recursive)
C:/ST/STM32CubeCLT_1.16.0/GNU-tools-for-STM32/bin/../lib/gcc/arm-none-eabi/12.3.1/../../../../arm-none-eabi/lib/thumb/v7e-m+fp/hard\libc_nano.a(libc_a-freer.o)
[...]
Memory Configuration

Name             Origin             Length             Attributes
RAM              0x20000000         0x00020000         xrw
FLASH            0x08000000         0x00080000         xr
*default*        0x00000000         0xffffffff

Linker script and memory map

LOAD C:/ST/STM32CubeCLT_1.16.0/GNU-tools-for-STM32/bin/../lib/gcc/arm-none-eabi/12.3.1/thumb/v7e-m+fp/hard/crti.o
LOAD C:/ST/STM32CubeCLT_1.16.0/GNU-tools-for-STM32/bin/../lib/gcc/arm-none-eabi/12.3.1/thumb/v7e-m+fp/hard/crtbegin.o
LOAD C:/ST/STM32CubeCLT_1.16.0/GNU-tools-for-STM32/bin/../lib/gcc/arm-none-eabi/12.3.1/../../../../arm-none-eabi/lib/thumb/v7e-m+fp/hard/crt0.o
START GROUP
LOAD C:/ST/STM32CubeCLT_1.16.0/GNU-tools-for-STM32/bin/../lib/gcc/arm-none-eabi/12.3.1/../../../../arm-none-eabi/lib/thumb/v7e-m+fp/hard\libc_nano.a
LOAD C:/ST/STM32CubeCLT_1.16.0/GNU-tools-for-STM32/bin/../lib/gcc/arm-none-eabi/12.3.1/../../../../arm-none-eabi/lib/thumb/v7e-m+fp/hard\libm.a
END GROUP
LOAD CMakeFiles/IOT.dir/Core/Src/main.c.obj
LOAD CMakeFiles/IOT.dir/Core/Src/freertos.c.obj
LOAD CMakeFiles/IOT.dir/Core/Src/stm32f4xx_it.c.obj
LOAD CMakeFiles/IOT.dir/Core/Src/stm32f4xx_hal_msp.c.obj
LOAD CMakeFiles/IOT.dir/Drivers/STM32F4xx_HAL_Driver/Src/stm32f4xx_hal_adc.c.obj
LOAD CMakeFiles/IOT.dir/Drivers/STM32F4xx_HAL_Driver/Src/stm32f4xx_hal_adc_ex.c.obj
LOAD CMakeFiles/IOT.dir/Drivers/STM32F4xx_HAL_Driver/Src/stm32f4xx_ll_adc.c.obj
LOAD CMakeFiles/IOT.dir/Drivers/STM32F4xx_HAL_Driver/Src/stm32f4xx_hal_rcc.c.obj
LOAD CMakeFiles/IOT.dir/Drivers/STM32F4xx_HAL_Driver/Src/stm32f4xx_hal_rcc_ex.c.obj
LOAD CMakeFiles/IOT.dir/Drivers/STM32F4xx_HAL_Driver/Src/stm32f4xx_hal_flash.c.obj
LOAD CMakeFiles/IOT.dir/Drivers/STM32F4xx_HAL_Driver/Src/stm32f4xx_hal_flash_ex.c.obj
LOAD CMakeFiles/IOT.dir/Drivers/STM32F4xx_HAL_Driver/Src/stm32f4xx_hal_flash_ramfunc.c.obj
LOAD CMakeFiles/IOT.dir/Drivers/STM32F4xx_HAL_Driver/Src/stm32f4xx_hal_gpio.c.obj
LOAD CMakeFiles/IOT.dir/Drivers/STM32F4xx_HAL_Driver/Src/stm32f4xx_hal_dma_ex.c.obj
LOAD CMakeFiles/IOT.dir/Drivers/STM32F4xx_HAL_Driver/Src/stm32f4xx_hal_dma.c.obj
LOAD CMakeFiles/IOT.dir/Drivers/STM32F4xx_HAL_Driver/Src/stm32f4xx_hal_pwr.c.obj
LOAD CMakeFiles/IOT.dir/Drivers/STM32F4xx_HAL_Driver/Src/stm32f4xx_hal_pwr_ex.c.obj
LOAD CMakeFiles/IOT.dir/Drivers/STM32F4xx_HAL_Driver/Src/stm32f4xx_hal_cortex.c.obj
LOAD CMakeFiles/IOT.dir/Drivers/STM32F4xx_HAL_Driver/Src/stm32f4xx_hal.c.obj
LOAD CMakeFiles/IOT.dir/Drivers/STM32F4xx_HAL_Driver/Src/stm32f4xx_hal_exti.c.obj
LOAD CMakeFiles/IOT.dir/Drivers/STM32F4xx_HAL_Driver/Src/stm32f4xx_hal_i2c.c.obj
LOAD CMakeFiles/IOT.dir/Drivers/STM32F4xx_HAL_Driver/Src/stm32f4xx_hal_i2c_ex.c.obj
LOAD CMakeFiles/IOT.dir/Drivers/STM32F4xx_HAL_Driver/Src/stm32f4xx_hal_tim.c.obj
LOAD CMakeFiles/IOT.dir/Drivers/STM32F4xx_HAL_Driver/Src/stm32f4xx_hal_tim_ex.c.obj
LOAD CMakeFiles/IOT.dir/Core/Src/system_stm32f4xx.c.obj
LOAD CMakeFiles/IOT.dir/Middlewares/Third_Party/FreeRTOS/Source/croutine.c.obj
LOAD CMakeFiles/IOT.dir/Middlewares/Third_Party/FreeRTOS/Source/event_groups.c.obj
LOAD CMakeFiles/IOT.dir/Middlewares/Third_Party/FreeRTOS/Source/list.c.obj
LOAD CMakeFiles/IOT.dir/Middlewares/Third_Party/FreeRTOS/Source/queue.c.obj
LOAD CMakeFiles/IOT.dir/Middlewares/Third_Party/FreeRTOS/Source/stream_buffer.c.obj
LOAD CMakeFiles/IOT.dir/Middlewares/Third_Party/FreeRTOS/Source/tasks.c.obj
LOAD CMakeFiles/IOT.dir/Middlewares/Third_Party/FreeRTOS/Source/timers.c.obj
LOAD CMakeFiles/IOT.dir/Middlewares/Third_Party/FreeRTOS/Source/CMSIS_RTOS_V2/cmsis_os2.c.obj
LOAD CMakeFiles/IOT.dir/Middlewares/Third_Party/FreeRTOS/Source/portable/MemMang/heap_4.c.obj
LOAD CMakeFiles/IOT.dir/Middlewares/Third_Party/FreeRTOS/Source/portable/GCC/ARM_CM4F/port.c.obj
LOAD CMakeFiles/IOT.dir/Core/Src/sysmem.c.obj
LOAD CMakeFiles/IOT.dir/Core/Src/syscalls.c.obj
LOAD CMakeFiles/IOT.dir/startup_stm32f411xe.s.obj
START GROUP
LOAD C:/ST/STM32CubeCLT_1.16.0/GNU-tools-for-STM32/bin/../lib/gcc/arm-none-eabi/12.3.1/thumb/v7e-m+fp/hard\libgcc.a
LOAD C:/ST/STM32CubeCLT_1.16.0/GNU-tools-for-STM32/bin/../lib/gcc/arm-none-eabi/12.3.1/../../../../arm-none-eabi/lib/thumb/v7e-m+fp/hard\libg_nano.a
LOAD C:/ST/STM32CubeCLT_1.16.0/GNU-tools-for-STM32/bin/../lib/gcc/arm-none-eabi/12.3.1/../../../../arm-none-eabi/lib/thumb/v7e-m+fp/hard\libc_nano.a
END GROUP
START GROUP
LOAD C:/ST/STM32CubeCLT_1.16.0/GNU-tools-for-STM32/bin/../lib/gcc/arm-none-eabi/12.3.1/thumb/v7e-m+fp/hard\libgcc.a
LOAD C:/ST/STM32CubeCLT_1.16.0/GNU-tools-for-STM32/bin/../lib/gcc/arm-none-eabi/12.3.1/../../../../arm-none-eabi/lib/thumb/v7e-m+fp/hard\libc_nano.a
END GROUP
LOAD C:/ST/STM32CubeCLT_1.16.0/GNU-tools-for-STM32/bin/../lib/gcc/arm-none-eabi/12.3.1/thumb/v7e-m+fp/hard/crtend.o
LOAD C:/ST/STM32CubeCLT_1.16.0/GNU-tools-for-STM32/bin/../lib/gcc/arm-none-eabi/12.3.1/thumb/v7e-m+fp/hard/crtn.o
                0x20020000                        _estack = (ORIGIN (RAM) + LENGTH (RAM))
                0x00000200                        _Min_Heap_Size = 0x200
                0x00000400                        _Min_Stack_Size = 0x400

.isr_vector     0x08000000      0x198
                0x08000000                        . = ALIGN (0x4)
 *(.isr_vector)
 .isr_vector    0x08000000      0x198 CMakeFiles/IOT.dir/startup_stm32f411xe.s.obj
                0x08000000                g_pfnVectors
                0x08000198                        . = ALIGN (0x4)

.text           0x080001a0     0x6f44
                0x080001a0                        . = ALIGN (0x4)
 *(.text)
 .text          0x080001a0       0x40 C:/ST/STM32CubeCLT_1.16.0/GNU-tools-for-STM32/bin/../lib/gcc/arm-none-eabi/12.3.1/thumb/v7e-m+fp/hard/crtbegin.o
 .text          0x080001e0      0x378 C:/ST/STM32CubeCLT_1.16.0/GNU-tools-for-STM32/bin/../lib/gcc/arm-none-eabi/12.3.1/thumb/v7e-m+fp/hard\libgcc.a(_arm_addsubdf3.o)
                0x080001e0                __aeabi_drsub
                0x080001e8                __aeabi_dsub
                0x080001e8                __subdf3
                0x080001ec                __aeabi_dadd
                0x080001ec                __adddf3
                0x08000464                __floatunsidf
                0x08000464                __aeabi_ui2d
                0x08000484                __floatsidf
                0x08000484                __aeabi_i2d
                0x080004a8                __aeabi_f2d
                0x080004a8                __extendsfdf2
                0x080004ec                __floatundidf
                0x080004ec                __aeabi_ul2d
                0x080004fc                __floatdidf
                0x080004fc                __aeabi_l2d
 .text          0x08000558      0x424 C:/ST/STM32CubeCLT_1.16.0/GNU-tools-for-STM32/bin/../lib/gcc/arm-none-eabi/12.3.1/thumb/v7e-m+fp/hard\libgcc.a(_arm_muldivdf3.o)
                0x08000558                __aeabi_dmul
                0x08000558                __muldf3
                0x080007ac                __divdf3
                0x080007ac                __aeabi_ddiv
 .text          0x0800097c       0xa0 C:/ST/STM32CubeCLT_1.16.0/GNU-tools-for-STM32/bin/../lib/gcc/arm-none-eabi/12.3.1/thumb/v7e-m+fp/hard\libgcc.a(_arm_truncdfsf2.o)
                0x0800097c                __truncdfsf2
                0x0800097c                __aeabi_d2f
 .text          0x08000a1c       0x30 C:/ST/STM32CubeCLT_1.16.0/GNU-tools-for-STM32/bin/../lib/gcc/arm-none-eabi/12.3.1/thumb/v7e-m+fp/hard\libgcc.a(_aeabi_uldivmod.o)
                0x08000a1c                __aeabi_uldivmod
 .text          0x08000a4c      0x2bc C:/ST/STM32CubeCLT_1.16.0/GNU-tools-for-STM32/bin/../lib/gcc/arm-none-eabi/12.3.1/thumb/v7e-m+fp/hard\libgcc.a(_udivmoddi4.o)
                0x08000a4c                __udivmoddi4
 .text          0x08000d08        0x4 C:/ST/STM32CubeCLT_1.16.0/GNU-tools-for-STM32/bin/../lib/gcc/arm-none-eabi/12.3.1/thumb/v7e-m+fp/hard\libgcc.a(_dvmd_tls.o)
                0x08000d08                __aeabi_idiv0
                0x08000d08                __aeabi_ldiv0
 *(.text*)
 .text.memset   0x08000d0c       0x10 C:/ST/STM32CubeCLT_1.16.0/GNU-tools-for-STM32/bin/../lib/gcc/arm-none-eabi/12.3.1/../../../../arm-none-eabi/lib/thumb/v7e-m+fp/hard\libc_nano.a(libc_a-memset.o)
                0x08000d0c                memset
 .text.__libc_init_array
                0x08000d1c       0x48 C:/ST/STM32CubeCLT_1.16.0/GNU-tools-for-STM32/bin/../lib/gcc/arm-none-eabi/12.3.1/../../../../arm-none-eabi/lib/thumb/v7e-m+fp/hard\libc_nano.a(libc_a-init.o)
                0x08000d1c                __libc_init_array
 .text.main     0x08000d64      0x108 CMakeFiles/IOT.dir/Core/Src/main.c.obj
                0x08000d64                main
 .text.SystemClock_Config
                0x08000e6c       0xbc CMakeFiles/IOT.dir/Core/Src/main.c.obj
                0x08000e6c                SystemClock_Config
 .text.MX_ADC1_Init
                0x08000f28       0xc0 CMakeFiles/IOT.dir/Core/Src/main.c.obj
 .text.MX_I2C1_Init
                0x08000fe8       0x5c CMakeFiles/IOT.dir/Core/Src/main.c.obj
 .text.MX_TIM2_Init
                0x08001044       0x9c CMakeFiles/IOT.dir/Core/Src/main.c.obj
 .text.MX_DMA_Init
                0x080010e0       0x40 CMakeFiles/IOT.dir/Core/Src/main.c.obj
 .text.MX_GPIO_Init
                0x08001120       0xf0 CMakeFiles/IOT.dir/Core/Src/main.c.obj
 .text.StartDefaultTask
                0x08001210       0x10 CMakeFiles/IOT.dir/Core/Src/main.c.obj
                0x08001210                StartDefaultTask
 .text.StartLEDTask
                0x08001220       0x3c CMakeFiles/IOT.dir/Core/Src/main.c.obj
                0x08001220                StartLEDTask
 *fill*         0x0800125c        0x4 
 .text.StartReleCH1Task
                0x08001260       0x9c CMakeFiles/IOT.dir/Core/Src/main.c.obj
                0x08001260                StartReleCH1Task
 .text.StartTEMPTask
                0x080012fc       0x10 CMakeFiles/IOT.dir/Core/Src/main.c.obj
                0x080012fc                StartTEMPTask
 *fill*         0x0800130c        0x4 
 .text.StartReleCH2Task
                0x08001310       0x94 CMakeFiles/IOT.dir/Core/Src/main.c.obj
                0x08001310                StartReleCH2Task
 .text.StartReleCH3Task
                0x080013a4       0x58 CMakeFiles/IOT.dir/Core/Src/main.c.obj
                0x080013a4                StartReleCH3Task
 .text.Error_Handler
                0x080013fc        0xc CMakeFiles/IOT.dir/Core/Src/main.c.obj
                0x080013fc                Error_Handler
 .text.NMI_Handler
                0x08001408        0x8 CMakeFiles/IOT.dir/Core/Src/stm32f4xx_it.c.obj
                0x08001408                NMI_Handler
 .text.HardFault_Handler
                0x08001410        0x8 CMakeFiles/IOT.dir/Core/Src/stm32f4xx_it.c.obj
                0x08001410                HardFault_Handler
 .text.MemManage_Handler
                0x08001418        0x8 CMakeFiles/IOT.dir/Core/Src/stm32f4xx_it.c.obj
                0x08001418                MemManage_Handler
 .text.BusFault_Handler
                0x08001420        0x8 CMakeFiles/IOT.dir/Core/Src/stm32f4xx_it.c.obj
                0x08001420                BusFault_Handler
 .text.UsageFault_Handler
                0x08001428        0x8 CMakeFiles/IOT.dir/Core/Src/stm32f4xx_it.c.obj
                0x08001428                UsageFault_Handler
 .text.DebugMon_Handler
                0x08001430        0xe CMakeFiles/IOT.dir/Core/Src/stm32f4xx_it.c.obj
                0x08001430                DebugMon_Handler
 .text.SysTick_Handler
                0x0800143e       0x1a CMakeFiles/IOT.dir/Core/Src/stm32f4xx_it.c.obj
                0x0800143e                SysTick_Handler
 .text.EXTI0_IRQHandler
                0x08001458       0x30 CMakeFiles/IOT.dir/Core/Src/stm32f4xx_it.c.obj
                0x08001458                EXTI0_IRQHandler
 .text.ADC_IRQHandler
                0x08001488       0x14 CMakeFiles/IOT.dir/Core/Src/stm32f4xx_it.c.obj
                0x08001488                ADC_IRQHandler
 .text.TIM2_IRQHandler
                0x0800149c       0x24 CMakeFiles/IOT.dir/Core/Src/stm32f4xx_it.c.obj
                0x0800149c                TIM2_IRQHandler
 .text.DMA2_Stream0_IRQHandler
                0x080014c0       0x14 CMakeFiles/IOT.dir/Core/Src/stm32f4xx_it.c.obj
                0x080014c0                DMA2_Stream0_IRQHandler
 .text.HAL_ADC_ConvCpltCallback
                0x080014d4       0x50 CMakeFiles/IOT.dir/Core/Src/stm32f4xx_it.c.obj
                0x080014d4                HAL_ADC_ConvCpltCallback
 .text.HAL_MspInit
                0x08001524       0x58 CMakeFiles/IOT.dir/Core/Src/stm32f4xx_hal_msp.c.obj
                0x08001524                HAL_MspInit
 .text.HAL_ADC_MspInit
                0x0800157c      0x100 CMakeFiles/IOT.dir/Core/Src/stm32f4xx_hal_msp.c.obj
                0x0800157c                HAL_ADC_MspInit
 .text.HAL_I2C_MspInit
                0x0800167c       0x90 CMakeFiles/IOT.dir/Core/Src/stm32f4xx_hal_msp.c.obj
                0x0800167c                HAL_I2C_MspInit
 .text.HAL_TIM_Base_MspInit
                0x0800170c       0x4c CMakeFiles/IOT.dir/Core/Src/stm32f4xx_hal_msp.c.obj
                0x0800170c                HAL_TIM_Base_MspInit
 .text.HAL_ADC_Init
                0x08001758       0x86 CMakeFiles/IOT.dir/Drivers/STM32F4xx_HAL_Driver/Src/stm32f4xx_hal_adc.c.obj
                0x08001758                HAL_ADC_Init
 .text.HAL_ADC_IRQHandler
                0x080017de      0x220 CMakeFiles/IOT.dir/Drivers/STM32F4xx_HAL_Driver/Src/stm32f4xx_hal_adc.c.obj
                0x080017de                HAL_ADC_IRQHandler
 *fill*         0x080019fe        0x2 
 .text.HAL_ADC_Start_DMA
                0x08001a00      0x1e0 CMakeFiles/IOT.dir/Drivers/STM32F4xx_HAL_Driver/Src/stm32f4xx_hal_adc.c.obj
                0x08001a00                HAL_ADC_Start_DMA
 .text.HAL_ADC_GetValue
                0x08001be0       0x1a CMakeFiles/IOT.dir/Drivers/STM32F4xx_HAL_Driver/Src/stm32f4xx_hal_adc.c.obj
                0x08001be0                HAL_ADC_GetValue
 .text.HAL_ADC_ConvHalfCpltCallback
                0x08001bfa       0x14 CMakeFiles/IOT.dir/Drivers/STM32F4xx_HAL_Driver/Src/stm32f4xx_hal_adc.c.obj
                0x08001bfa                HAL_ADC_ConvHalfCpltCallback
 .text.HAL_ADC_LevelOutOfWindowCallback
                0x08001c0e       0x14 CMakeFiles/IOT.dir/Drivers/STM32F4xx_HAL_Driver/Src/stm32f4xx_hal_adc.c.obj
                0x08001c0e                HAL_ADC_LevelOutOfWindowCallback
 .text.HAL_ADC_ErrorCallback
                0x08001c22       0x14 CMakeFiles/IOT.dir/Drivers/STM32F4xx_HAL_Driver/Src/stm32f4xx_hal_adc.c.obj
                0x08001c22                HAL_ADC_ErrorCallback
 *fill*         0x08001c36        0x2 
 .text.HAL_ADC_ConfigChannel
                0x08001c38      0x264 CMakeFiles/IOT.dir/Drivers/STM32F4xx_HAL_Driver/Src/stm32f4xx_hal_adc.c.obj
                0x08001c38                HAL_ADC_ConfigChannel
 .text.ADC_Init
                0x08001e9c      0x1f8 CMakeFiles/IOT.dir/Drivers/STM32F4xx_HAL_Driver/Src/stm32f4xx_hal_adc.c.obj
 .text.ADC_DMAConvCplt
                0x08002094       0xba CMakeFiles/IOT.dir/Drivers/STM32F4xx_HAL_Driver/Src/stm32f4xx_hal_adc.c.obj
 .text.ADC_DMAHalfConvCplt
                0x0800214e       0x1c CMakeFiles/IOT.dir/Drivers/STM32F4xx_HAL_Driver/Src/stm32f4xx_hal_adc.c.obj
 .text.ADC_DMAError
                0x0800216a       0x2e CMakeFiles/IOT.dir/Drivers/STM32F4xx_HAL_Driver/Src/stm32f4xx_hal_adc.c.obj
 .text.HAL_ADCEx_InjectedConvCpltCallback
                0x08002198       0x14 CMakeFiles/IOT.dir/Drivers/STM32F4xx_HAL_Driver/Src/stm32f4xx_hal_adc_ex.c.obj
                0x08002198                HAL_ADCEx_InjectedConvCpltCallback
 .text.HAL_RCC_OscConfig
                0x080021ac      0x4f0 CMakeFiles/IOT.dir/Drivers/STM32F4xx_HAL_Driver/Src/stm32f4xx_hal_rcc.c.obj
                0x080021ac                HAL_RCC_OscConfig
 .text.HAL_RCC_ClockConfig
                0x0800269c      0x1cc CMakeFiles/IOT.dir/Drivers/STM32F4xx_HAL_Driver/Src/stm32f4xx_hal_rcc.c.obj
                0x0800269c                HAL_RCC_ClockConfig
 .text.HAL_RCC_GetSysClockFreq
                0x08002868      0x18c CMakeFiles/IOT.dir/Drivers/STM32F4xx_HAL_Driver/Src/stm32f4xx_hal_rcc.c.obj
                0x08002868                HAL_RCC_GetSysClockFreq
 .text.HAL_RCC_GetHCLKFreq
                0x080029f4       0x18 CMakeFiles/IOT.dir/Drivers/STM32F4xx_HAL_Driver/Src/stm32f4xx_hal_rcc.c.obj
                0x080029f4                HAL_RCC_GetHCLKFreq
 .text.HAL_RCC_GetPCLK1Freq
                0x08002a0c       0x28 CMakeFiles/IOT.dir/Drivers/STM32F4xx_HAL_Driver/Src/stm32f4xx_hal_rcc.c.obj
                0x08002a0c                HAL_RCC_GetPCLK1Freq
 .text.HAL_GPIO_Init
                0x08002a34      0x308 CMakeFiles/IOT.dir/Drivers/STM32F4xx_HAL_Driver/Src/stm32f4xx_hal_gpio.c.obj
                0x08002a34                HAL_GPIO_Init
 .text.HAL_GPIO_WritePin
                0x08002d3c       0x32 CMakeFiles/IOT.dir/Drivers/STM32F4xx_HAL_Driver/Src/stm32f4xx_hal_gpio.c.obj
                0x08002d3c                HAL_GPIO_WritePin
 *fill*         0x08002d6e        0x2 
 .text.HAL_GPIO_EXTI_IRQHandler
                0x08002d70       0x30 CMakeFiles/IOT.dir/Drivers/STM32F4xx_HAL_Driver/Src/stm32f4xx_hal_gpio.c.obj
                0x08002d70                HAL_GPIO_EXTI_IRQHandler
 .text.HAL_GPIO_EXTI_Callback
                0x08002da0       0x16 CMakeFiles/IOT.dir/Drivers/STM32F4xx_HAL_Driver/Src/stm32f4xx_hal_gpio.c.obj
                0x08002da0                HAL_GPIO_EXTI_Callback
 *fill*         0x08002db6        0x2 
 .text.HAL_DMA_Init
                0x08002db8      0x15c CMakeFiles/IOT.dir/Drivers/STM32F4xx_HAL_Driver/Src/stm32f4xx_hal_dma.c.obj
                0x08002db8                HAL_DMA_Init
 .text.HAL_DMA_Start_IT
                0x08002f14       0xb0 CMakeFiles/IOT.dir/Drivers/STM32F4xx_HAL_Driver/Src/stm32f4xx_hal_dma.c.obj
                0x08002f14                HAL_DMA_Start_IT
 .text.HAL_DMA_IRQHandler
                0x08002fc4      0x314 CMakeFiles/IOT.dir/Drivers/STM32F4xx_HAL_Driver/Src/stm32f4xx_hal_dma.c.obj
                0x08002fc4                HAL_DMA_IRQHandler
 .text.DMA_SetConfig
                0x080032d8       0x5c CMakeFiles/IOT.dir/Drivers/STM32F4xx_HAL_Driver/Src/stm32f4xx_hal_dma.c.obj
 .text.DMA_CalcBaseAndBitshift
                0x08003334       0x6c CMakeFiles/IOT.dir/Drivers/STM32F4xx_HAL_Driver/Src/stm32f4xx_hal_dma.c.obj
 .text.DMA_CheckFifoParam
                0x080033a0       0xf8 CMakeFiles/IOT.dir/Drivers/STM32F4xx_HAL_Driver/Src/stm32f4xx_hal_dma.c.obj
 .text.__NVIC_SetPriorityGrouping
                0x08003498       0x48 CMakeFiles/IOT.dir/Drivers/STM32F4xx_HAL_Driver/Src/stm32f4xx_hal_cortex.c.obj
 .text.__NVIC_GetPriorityGrouping
                0x080034e0       0x1c CMakeFiles/IOT.dir/Drivers/STM32F4xx_HAL_Driver/Src/stm32f4xx_hal_cortex.c.obj
 .text.__NVIC_EnableIRQ
                0x080034fc       0x3c CMakeFiles/IOT.dir/Drivers/STM32F4xx_HAL_Driver/Src/stm32f4xx_hal_cortex.c.obj
 .text.__NVIC_SetPriority
                0x08003538       0x54 CMakeFiles/IOT.dir/Drivers/STM32F4xx_HAL_Driver/Src/stm32f4xx_hal_cortex.c.obj
 .text.NVIC_EncodePriority
                0x0800358c       0x66 CMakeFiles/IOT.dir/Drivers/STM32F4xx_HAL_Driver/Src/stm32f4xx_hal_cortex.c.obj
 *fill*         0x080035f2        0x2 
 .text.SysTick_Config
                0x080035f4       0x44 CMakeFiles/IOT.dir/Drivers/STM32F4xx_HAL_Driver/Src/stm32f4xx_hal_cortex.c.obj
 .text.HAL_NVIC_SetPriorityGrouping
                0x08003638       0x16 CMakeFiles/IOT.dir/Drivers/STM32F4xx_HAL_Driver/Src/stm32f4xx_hal_cortex.c.obj
                0x08003638                HAL_NVIC_SetPriorityGrouping
 .text.HAL_NVIC_SetPriority
                0x0800364e       0x38 CMakeFiles/IOT.dir/Drivers/STM32F4xx_HAL_Driver/Src/stm32f4xx_hal_cortex.c.obj
                0x0800364e                HAL_NVIC_SetPriority
 .text.HAL_NVIC_EnableIRQ
                0x08003686       0x1c CMakeFiles/IOT.dir/Drivers/STM32F4xx_HAL_Driver/Src/stm32f4xx_hal_cortex.c.obj
                0x08003686                HAL_NVIC_EnableIRQ
 .text.HAL_SYSTICK_Config
                0x080036a2       0x18 CMakeFiles/IOT.dir/Drivers/STM32F4xx_HAL_Driver/Src/stm32f4xx_hal_cortex.c.obj
                0x080036a2                HAL_SYSTICK_Config
 *fill*         0x080036ba        0x2 
 .text.HAL_Init
                0x080036bc       0x44 CMakeFiles/IOT.dir/Drivers/STM32F4xx_HAL_Driver/Src/stm32f4xx_hal.c.obj
                0x080036bc                HAL_Init
 .text.HAL_InitTick
                0x08003700       0x60 CMakeFiles/IOT.dir/Drivers/STM32F4xx_HAL_Driver/Src/stm32f4xx_hal.c.obj
                0x08003700                HAL_InitTick
 .text.HAL_IncTick
                0x08003760       0x28 CMakeFiles/IOT.dir/Drivers/STM32F4xx_HAL_Driver/Src/stm32f4xx_hal.c.obj
                0x08003760                HAL_IncTick
 .text.HAL_GetTick
                0x08003788       0x18 CMakeFiles/IOT.dir/Drivers/STM32F4xx_HAL_Driver/Src/stm32f4xx_hal.c.obj
                0x08003788                HAL_GetTick
 .text.HAL_I2C_Init
                0x080037a0      0x288 CMakeFiles/IOT.dir/Drivers/STM32F4xx_HAL_Driver/Src/stm32f4xx_hal_i2c.c.obj
                0x080037a0                HAL_I2C_Init
 .text.HAL_TIM_Base_Init
                0x08003a28       0x9e CMakeFiles/IOT.dir/Drivers/STM32F4xx_HAL_Driver/Src/stm32f4xx_hal_tim.c.obj
                0x08003a28                HAL_TIM_Base_Init
 *fill*         0x08003ac6        0x2 
 .text.HAL_TIM_Base_Start_IT
                0x08003ac8       0xc4 CMakeFiles/IOT.dir/Drivers/STM32F4xx_HAL_Driver/Src/stm32f4xx_hal_tim.c.obj
                0x08003ac8                HAL_TIM_Base_Start_IT
 .text.HAL_TIM_IRQHandler
                0x08003b8c      0x1e0 CMakeFiles/IOT.dir/Drivers/STM32F4xx_HAL_Driver/Src/stm32f4xx_hal_tim.c.obj
                0x08003b8c                HAL_TIM_IRQHandler
 .text.HAL_TIM_ConfigClockSource
                0x08003d6c      0x18e CMakeFiles/IOT.dir/Drivers/STM32F4xx_HAL_Driver/Src/stm32f4xx_hal_tim.c.obj
                0x08003d6c                HAL_TIM_ConfigClockSource
 .text.HAL_TIM_PeriodElapsedCallback
                0x08003efa       0x14 CMakeFiles/IOT.dir/Drivers/STM32F4xx_HAL_Driver/Src/stm32f4xx_hal_tim.c.obj
                0x08003efa                HAL_TIM_PeriodElapsedCallback
 .text.HAL_TIM_OC_DelayElapsedCallback
                0x08003f0e       0x14 CMakeFiles/IOT.dir/Drivers/STM32F4xx_HAL_Driver/Src/stm32f4xx_hal_tim.c.obj
                0x08003f0e                HAL_TIM_OC_DelayElapsedCallback
 .text.HAL_TIM_IC_CaptureCallback
                0x08003f22       0x14 CMakeFiles/IOT.dir/Drivers/STM32F4xx_HAL_Driver/Src/stm32f4xx_hal_tim.c.obj
                0x08003f22                HAL_TIM_IC_CaptureCallback
 .text.HAL_TIM_PWM_PulseFinishedCallback
                0x08003f36       0x14 CMakeFiles/IOT.dir/Drivers/STM32F4xx_HAL_Driver/Src/stm32f4xx_hal_tim.c.obj
                0x08003f36                HAL_TIM_PWM_PulseFinishedCallback
 .text.HAL_TIM_TriggerCallback
                0x08003f4a       0x14 CMakeFiles/IOT.dir/Drivers/STM32F4xx_HAL_Driver/Src/stm32f4xx_hal_tim.c.obj
                0x08003f4a                HAL_TIM_TriggerCallback
 *fill*         0x08003f5e        0x2 
 .text.TIM_Base_SetConfig
                0x08003f60      0x118 CMakeFiles/IOT.dir/Drivers/STM32F4xx_HAL_Driver/Src/stm32f4xx_hal_tim.c.obj
                0x08003f60                TIM_Base_SetConfig
 .text.TIM_TI1_ConfigInputStage
                0x08004078       0x5e CMakeFiles/IOT.dir/Drivers/STM32F4xx_HAL_Driver/Src/stm32f4xx_hal_tim.c.obj
 .text.TIM_TI2_ConfigInputStage
                0x080040d6       0x60 CMakeFiles/IOT.dir/Drivers/STM32F4xx_HAL_Driver/Src/stm32f4xx_hal_tim.c.obj
 .text.TIM_ITRx_SetConfig
                0x08004136       0x36 CMakeFiles/IOT.dir/Drivers/STM32F4xx_HAL_Driver/Src/stm32f4xx_hal_tim.c.obj
 .text.TIM_ETR_SetConfig
                0x0800416c       0x40 CMakeFiles/IOT.dir/Drivers/STM32F4xx_HAL_Driver/Src/stm32f4xx_hal_tim.c.obj
                0x0800416c                TIM_ETR_SetConfig
 .text.HAL_TIMEx_MasterConfigSynchronization
                0x080041ac       0xdc CMakeFiles/IOT.dir/Drivers/STM32F4xx_HAL_Driver/Src/stm32f4xx_hal_tim_ex.c.obj
                0x080041ac                HAL_TIMEx_MasterConfigSynchronization
 .text.HAL_TIMEx_CommutCallback
                0x08004288       0x14 CMakeFiles/IOT.dir/Drivers/STM32F4xx_HAL_Driver/Src/stm32f4xx_hal_tim_ex.c.obj
                0x08004288                HAL_TIMEx_CommutCallback
 .text.HAL_TIMEx_BreakCallback
                0x0800429c       0x14 CMakeFiles/IOT.dir/Drivers/STM32F4xx_HAL_Driver/Src/stm32f4xx_hal_tim_ex.c.obj
                0x0800429c                HAL_TIMEx_BreakCallback
 .text.SystemInit
                0x080042b0       0x24 CMakeFiles/IOT.dir/Core/Src/system_stm32f4xx.c.obj
                0x080042b0                SystemInit
 .text.vListInitialise
                0x080042d4       0x40 CMakeFiles/IOT.dir/Middlewares/Third_Party/FreeRTOS/Source/list.c.obj
                0x080042d4                vListInitialise
 .text.vListInitialiseItem
                0x08004314       0x1a CMakeFiles/IOT.dir/Middlewares/Third_Party/FreeRTOS/Source/list.c.obj
                0x08004314                vListInitialiseItem
 .text.vListInsertEnd
                0x0800432e       0x48 CMakeFiles/IOT.dir/Middlewares/Third_Party/FreeRTOS/Source/list.c.obj
                0x0800432e                vListInsertEnd
 .text.vListInsert
                0x08004376       0x72 CMakeFiles/IOT.dir/Middlewares/Third_Party/FreeRTOS/Source/list.c.obj
                0x08004376                vListInsert
 .text.uxListRemove
                0x080043e8       0x54 CMakeFiles/IOT.dir/Middlewares/Third_Party/FreeRTOS/Source/list.c.obj
                0x080043e8                uxListRemove
 .text.xQueueGenericReset
                0x0800443c       0xd4 CMakeFiles/IOT.dir/Middlewares/Third_Party/FreeRTOS/Source/queue.c.obj
                0x0800443c                xQueueGenericReset
 .text.xQueueGenericCreateStatic
                0x08004510       0xfa CMakeFiles/IOT.dir/Middlewares/Third_Party/FreeRTOS/Source/queue.c.obj
                0x08004510                xQueueGenericCreateStatic
 .text.xQueueGenericCreate
                0x0800460a       0x76 CMakeFiles/IOT.dir/Middlewares/Third_Party/FreeRTOS/Source/queue.c.obj
                0x0800460a                xQueueGenericCreate
 .text.prvInitialiseNewQueue
                0x08004680       0x46 CMakeFiles/IOT.dir/Middlewares/Third_Party/FreeRTOS/Source/queue.c.obj
 .text.prvInitialiseMutex
                0x080046c6       0x34 CMakeFiles/IOT.dir/Middlewares/Third_Party/FreeRTOS/Source/queue.c.obj
 .text.xQueueCreateMutex
                0x080046fa       0x30 CMakeFiles/IOT.dir/Middlewares/Third_Party/FreeRTOS/Source/queue.c.obj
                0x080046fa                xQueueCreateMutex
 .text.xQueueCreateMutexStatic
                0x0800472a       0x36 CMakeFiles/IOT.dir/Middlewares/Third_Party/FreeRTOS/Source/queue.c.obj
                0x0800472a                xQueueCreateMutexStatic
 .text.xQueueGenericSend
                0x08004760      0x204 CMakeFiles/IOT.dir/Middlewares/Third_Party/FreeRTOS/Source/queue.c.obj
                0x08004760                xQueueGenericSend
 .text.xQueueGenericSendFromISR
                0x08004964      0x13c CMakeFiles/IOT.dir/Middlewares/Third_Party/FreeRTOS/Source/queue.c.obj
                0x08004964                xQueueGenericSendFromISR
 .text.xQueueReceive
                0x08004aa0      0x1c4 CMakeFiles/IOT.dir/Middlewares/Third_Party/FreeRTOS/Source/queue.c.obj
                0x08004aa0                xQueueReceive
 .text.prvCopyDataToQueue
                0x08004c64       0xd4 CMakeFiles/IOT.dir/Middlewares/Third_Party/FreeRTOS/Source/queue.c.obj
 .text.prvCopyDataFromQueue
                0x08004d38       0x4c CMakeFiles/IOT.dir/Middlewares/Third_Party/FreeRTOS/Source/queue.c.obj
 .text.prvUnlockQueue
                0x08004d84       0xa4 CMakeFiles/IOT.dir/Middlewares/Third_Party/FreeRTOS/Source/queue.c.obj
 .text.prvIsQueueEmpty
                0x08004e28       0x2c CMakeFiles/IOT.dir/Middlewares/Third_Party/FreeRTOS/Source/queue.c.obj
 .text.prvIsQueueFull
                0x08004e54       0x30 CMakeFiles/IOT.dir/Middlewares/Third_Party/FreeRTOS/Source/queue.c.obj
 .text.vQueueAddToRegistry
                0x08004e84       0x54 CMakeFiles/IOT.dir/Middlewares/Third_Party/FreeRTOS/Source/queue.c.obj
                0x08004e84                vQueueAddToRegistry
 .text.vQueueWaitForMessageRestricted
                0x08004ed8       0x68 CMakeFiles/IOT.dir/Middlewares/Third_Party/FreeRTOS/Source/queue.c.obj
                0x08004ed8                vQueueWaitForMessageRestricted
 .text.xTaskCreateStatic
                0x08004f40       0xc0 CMakeFiles/IOT.dir/Middlewares/Third_Party/FreeRTOS/Source/tasks.c.obj
                0x08004f40                xTaskCreateStatic
 .text.xTaskCreate
                0x08005000       0x8a CMakeFiles/IOT.dir/Middlewares/Third_Party/FreeRTOS/Source/tasks.c.obj
                0x08005000                xTaskCreate
 .text.prvInitialiseNewTask
                0x0800508a      0x120 CMakeFiles/IOT.dir/Middlewares/Third_Party/FreeRTOS/Source/tasks.c.obj
 *fill*         0x080051aa        0x2 
 .text.prvAddNewTaskToReadyList
                0x080051ac       0xe0 CMakeFiles/IOT.dir/Middlewares/Third_Party/FreeRTOS/Source/tasks.c.obj
 .text.vTaskDelay
                0x0800528c       0x6c CMakeFiles/IOT.dir/Middlewares/Third_Party/FreeRTOS/Source/tasks.c.obj
                0x0800528c                vTaskDelay
 .text.vTaskStartScheduler
                0x080052f8       0xd0 CMakeFiles/IOT.dir/Middlewares/Third_Party/FreeRTOS/Source/tasks.c.obj
                0x080052f8                vTaskStartScheduler
 .text.vTaskSuspendAll
                0x080053c8       0x1c CMakeFiles/IOT.dir/Middlewares/Third_Party/FreeRTOS/Source/tasks.c.obj
                0x080053c8                vTaskSuspendAll
 .text.xTaskResumeAll
                0x080053e4      0x13c CMakeFiles/IOT.dir/Middlewares/Third_Party/FreeRTOS/Source/tasks.c.obj
                0x080053e4                xTaskResumeAll
 .text.xTaskGetTickCount
                0x08005520       0x20 CMakeFiles/IOT.dir/Middlewares/Third_Party/FreeRTOS/Source/tasks.c.obj
                0x08005520                xTaskGetTickCount
 .text.xTaskIncrementTick
                0x08005540      0x174 CMakeFiles/IOT.dir/Middlewares/Third_Party/FreeRTOS/Source/tasks.c.obj
                0x08005540                xTaskIncrementTick
 .text.vTaskSwitchContext
                0x080056b4       0xbc CMakeFiles/IOT.dir/Middlewares/Third_Party/FreeRTOS/Source/tasks.c.obj
                0x080056b4                vTaskSwitchContext
 .text.vTaskPlaceOnEventList
                0x08005770       0x4c CMakeFiles/IOT.dir/Middlewares/Third_Party/FreeRTOS/Source/tasks.c.obj
                0x08005770                vTaskPlaceOnEventList
 .text.vTaskPlaceOnEventListRestricted
                0x080057bc       0x58 CMakeFiles/IOT.dir/Middlewares/Third_Party/FreeRTOS/Source/tasks.c.obj
                0x080057bc                vTaskPlaceOnEventListRestricted
 .text.xTaskRemoveFromEventList
                0x08005814       0xc8 CMakeFiles/IOT.dir/Middlewares/Third_Party/FreeRTOS/Source/tasks.c.obj
                0x08005814                xTaskRemoveFromEventList
 .text.vTaskInternalSetTimeOutState
                0x080058dc       0x2c CMakeFiles/IOT.dir/Middlewares/Third_Party/FreeRTOS/Source/tasks.c.obj
                0x080058dc                vTaskInternalSetTimeOutState
 .text.xTaskCheckForTimeOut
                0x08005908       0xc8 CMakeFiles/IOT.dir/Middlewares/Third_Party/FreeRTOS/Source/tasks.c.obj
                0x08005908                xTaskCheckForTimeOut
 .text.vTaskMissedYield
                0x080059d0       0x18 CMakeFiles/IOT.dir/Middlewares/Third_Party/FreeRTOS/Source/tasks.c.obj
                0x080059d0                vTaskMissedYield
 .text.prvIdleTask
                0x080059e8       0x30 CMakeFiles/IOT.dir/Middlewares/Third_Party/FreeRTOS/Source/tasks.c.obj
 .text.prvInitialiseTaskLists
                0x08005a18       0x80 CMakeFiles/IOT.dir/Middlewares/Third_Party/FreeRTOS/Source/tasks.c.obj
 .text.prvCheckTasksWaitingTermination
                0x08005a98       0x5c CMakeFiles/IOT.dir/Middlewares/Third_Party/FreeRTOS/Source/tasks.c.obj
 .text.prvDeleteTCB
                0x08005af4       0x60 CMakeFiles/IOT.dir/Middlewares/Third_Party/FreeRTOS/Source/tasks.c.obj
 .text.prvResetNextTaskUnblockTime
                0x08005b54       0x40 CMakeFiles/IOT.dir/Middlewares/Third_Party/FreeRTOS/Source/tasks.c.obj
 .text.xTaskGetSchedulerState
                0x08005b94       0x3c CMakeFiles/IOT.dir/Middlewares/Third_Party/FreeRTOS/Source/tasks.c.obj
                0x08005b94                xTaskGetSchedulerState
 .text.xTaskPriorityDisinherit
                0x08005bd0       0xe0 CMakeFiles/IOT.dir/Middlewares/Third_Party/FreeRTOS/Source/tasks.c.obj
                0x08005bd0                xTaskPriorityDisinherit
 .text.prvAddCurrentTaskToDelayedList
                0x08005cb0       0xa8 CMakeFiles/IOT.dir/Middlewares/Third_Party/FreeRTOS/Source/tasks.c.obj
 .text.xTimerCreateTimerTask
                0x08005d58       0x94 CMakeFiles/IOT.dir/Middlewares/Third_Party/FreeRTOS/Source/timers.c.obj
                0x08005d58                xTimerCreateTimerTask
 .text.xTimerGenericCommand
                0x08005dec       0x9c CMakeFiles/IOT.dir/Middlewares/Third_Party/FreeRTOS/Source/timers.c.obj
                0x08005dec                xTimerGenericCommand
 .text.prvProcessExpiredTimer
                0x08005e88       0x9c CMakeFiles/IOT.dir/Middlewares/Third_Party/FreeRTOS/Source/timers.c.obj
 .text.prvTimerTask
                0x08005f24       0x26 CMakeFiles/IOT.dir/Middlewares/Third_Party/FreeRTOS/Source/timers.c.obj
 *fill*         0x08005f4a        0x2 
 .text.prvProcessTimerOrBlockTask
                0x08005f4c       0x9c CMakeFiles/IOT.dir/Middlewares/Third_Party/FreeRTOS/Source/timers.c.obj
 .text.prvGetNextExpireTime
                0x08005fe8       0x48 CMakeFiles/IOT.dir/Middlewares/Third_Party/FreeRTOS/Source/timers.c.obj
 .text.prvSampleTimeNow
                0x08006030       0x40 CMakeFiles/IOT.dir/Middlewares/Third_Party/FreeRTOS/Source/timers.c.obj
 .text.prvInsertTimerInActiveList
                0x08006070       0x84 CMakeFiles/IOT.dir/Middlewares/Third_Party/FreeRTOS/Source/timers.c.obj
 .text.prvProcessReceivedCommands
                0x080060f4      0x1cc CMakeFiles/IOT.dir/Middlewares/Third_Party/FreeRTOS/Source/timers.c.obj
 .text.prvSwitchTimerLists
                0x080062c0       0xcc CMakeFiles/IOT.dir/Middlewares/Third_Party/FreeRTOS/Source/timers.c.obj
 .text.prvCheckForValidListAndQueue
                0x0800638c       0x80 CMakeFiles/IOT.dir/Middlewares/Third_Party/FreeRTOS/Source/timers.c.obj
 .text.__NVIC_SetPriority
                0x0800640c       0x54 CMakeFiles/IOT.dir/Middlewares/Third_Party/FreeRTOS/Source/CMSIS_RTOS_V2/cmsis_os2.c.obj
 .text.SVC_Setup
                0x08006460       0x12 CMakeFiles/IOT.dir/Middlewares/Third_Party/FreeRTOS/Source/CMSIS_RTOS_V2/cmsis_os2.c.obj
 *fill*         0x08006472        0x2 
 .text.osKernelInitialize
                0x08006474       0x48 CMakeFiles/IOT.dir/Middlewares/Third_Party/FreeRTOS/Source/CMSIS_RTOS_V2/cmsis_os2.c.obj
                0x08006474                osKernelInitialize
 .text.osKernelStart
                0x080064bc       0x4c CMakeFiles/IOT.dir/Middlewares/Third_Party/FreeRTOS/Source/CMSIS_RTOS_V2/cmsis_os2.c.obj
                0x080064bc                osKernelStart
 .text.osThreadNew
                0x08006508      0x124 CMakeFiles/IOT.dir/Middlewares/Third_Party/FreeRTOS/Source/CMSIS_RTOS_V2/cmsis_os2.c.obj
                0x08006508                osThreadNew
 .text.osDelay  0x0800662c       0x36 CMakeFiles/IOT.dir/Middlewares/Third_Party/FreeRTOS/Source/CMSIS_RTOS_V2/cmsis_os2.c.obj
                0x0800662c                osDelay
 .text.osMutexNew
                0x08006662      0x10c CMakeFiles/IOT.dir/Middlewares/Third_Party/FreeRTOS/Source/CMSIS_RTOS_V2/cmsis_os2.c.obj
                0x08006662                osMutexNew
 *fill*         0x0800676e        0x2 
 .text.vApplicationGetIdleTaskMemory
                0x08006770       0x34 CMakeFiles/IOT.dir/Middlewares/Third_Party/FreeRTOS/Source/CMSIS_RTOS_V2/cmsis_os2.c.obj
                0x08006770                vApplicationGetIdleTaskMemory
 .text.vApplicationGetTimerTaskMemory
                0x080067a4       0x34 CMakeFiles/IOT.dir/Middlewares/Third_Party/FreeRTOS/Source/CMSIS_RTOS_V2/cmsis_os2.c.obj
                0x080067a4                vApplicationGetTimerTaskMemory
 .text.pvPortMalloc
                0x080067d8      0x19c CMakeFiles/IOT.dir/Middlewares/Third_Party/FreeRTOS/Source/portable/MemMang/heap_4.c.obj
                0x080067d8                pvPortMalloc
 .text.vPortFree
                0x08006974       0xc8 CMakeFiles/IOT.dir/Middlewares/Third_Party/FreeRTOS/Source/portable/MemMang/heap_4.c.obj
                0x08006974                vPortFree
 .text.prvHeapInit
                0x08006a3c       0xc4 CMakeFiles/IOT.dir/Middlewares/Third_Party/FreeRTOS/Source/portable/MemMang/heap_4.c.obj
 .text.prvInsertBlockIntoFreeList
                0x08006b00       0xb4 CMakeFiles/IOT.dir/Middlewares/Third_Party/FreeRTOS/Source/portable/MemMang/heap_4.c.obj
 .text.pxPortInitialiseStack
                0x08006bb4       0x68 CMakeFiles/IOT.dir/Middlewares/Third_Party/FreeRTOS/Source/portable/GCC/ARM_CM4F/port.c.obj
                0x08006bb4                pxPortInitialiseStack
 .text.prvTaskExitError
                0x08006c1c       0x5c CMakeFiles/IOT.dir/Middlewares/Third_Party/FreeRTOS/Source/portable/GCC/ARM_CM4F/port.c.obj
 *fill*         0x08006c78        0x8 
 .text.SVC_Handler
                0x08006c80       0x28 CMakeFiles/IOT.dir/Middlewares/Third_Party/FreeRTOS/Source/portable/GCC/ARM_CM4F/port.c.obj
                0x08006c80                SVC_Handler
 .text.prvPortStartFirstTask
                0x08006ca8       0x28 CMakeFiles/IOT.dir/Middlewares/Third_Party/FreeRTOS/Source/portable/GCC/ARM_CM4F/port.c.obj
 .text.xPortStartScheduler
                0x08006cd0      0x148 CMakeFiles/IOT.dir/Middlewares/Third_Party/FreeRTOS/Source/portable/GCC/ARM_CM4F/port.c.obj
                0x08006cd0                xPortStartScheduler
 .text.vPortEnterCritical
                0x08006e18       0x64 CMakeFiles/IOT.dir/Middlewares/Third_Party/FreeRTOS/Source/portable/GCC/ARM_CM4F/port.c.obj
                0x08006e18                vPortEnterCritical
 .text.vPortExitCritical
                0x08006e7c       0x54 CMakeFiles/IOT.dir/Middlewares/Third_Party/FreeRTOS/Source/portable/GCC/ARM_CM4F/port.c.obj
                0x08006e7c                vPortExitCritical
 .text.PendSV_Handler
                0x08006ed0       0x68 CMakeFiles/IOT.dir/Middlewares/Third_Party/FreeRTOS/Source/portable/GCC/ARM_CM4F/port.c.obj
                0x08006ed0                PendSV_Handler
 .text.xPortSysTickHandler
                0x08006f38       0x44 CMakeFiles/IOT.dir/Middlewares/Third_Party/FreeRTOS/Source/portable/GCC/ARM_CM4F/port.c.obj
                0x08006f38                xPortSysTickHandler
 .text.vPortSetupTimerInterrupt
                0x08006f7c       0x48 CMakeFiles/IOT.dir/Middlewares/Third_Party/FreeRTOS/Source/portable/GCC/ARM_CM4F/port.c.obj
                0x08006f7c                vPortSetupTimerInterrupt
 .text.vPortEnableVFP
                0x08006fc4       0x14 CMakeFiles/IOT.dir/Middlewares/Third_Party/FreeRTOS/Source/portable/GCC/ARM_CM4F/port.c.obj
 .text.vPortValidateInterruptPriority
                0x08006fd8       0x84 CMakeFiles/IOT.dir/Middlewares/Third_Party/FreeRTOS/Source/portable/GCC/ARM_CM4F/port.c.obj
                0x08006fd8                vPortValidateInterruptPriority
 .text.Reset_Handler
                0x0800705c       0x50 CMakeFiles/IOT.dir/startup_stm32f411xe.s.obj
                0x0800705c                Reset_Handler
 .text.Default_Handler
                0x080070ac        0x2 CMakeFiles/IOT.dir/startup_stm32f411xe.s.obj
                0x080070ac                RTC_Alarm_IRQHandler
                0x080070ac                EXTI2_IRQHandler
                0x080070ac                SPI4_IRQHandler
                0x080070ac                TIM1_CC_IRQHandler
                0x080070ac                DMA2_Stream5_IRQHandler
                0x080070ac                DMA1_Stream5_IRQHandler
                0x080070ac                PVD_IRQHandler
                0x080070ac                SDIO_IRQHandler
                0x080070ac                TAMP_STAMP_IRQHandler
                0x080070ac                EXTI3_IRQHandler
                0x080070ac                TIM1_UP_TIM10_IRQHandler
                0x080070ac                I2C3_ER_IRQHandler
                0x080070ac                I2C2_EV_IRQHandler
                0x080070ac                DMA1_Stream2_IRQHandler
                0x080070ac                FPU_IRQHandler
                0x080070ac                DMA2_Stream2_IRQHandler
                0x080070ac                SPI1_IRQHandler
                0x080070ac                TIM1_BRK_TIM9_IRQHandler
                0x080070ac                DMA2_Stream3_IRQHandler
                0x080070ac                USART6_IRQHandler
                0x080070ac                TIM4_IRQHandler
                0x080070ac                I2C1_EV_IRQHandler
                0x080070ac                DMA1_Stream6_IRQHandler
                0x080070ac                DMA1_Stream1_IRQHandler
                0x080070ac                TIM3_IRQHandler
                0x080070ac                RCC_IRQHandler
                0x080070ac                Default_Handler
                0x080070ac                EXTI15_10_IRQHandler
                0x080070ac                DMA1_Stream7_IRQHandler
                0x080070ac                SPI5_IRQHandler
                0x080070ac                TIM5_IRQHandler
                0x080070ac                DMA2_Stream7_IRQHandler
                0x080070ac                I2C3_EV_IRQHandler
                0x080070ac                EXTI9_5_IRQHandler
                0x080070ac                RTC_WKUP_IRQHandler
                0x080070ac                SPI2_IRQHandler
                0x080070ac                DMA1_Stream0_IRQHandler
                0x080070ac                EXTI4_IRQHandler
                0x080070ac                WWDG_IRQHandler
                0x080070ac                OTG_FS_WKUP_IRQHandler
                0x080070ac                TIM1_TRG_COM_TIM11_IRQHandler
                0x080070ac                EXTI1_IRQHandler
                0x080070ac                USART2_IRQHandler
                0x080070ac                I2C2_ER_IRQHandler
                0x080070ac                DMA2_Stream1_IRQHandler
                0x080070ac                FLASH_IRQHandler
                0x080070ac                DMA2_Stream4_IRQHandler
                0x080070ac                USART1_IRQHandler
                0x080070ac                OTG_FS_IRQHandler
                0x080070ac                SPI3_IRQHandler
                0x080070ac                DMA1_Stream4_IRQHandler
                0x080070ac                I2C1_ER_IRQHandler
                0x080070ac                DMA2_Stream6_IRQHandler
                0x080070ac                DMA1_Stream3_IRQHandler
 .text.memcpy   0x080070ae       0x1c C:/ST/STM32CubeCLT_1.16.0/GNU-tools-for-STM32/bin/../lib/gcc/arm-none-eabi/12.3.1/../../../../arm-none-eabi/lib/thumb/v7e-m+fp/hard\libg_nano.a(libc_a-memcpy-stub.o)
                0x080070ae                memcpy
 *(.glue_7)
 .glue_7        0x080070ca        0x0 linker stubs
 *(.glue_7t)
 .glue_7t       0x080070ca        0x0 linker stubs
 *(.eh_frame)
 *fill*         0x080070ca        0x2 
 .eh_frame      0x080070cc        0x0 C:/ST/STM32CubeCLT_1.16.0/GNU-tools-for-STM32/bin/../lib/gcc/arm-none-eabi/12.3.1/thumb/v7e-m+fp/hard/crtbegin.o
 *(.init)
 .init          0x080070cc        0x4 C:/ST/STM32CubeCLT_1.16.0/GNU-tools-for-STM32/bin/../lib/gcc/arm-none-eabi/12.3.1/thumb/v7e-m+fp/hard/crti.o
                0x080070cc                _init
 .init          0x080070d0        0x8 C:/ST/STM32CubeCLT_1.16.0/GNU-tools-for-STM32/bin/../lib/gcc/arm-none-eabi/12.3.1/thumb/v7e-m+fp/hard/crtn.o
 *(.fini)
 .fini          0x080070d8        0x4 C:/ST/STM32CubeCLT_1.16.0/GNU-tools-for-STM32/bin/../lib/gcc/arm-none-eabi/12.3.1/thumb/v7e-m+fp/hard/crti.o
                0x080070d8                _fini
 .fini          0x080070dc        0x8 C:/ST/STM32CubeCLT_1.16.0/GNU-tools-for-STM32/bin/../lib/gcc/arm-none-eabi/12.3.1/thumb/v7e-m+fp/hard/crtn.o
                0x080070e4                        . = ALIGN (0x4)
                0x080070e4                        _etext = .

.vfp11_veneer   0x080070e4        0x0
 .vfp11_veneer  0x080070e4        0x0 linker stubs

.v4_bx          0x080070e4        0x0
 .v4_bx         0x080070e4        0x0 linker stubs

.iplt           0x080070e4        0x0
 .iplt          0x080070e4        0x0 C:/ST/STM32CubeCLT_1.16.0/GNU-tools-for-STM32/bin/../lib/gcc/arm-none-eabi/12.3.1/thumb/v7e-m+fp/hard/crtbegin.o

.rodata         0x080070e4      0x194
                0x080070e4                        . = ALIGN (0x4)
 *(.rodata)
 .rodata        0x080070e4       0x61 CMakeFiles/IOT.dir/Core/Src/main.c.obj
 *fill*         0x08007145        0x3 
 .rodata        0x08007148        0x5 CMakeFiles/IOT.dir/Middlewares/Third_Party/FreeRTOS/Source/tasks.c.obj
 *fill*         0x0800714d        0x3 
 .rodata        0x08007150        0xd CMakeFiles/IOT.dir/Middlewares/Third_Party/FreeRTOS/Source/timers.c.obj
 *(.rodata*)
 *fill*         0x0800715d        0x3 
 .rodata.defaultTask_attributes
                0x08007160       0x24 CMakeFiles/IOT.dir/Core/Src/main.c.obj
                0x08007160                defaultTask_attributes
 .rodata.LEDTask_attributes
                0x08007184       0x24 CMakeFiles/IOT.dir/Core/Src/main.c.obj
                0x08007184                LEDTask_attributes
 .rodata.ReleCH1Task_attributes
                0x080071a8       0x24 CMakeFiles/IOT.dir/Core/Src/main.c.obj
                0x080071a8                ReleCH1Task_attributes
 .rodata.TEMPTask_attributes
                0x080071cc       0x24 CMakeFiles/IOT.dir/Core/Src/main.c.obj
                0x080071cc                TEMPTask_attributes
 .rodata.ReleCH2Task_attributes
                0x080071f0       0x24 CMakeFiles/IOT.dir/Core/Src/main.c.obj
                0x080071f0                ReleCH2Task_attributes
 .rodata.ReleCH3Task_attributes
                0x08007214       0x24 CMakeFiles/IOT.dir/Core/Src/main.c.obj
                0x08007214                ReleCH3Task_attributes
 .rodata.SensorAMutex_attributes
                0x08007238       0x10 CMakeFiles/IOT.dir/Core/Src/main.c.obj
                0x08007238                SensorAMutex_attributes
 .rodata.SensorBMutex_attributes
                0x08007248       0x10 CMakeFiles/IOT.dir/Core/Src/main.c.obj
                0x08007248                SensorBMutex_attributes
 .rodata.flagBitshiftOffset.0
                0x08007258        0x8 CMakeFiles/IOT.dir/Drivers/STM32F4xx_HAL_Driver/Src/stm32f4xx_hal_dma.c.obj
 .rodata.AHBPrescTable
                0x08007260       0x10 CMakeFiles/IOT.dir/Core/Src/system_stm32f4xx.c.obj
                0x08007260                AHBPrescTable
 .rodata.APBPrescTable
                0x08007270        0x8 CMakeFiles/IOT.dir/Core/Src/system_stm32f4xx.c.obj
                0x08007270                APBPrescTable
                0x08007278                        . = ALIGN (0x4)

.ARM.extab
 *(.ARM.extab* .gnu.linkonce.armextab.*)

.ARM            0x08007278        0x8
                0x08007278                        __exidx_start = .
 *(.ARM.exidx*)
 .ARM.exidx     0x08007278        0x8 C:/ST/STM32CubeCLT_1.16.0/GNU-tools-for-STM32/bin/../lib/gcc/arm-none-eabi/12.3.1/thumb/v7e-m+fp/hard\libgcc.a(_udivmoddi4.o)
                0x08007280                        __exidx_end = .

.rel.dyn        0x08007280        0x0
 .rel.iplt      0x08007280        0x0 C:/ST/STM32CubeCLT_1.16.0/GNU-tools-for-STM32/bin/../lib/gcc/arm-none-eabi/12.3.1/thumb/v7e-m+fp/hard/crtbegin.o

.preinit_array  0x08007280        0x0
                0x08007280                        PROVIDE (__preinit_array_start = .)
 *(.preinit_array*)
                0x08007280                        PROVIDE (__preinit_array_end = .)

.init_array     0x08007280        0x4
                0x08007280                        PROVIDE (__init_array_start = .)
 *(SORT_BY_NAME(.init_array.*))
 *(.init_array*)
 .init_array    0x08007280        0x4 C:/ST/STM32CubeCLT_1.16.0/GNU-tools-for-STM32/bin/../lib/gcc/arm-none-eabi/12.3.1/thumb/v7e-m+fp/hard/crtbegin.o
                0x08007284                        PROVIDE (__init_array_end = .)

.fini_array     0x08007284        0x4
                [!provide]                        PROVIDE (__fini_array_start = .)
 *(SORT_BY_NAME(.fini_array.*))
 *(.fini_array*)
 .fini_array    0x08007284        0x4 C:/ST/STM32CubeCLT_1.16.0/GNU-tools-for-STM32/bin/../lib/gcc/arm-none-eabi/12.3.1/thumb/v7e-m+fp/hard/crtbegin.o
                [!provide]                        PROVIDE (__fini_array_end = .)
                0x08007288                        _sidata = LOADADDR (.data)

.data           0x20000000       0x10 load address 0x08007288
                0x20000000                        . = ALIGN (0x4)
                0x20000000                        _sdata = .
 *(.data)
 *(.data*)
 .data.uwTickPrio
                0x20000000        0x4 CMakeFiles/IOT.dir/Drivers/STM32F4xx_HAL_Driver/Src/stm32f4xx_hal.c.obj
                0x20000000                uwTickPrio
 .data.uwTickFreq
                0x20000004        0x1 CMakeFiles/IOT.dir/Drivers/STM32F4xx_HAL_Driver/Src/stm32f4xx_hal.c.obj
                0x20000004                uwTickFreq
 *fill*         0x20000005        0x3 
 .data.SystemCoreClock
                0x20000008        0x4 CMakeFiles/IOT.dir/Core/Src/system_stm32f4xx.c.obj
                0x20000008                SystemCoreClock
 .data.uxCriticalNesting
                0x2000000c        0x4 CMakeFiles/IOT.dir/Middlewares/Third_Party/FreeRTOS/Source/portable/GCC/ARM_CM4F/port.c.obj
                0x20000010                        . = ALIGN (0x4)
                0x20000010                        _edata = .

.igot.plt       0x20000010        0x0 load address 0x08007298
 .igot.plt      0x20000010        0x0 C:/ST/STM32CubeCLT_1.16.0/GNU-tools-for-STM32/bin/../lib/gcc/arm-none-eabi/12.3.1/thumb/v7e-m+fp/hard/crtbegin.o
                0x20000010                        . = ALIGN (0x4)

.bss            0x20000010     0x4b04 load address 0x08007298
                0x20000010                        _sbss = .
                0x20000010                        __bss_start__ = _sbss
 *(.bss)
 .bss           0x20000010       0x1c C:/ST/STM32CubeCLT_1.16.0/GNU-tools-for-STM32/bin/../lib/gcc/arm-none-eabi/12.3.1/thumb/v7e-m+fp/hard/crtbegin.o
 *(.bss*)
 .bss.hadc1     0x2000002c       0x48 CMakeFiles/IOT.dir/Core/Src/main.c.obj
                0x2000002c                hadc1
 .bss.hdma_adc1
                0x20000074       0x60 CMakeFiles/IOT.dir/Core/Src/main.c.obj
                0x20000074                hdma_adc1
 .bss.hi2c1     0x200000d4       0x54 CMakeFiles/IOT.dir/Core/Src/main.c.obj
                0x200000d4                hi2c1
 .bss.htim2     0x20000128       0x48 CMakeFiles/IOT.dir/Core/Src/main.c.obj
                0x20000128                htim2
 .bss.defaultTaskHandle
                0x20000170        0x4 CMakeFiles/IOT.dir/Core/Src/main.c.obj
                0x20000170                defaultTaskHandle
 .bss.LEDTaskHandle
                0x20000174        0x4 CMakeFiles/IOT.dir/Core/Src/main.c.obj
                0x20000174                LEDTaskHandle
 .bss.ReleCH1TaskHandle
                0x20000178        0x4 CMakeFiles/IOT.dir/Core/Src/main.c.obj
                0x20000178                ReleCH1TaskHandle
 .bss.TEMPTaskHandle
                0x2000017c        0x4 CMakeFiles/IOT.dir/Core/Src/main.c.obj
                0x2000017c                TEMPTaskHandle
 .bss.ReleCH2TaskHandle
                0x20000180        0x4 CMakeFiles/IOT.dir/Core/Src/main.c.obj
                0x20000180                ReleCH2TaskHandle
 .bss.ReleCH3TaskHandle
                0x20000184        0x4 CMakeFiles/IOT.dir/Core/Src/main.c.obj
                0x20000184                ReleCH3TaskHandle
 .bss.SensorAMutexHandle
                0x20000188        0x4 CMakeFiles/IOT.dir/Core/Src/main.c.obj
                0x20000188                SensorAMutexHandle
 .bss.SensorBMutexHandle
                0x2000018c        0x4 CMakeFiles/IOT.dir/Core/Src/main.c.obj
                0x2000018c                SensorBMutexHandle
 .bss.BLUELED   0x20000190        0x1 CMakeFiles/IOT.dir/Core/Src/main.c.obj
                0x20000190                BLUELED
 *fill*         0x20000191        0x3 
 .bss.LDRSENSOR
                0x20000194        0x4 CMakeFiles/IOT.dir/Core/Src/main.c.obj
                0x20000194                LDRSENSOR
 .bss.temperature
                0x20000198        0x4 CMakeFiles/IOT.dir/Core/Src/main.c.obj
                0x20000198                temperature
 .bss.AD_RES_BUFFER
                0x2000019c       0x10 CMakeFiles/IOT.dir/Core/Src/main.c.obj
                0x2000019c                AD_RES_BUFFER
 .bss.ADC1IN1   0x200001ac        0x2 CMakeFiles/IOT.dir/Core/Src/main.c.obj
                0x200001ac                ADC1IN1
 .bss.ADC1IN7   0x200001ae        0x2 CMakeFiles/IOT.dir/Core/Src/main.c.obj
                0x200001ae                ADC1IN7
 .bss.ADC1IN3   0x200001b0        0x2 CMakeFiles/IOT.dir/Core/Src/main.c.obj
                0x200001b0                ADC1IN3
 .bss.ADC1IN4   0x200001b2        0x2 CMakeFiles/IOT.dir/Core/Src/main.c.obj
                0x200001b2                ADC1IN4
 .bss.DiffA     0x200001b4        0x2 CMakeFiles/IOT.dir/Core/Src/main.c.obj
                0x200001b4                DiffA
 *fill*         0x200001b6        0x2 
 .bss.voltage2  0x200001b8        0x4 CMakeFiles/IOT.dir/Core/Src/main.c.obj
                0x200001b8                voltage2
 .bss.sensorA   0x200001bc        0x4 CMakeFiles/IOT.dir/Core/Src/main.c.obj
                0x200001bc                sensorA
 .bss.uwTick    0x200001c0        0x4 CMakeFiles/IOT.dir/Drivers/STM32F4xx_HAL_Driver/Src/stm32f4xx_hal.c.obj
                0x200001c0                uwTick
 .bss.xQueueRegistry
                0x200001c4       0x40 CMakeFiles/IOT.dir/Middlewares/Third_Party/FreeRTOS/Source/queue.c.obj
                0x200001c4                xQueueRegistry
 .bss.pxCurrentTCB
                0x20000204        0x4 CMakeFiles/IOT.dir/Middlewares/Third_Party/FreeRTOS/Source/tasks.c.obj
                0x20000204                pxCurrentTCB
 .bss.pxReadyTasksLists
                0x20000208      0x460 CMakeFiles/IOT.dir/Middlewares/Third_Party/FreeRTOS/Source/tasks.c.obj
 .bss.xDelayedTaskList1
                0x20000668       0x14 CMakeFiles/IOT.dir/Middlewares/Third_Party/FreeRTOS/Source/tasks.c.obj
 .bss.xDelayedTaskList2
                0x2000067c       0x14 CMakeFiles/IOT.dir/Middlewares/Third_Party/FreeRTOS/Source/tasks.c.obj
 .bss.pxDelayedTaskList
                0x20000690        0x4 CMakeFiles/IOT.dir/Middlewares/Third_Party/FreeRTOS/Source/tasks.c.obj
 .bss.pxOverflowDelayedTaskList
                0x20000694        0x4 CMakeFiles/IOT.dir/Middlewares/Third_Party/FreeRTOS/Source/tasks.c.obj
 .bss.xPendingReadyList
                0x20000698       0x14 CMakeFiles/IOT.dir/Middlewares/Third_Party/FreeRTOS/Source/tasks.c.obj
 .bss.xTasksWaitingTermination
                0x200006ac       0x14 CMakeFiles/IOT.dir/Middlewares/Third_Party/FreeRTOS/Source/tasks.c.obj
 .bss.uxDeletedTasksWaitingCleanUp
                0x200006c0        0x4 CMakeFiles/IOT.dir/Middlewares/Third_Party/FreeRTOS/Source/tasks.c.obj
 .bss.xSuspendedTaskList
                0x200006c4       0x14 CMakeFiles/IOT.dir/Middlewares/Third_Party/FreeRTOS/Source/tasks.c.obj
 .bss.uxCurrentNumberOfTasks
                0x200006d8        0x4 CMakeFiles/IOT.dir/Middlewares/Third_Party/FreeRTOS/Source/tasks.c.obj
 .bss.xTickCount
                0x200006dc        0x4 CMakeFiles/IOT.dir/Middlewares/Third_Party/FreeRTOS/Source/tasks.c.obj
 .bss.uxTopReadyPriority
                0x200006e0        0x4 CMakeFiles/IOT.dir/Middlewares/Third_Party/FreeRTOS/Source/tasks.c.obj
 .bss.xSchedulerRunning
                0x200006e4        0x4 CMakeFiles/IOT.dir/Middlewares/Third_Party/FreeRTOS/Source/tasks.c.obj
 .bss.xPendedTicks
                0x200006e8        0x4 CMakeFiles/IOT.dir/Middlewares/Third_Party/FreeRTOS/Source/tasks.c.obj
 .bss.xYieldPending
                0x200006ec        0x4 CMakeFiles/IOT.dir/Middlewares/Third_Party/FreeRTOS/Source/tasks.c.obj
 .bss.xNumOfOverflows
                0x200006f0        0x4 CMakeFiles/IOT.dir/Middlewares/Third_Party/FreeRTOS/Source/tasks.c.obj
 .bss.uxTaskNumber
                0x200006f4        0x4 CMakeFiles/IOT.dir/Middlewares/Third_Party/FreeRTOS/Source/tasks.c.obj
 .bss.xNextTaskUnblockTime
                0x200006f8        0x4 CMakeFiles/IOT.dir/Middlewares/Third_Party/FreeRTOS/Source/tasks.c.obj
 .bss.xIdleTaskHandle
                0x200006fc        0x4 CMakeFiles/IOT.dir/Middlewares/Third_Party/FreeRTOS/Source/tasks.c.obj
 .bss.uxSchedulerSuspended
                0x20000700        0x4 CMakeFiles/IOT.dir/Middlewares/Third_Party/FreeRTOS/Source/tasks.c.obj
 .bss.xActiveTimerList1
                0x20000704       0x14 CMakeFiles/IOT.dir/Middlewares/Third_Party/FreeRTOS/Source/timers.c.obj
 .bss.xActiveTimerList2
                0x20000718       0x14 CMakeFiles/IOT.dir/Middlewares/Third_Party/FreeRTOS/Source/timers.c.obj
 .bss.pxCurrentTimerList
                0x2000072c        0x4 CMakeFiles/IOT.dir/Middlewares/Third_Party/FreeRTOS/Source/timers.c.obj
 .bss.pxOverflowTimerList
                0x20000730        0x4 CMakeFiles/IOT.dir/Middlewares/Third_Party/FreeRTOS/Source/timers.c.obj
 .bss.xTimerQueue
                0x20000734        0x4 CMakeFiles/IOT.dir/Middlewares/Third_Party/FreeRTOS/Source/timers.c.obj
 .bss.xTimerTaskHandle
                0x20000738        0x4 CMakeFiles/IOT.dir/Middlewares/Third_Party/FreeRTOS/Source/timers.c.obj
 .bss.xLastTime.2
                0x2000073c        0x4 CMakeFiles/IOT.dir/Middlewares/Third_Party/FreeRTOS/Source/timers.c.obj
 .bss.ucStaticTimerQueueStorage.1
                0x20000740       0xa0 CMakeFiles/IOT.dir/Middlewares/Third_Party/FreeRTOS/Source/timers.c.obj
 .bss.xStaticTimerQueue.0
                0x200007e0       0x50 CMakeFiles/IOT.dir/Middlewares/Third_Party/FreeRTOS/Source/timers.c.obj
 .bss.KernelState
                0x20000830        0x4 CMakeFiles/IOT.dir/Middlewares/Third_Party/FreeRTOS/Source/CMSIS_RTOS_V2/cmsis_os2.c.obj
 .bss.Idle_TCB.3
                0x20000834       0x5c CMakeFiles/IOT.dir/Middlewares/Third_Party/FreeRTOS/Source/CMSIS_RTOS_V2/cmsis_os2.c.obj
 .bss.Idle_Stack.2
                0x20000890      0x200 CMakeFiles/IOT.dir/Middlewares/Third_Party/FreeRTOS/Source/CMSIS_RTOS_V2/cmsis_os2.c.obj
 .bss.Timer_TCB.1
                0x20000a90       0x5c CMakeFiles/IOT.dir/Middlewares/Third_Party/FreeRTOS/Source/CMSIS_RTOS_V2/cmsis_os2.c.obj
 .bss.Timer_Stack.0
                0x20000aec      0x400 CMakeFiles/IOT.dir/Middlewares/Third_Party/FreeRTOS/Source/CMSIS_RTOS_V2/cmsis_os2.c.obj
 .bss.ucHeap    0x20000eec     0x3c00 CMakeFiles/IOT.dir/Middlewares/Third_Party/FreeRTOS/Source/portable/MemMang/heap_4.c.obj
 .bss.xStart    0x20004aec        0x8 CMakeFiles/IOT.dir/Middlewares/Third_Party/FreeRTOS/Source/portable/MemMang/heap_4.c.obj
 .bss.pxEnd     0x20004af4        0x4 CMakeFiles/IOT.dir/Middlewares/Third_Party/FreeRTOS/Source/portable/MemMang/heap_4.c.obj
 .bss.xFreeBytesRemaining
                0x20004af8        0x4 CMakeFiles/IOT.dir/Middlewares/Third_Party/FreeRTOS/Source/portable/MemMang/heap_4.c.obj
 .bss.xMinimumEverFreeBytesRemaining
                0x20004afc        0x4 CMakeFiles/IOT.dir/Middlewares/Third_Party/FreeRTOS/Source/portable/MemMang/heap_4.c.obj
 .bss.xNumberOfSuccessfulAllocations
                0x20004b00        0x4 CMakeFiles/IOT.dir/Middlewares/Third_Party/FreeRTOS/Source/portable/MemMang/heap_4.c.obj
 .bss.xNumberOfSuccessfulFrees
                0x20004b04        0x4 CMakeFiles/IOT.dir/Middlewares/Third_Party/FreeRTOS/Source/portable/MemMang/heap_4.c.obj
 .bss.xBlockAllocatedBit
                0x20004b08        0x4 CMakeFiles/IOT.dir/Middlewares/Third_Party/FreeRTOS/Source/portable/MemMang/heap_4.c.obj
 .bss.ucMaxSysCallPriority
                0x20004b0c        0x1 CMakeFiles/IOT.dir/Middlewares/Third_Party/FreeRTOS/Source/portable/GCC/ARM_CM4F/port.c.obj
 *fill*         0x20004b0d        0x3 
 .bss.ulMaxPRIGROUPValue
                0x20004b10        0x4 CMakeFiles/IOT.dir/Middlewares/Third_Party/FreeRTOS/Source/portable/GCC/ARM_CM4F/port.c.obj
 *(COMMON)
                0x20004b14                        . = ALIGN (0x4)
                0x20004b14                        _ebss = .
                0x20004b14                        __bss_end__ = _ebss

._user_heap_stack
                0x20004b14      0x604 load address 0x08007298
                0x20004b18                        . = ALIGN (0x8)
 *fill*         0x20004b14        0x4 
                [!provide]                        PROVIDE (end = .)
                0x20004b18                        PROVIDE (_end = .)
                0x20004d18                        . = (. + _Min_Heap_Size)
 *fill*         0x20004b18      0x200 
                0x20005118                        . = (. + _Min_Stack_Size)
 *fill*         0x20004d18      0x400 
                0x20005118                        . = ALIGN (0x8)

/DISCARD/
 libc.a(*)
 libm.a(*)
 libgcc.a(*)
OUTPUT(IOT.elf elf32-littlearm)
LOAD linker stubs
LOAD C:/ST/STM32CubeCLT_1.16.0/GNU-tools-for-STM32/bin/../lib/gcc/arm-none-eabi/12.3.1/../../../../arm-none-eabi/lib/thumb/v7e-m+fp/hard\libc.a
LOAD C:/ST/STM32CubeCLT_1.16.0/GNU-tools-for-STM32/bin/../lib/gcc/arm-none-eabi/12.3.1/../../../../arm-none-eabi/lib/thumb/v7e-m+fp/hard\libm.a
LOAD C:/ST/STM32CubeCLT_1.16.0/GNU-tools-for-STM32/bin/../lib/gcc/arm-none-eabi/12.3.1/thumb/v7e-m+fp/hard\libgcc.a

.ARM.attributes
                0x00000000       0x30
 .ARM.attributes
                0x00000000       0x22 C:/ST/STM32CubeCLT_1.16.0/GNU-tools-for-STM32/bin/../lib/gcc/arm-none-eabi/12.3.1/thumb/v7e-m+fp/hard/crti.o
 .ARM.attributes
                0x00000022       0x34 C:/ST/STM32CubeCLT_1.16.0/GNU-tools-for-STM32/bin/../lib/gcc/arm-none-eabi/12.3.1/thumb/v7e-m+fp/hard/crtbegin.o
 .ARM.attributes
                0x00000056       0x34 C:/ST/STM32CubeCLT_1.16.0/GNU-tools-for-STM32/bin/../lib/gcc/arm-none-eabi/12.3.1/../../../../arm-none-eabi/lib/thumb/v7e-m+fp/hard\libc_nano.a(libc_a-memset.o)
 .ARM.attributes
                0x0000008a       0x34 C:/ST/STM32CubeCLT_1.16.0/GNU-tools-for-STM32/bin/../lib/gcc/arm-none-eabi/12.3.1/../../../../arm-none-eabi/lib/thumb/v7e-m+fp/hard\libc_nano.a(libc_a-init.o)
 .ARM.attributes
                0x000000be       0x34 CMakeFiles/IOT.dir/Core/Src/main.c.obj
 .ARM.attributes
                0x000000f2       0x34 CMakeFiles/IOT.dir/Core/Src/stm32f4xx_it.c.obj
 .ARM.attributes
                0x00000126       0x34 CMakeFiles/IOT.dir/Core/Src/stm32f4xx_hal_msp.c.obj
 .ARM.attributes
                0x0000015a       0x34 CMakeFiles/IOT.dir/Drivers/STM32F4xx_HAL_Driver/Src/stm32f4xx_hal_adc.c.obj
 .ARM.attributes
                0x0000018e       0x34 CMakeFiles/IOT.dir/Drivers/STM32F4xx_HAL_Driver/Src/stm32f4xx_hal_adc_ex.c.obj
 .ARM.attributes
                0x000001c2       0x34 CMakeFiles/IOT.dir/Drivers/STM32F4xx_HAL_Driver/Src/stm32f4xx_hal_rcc.c.obj
 .ARM.attributes
                0x000001f6       0x34 CMakeFiles/IOT.dir/Drivers/STM32F4xx_HAL_Driver/Src/stm32f4xx_hal_gpio.c.obj
 .ARM.attributes
                0x0000022a       0x34 CMakeFiles/IOT.dir/Drivers/STM32F4xx_HAL_Driver/Src/stm32f4xx_hal_dma.c.obj
 .ARM.attributes
                0x0000025e       0x34 CMakeFiles/IOT.dir/Drivers/STM32F4xx_HAL_Driver/Src/stm32f4xx_hal_cortex.c.obj
 .ARM.attributes
                0x00000292       0x34 CMakeFiles/IOT.dir/Drivers/STM32F4xx_HAL_Driver/Src/stm32f4xx_hal.c.obj
 .ARM.attributes
                0x000002c6       0x34 CMakeFiles/IOT.dir/Drivers/STM32F4xx_HAL_Driver/Src/stm32f4xx_hal_i2c.c.obj
 .ARM.attributes
                0x000002fa       0x34 CMakeFiles/IOT.dir/Drivers/STM32F4xx_HAL_Driver/Src/stm32f4xx_hal_tim.c.obj
 .ARM.attributes
                0x0000032e       0x34 CMakeFiles/IOT.dir/Drivers/STM32F4xx_HAL_Driver/Src/stm32f4xx_hal_tim_ex.c.obj
 .ARM.attributes
                0x00000362       0x34 CMakeFiles/IOT.dir/Core/Src/system_stm32f4xx.c.obj
 .ARM.attributes
                0x00000396       0x34 CMakeFiles/IOT.dir/Middlewares/Third_Party/FreeRTOS/Source/list.c.obj
 .ARM.attributes
                0x000003ca       0x34 CMakeFiles/IOT.dir/Middlewares/Third_Party/FreeRTOS/Source/queue.c.obj
 .ARM.attributes
                0x000003fe       0x34 CMakeFiles/IOT.dir/Middlewares/Third_Party/FreeRTOS/Source/tasks.c.obj
 .ARM.attributes
                0x00000432       0x34 CMakeFiles/IOT.dir/Middlewares/Third_Party/FreeRTOS/Source/timers.c.obj
 .ARM.attributes
                0x00000466       0x34 CMakeFiles/IOT.dir/Middlewares/Third_Party/FreeRTOS/Source/CMSIS_RTOS_V2/cmsis_os2.c.obj
 .ARM.attributes
                0x0000049a       0x34 CMakeFiles/IOT.dir/Middlewares/Third_Party/FreeRTOS/Source/portable/MemMang/heap_4.c.obj
 .ARM.attributes
                0x000004ce       0x34 CMakeFiles/IOT.dir/Middlewares/Third_Party/FreeRTOS/Source/portable/GCC/ARM_CM4F/port.c.obj
 .ARM.attributes
                0x00000502       0x21 CMakeFiles/IOT.dir/startup_stm32f411xe.s.obj
 .ARM.attributes
                0x00000523       0x22 C:/ST/STM32CubeCLT_1.16.0/GNU-tools-for-STM32/bin/../lib/gcc/arm-none-eabi/12.3.1/thumb/v7e-m+fp/hard\libgcc.a(_arm_addsubdf3.o)
 .ARM.attributes
                0x00000545       0x22 C:/ST/STM32CubeCLT_1.16.0/GNU-tools-for-STM32/bin/../lib/gcc/arm-none-eabi/12.3.1/thumb/v7e-m+fp/hard\libgcc.a(_arm_muldivdf3.o)
 .ARM.attributes
                0x00000567       0x22 C:/ST/STM32CubeCLT_1.16.0/GNU-tools-for-STM32/bin/../lib/gcc/arm-none-eabi/12.3.1/thumb/v7e-m+fp/hard\libgcc.a(_arm_truncdfsf2.o)
 .ARM.attributes
                0x00000589       0x22 C:/ST/STM32CubeCLT_1.16.0/GNU-tools-for-STM32/bin/../lib/gcc/arm-none-eabi/12.3.1/thumb/v7e-m+fp/hard\libgcc.a(_aeabi_uldivmod.o)
 .ARM.attributes
                0x000005ab       0x34 C:/ST/STM32CubeCLT_1.16.0/GNU-tools-for-STM32/bin/../lib/gcc/arm-none-eabi/12.3.1/thumb/v7e-m+fp/hard\libgcc.a(_udivmoddi4.o)
 .ARM.attributes
                0x000005df       0x22 C:/ST/STM32CubeCLT_1.16.0/GNU-tools-for-STM32/bin/../lib/gcc/arm-none-eabi/12.3.1/thumb/v7e-m+fp/hard\libgcc.a(_dvmd_tls.o)
 .ARM.attributes
                0x00000601       0x34 C:/ST/STM32CubeCLT_1.16.0/GNU-tools-for-STM32/bin/../lib/gcc/arm-none-eabi/12.3.1/../../../../arm-none-eabi/lib/thumb/v7e-m+fp/hard\libg_nano.a(libc_a-memcpy-stub.o)
 .ARM.attributes
                0x00000635       0x22 C:/ST/STM32CubeCLT_1.16.0/GNU-tools-for-STM32/bin/../lib/gcc/arm-none-eabi/12.3.1/thumb/v7e-m+fp/hard/crtn.o

.comment        0x00000000       0x43
 .comment       0x00000000       0x43 CMakeFiles/IOT.dir/Core/Src/main.c.obj
                                 0x44 (size before relaxing)
 .comment       0x00000043       0x44 CMakeFiles/IOT.dir/Core/Src/stm32f4xx_it.c.obj
 .comment       0x00000043       0x44 CMakeFiles/IOT.dir/Core/Src/stm32f4xx_hal_msp.c.obj
 .comment       0x00000043       0x44 CMakeFiles/IOT.dir/Drivers/STM32F4xx_HAL_Driver/Src/stm32f4xx_hal_adc.c.obj
 .comment       0x00000043       0x44 CMakeFiles/IOT.dir/Drivers/STM32F4xx_HAL_Driver/Src/stm32f4xx_hal_adc_ex.c.obj
 .comment       0x00000043       0x44 CMakeFiles/IOT.dir/Drivers/STM32F4xx_HAL_Driver/Src/stm32f4xx_hal_rcc.c.obj
 .comment       0x00000043       0x44 CMakeFiles/IOT.dir/Drivers/STM32F4xx_HAL_Driver/Src/stm32f4xx_hal_gpio.c.obj
 .comment       0x00000043       0x44 CMakeFiles/IOT.dir/Drivers/STM32F4xx_HAL_Driver/Src/stm32f4xx_hal_dma.c.obj
 .comment       0x00000043       0x44 CMakeFiles/IOT.dir/Drivers/STM32F4xx_HAL_Driver/Src/stm32f4xx_hal_cortex.c.obj
 .comment       0x00000043       0x44 CMakeFiles/IOT.dir/Drivers/STM32F4xx_HAL_Driver/Src/stm32f4xx_hal.c.obj
 .comment       0x00000043       0x44 CMakeFiles/IOT.dir/Drivers/STM32F4xx_HAL_Driver/Src/stm32f4xx_hal_i2c.c.obj
 .comment       0x00000043       0x44 CMakeFiles/IOT.dir/Drivers/STM32F4xx_HAL_Driver/Src/stm32f4xx_hal_tim.c.obj
 .comment       0x00000043       0x44 CMakeFiles/IOT.dir/Drivers/STM32F4xx_HAL_Driver/Src/stm32f4xx_hal_tim_ex.c.obj
 .comment       0x00000043       0x44 CMakeFiles/IOT.dir/Core/Src/system_stm32f4xx.c.obj
 .comment       0x00000043       0x44 CMakeFiles/IOT.dir/Middlewares/Third_Party/FreeRTOS/Source/list.c.obj
 .comment       0x00000043       0x44 CMakeFiles/IOT.dir/Middlewares/Third_Party/FreeRTOS/Source/queue.c.obj
 .comment       0x00000043       0x44 CMakeFiles/IOT.dir/Middlewares/Third_Party/FreeRTOS/Source/tasks.c.obj
 .comment       0x00000043       0x44 CMakeFiles/IOT.dir/Middlewares/Third_Party/FreeRTOS/Source/timers.c.obj
 .comment       0x00000043       0x44 CMakeFiles/IOT.dir/Middlewares/Third_Party/FreeRTOS/Source/CMSIS_RTOS_V2/cmsis_os2.c.obj
 .comment       0x00000043       0x44 CMakeFiles/IOT.dir/Middlewares/Third_Party/FreeRTOS/Source/portable/MemMang/heap_4.c.obj
 .comment       0x00000043       0x44 CMakeFiles/IOT.dir/Middlewares/Third_Party/FreeRTOS/Source/portable/GCC/ARM_CM4F/port.c.obj
 .comment       0x00000043       0x44 C:/ST/STM32CubeCLT_1.16.0/GNU-tools-for-STM32/bin/../lib/gcc/arm-none-eabi/12.3.1/../../../../arm-none-eabi/lib/thumb/v7e-m+fp/hard\libg_nano.a(libc_a-memcpy-stub.o)

.debug_frame    0x00000000     0x61a4
 .debug_frame   0x00000000       0x20 C:/ST/STM32CubeCLT_1.16.0/GNU-tools-for-STM32/bin/../lib/gcc/arm-none-eabi/12.3.1/../../../../arm-none-eabi/lib/thumb/v7e-m+fp/hard\libc_nano.a(libc_a-memset.o)
 .debug_frame   0x00000020       0x2c C:/ST/STM32CubeCLT_1.16.0/GNU-tools-for-STM32/bin/../lib/gcc/arm-none-eabi/12.3.1/../../../../arm-none-eabi/lib/thumb/v7e-m+fp/hard\libc_nano.a(libc_a-init.o)
 .debug_frame   0x0000004c      0x1d4 CMakeFiles/IOT.dir/Core/Src/main.c.obj
 .debug_frame   0x00000220      0x15c CMakeFiles/IOT.dir/Core/Src/stm32f4xx_it.c.obj
 .debug_frame   0x0000037c      0x10c CMakeFiles/IOT.dir/Core/Src/stm32f4xx_hal_msp.c.obj
 .debug_frame   0x00000488      0x3fc CMakeFiles/IOT.dir/Drivers/STM32F4xx_HAL_Driver/Src/stm32f4xx_hal_adc.c.obj
 .debug_frame   0x00000884      0x250 CMakeFiles/IOT.dir/Drivers/STM32F4xx_HAL_Driver/Src/stm32f4xx_hal_adc_ex.c.obj
 .debug_frame   0x00000ad4      0x1f4 CMakeFiles/IOT.dir/Drivers/STM32F4xx_HAL_Driver/Src/stm32f4xx_hal_rcc.c.obj
 .debug_frame   0x00000cc8      0x14c CMakeFiles/IOT.dir/Drivers/STM32F4xx_HAL_Driver/Src/stm32f4xx_hal_gpio.c.obj
 .debug_frame   0x00000e14      0x250 CMakeFiles/IOT.dir/Drivers/STM32F4xx_HAL_Driver/Src/stm32f4xx_hal_dma.c.obj
 .debug_frame   0x00001064      0x508 CMakeFiles/IOT.dir/Drivers/STM32F4xx_HAL_Driver/Src/stm32f4xx_hal_cortex.c.obj
 .debug_frame   0x0000156c      0x374 CMakeFiles/IOT.dir/Drivers/STM32F4xx_HAL_Driver/Src/stm32f4xx_hal.c.obj
 .debug_frame   0x000018e0      0xc84 CMakeFiles/IOT.dir/Drivers/STM32F4xx_HAL_Driver/Src/stm32f4xx_hal_i2c.c.obj
 .debug_frame   0x00002564     0x11b8 CMakeFiles/IOT.dir/Drivers/STM32F4xx_HAL_Driver/Src/stm32f4xx_hal_tim.c.obj
 .debug_frame   0x0000371c      0x638 CMakeFiles/IOT.dir/Drivers/STM32F4xx_HAL_Driver/Src/stm32f4xx_hal_tim_ex.c.obj
 .debug_frame   0x00003d54       0x58 CMakeFiles/IOT.dir/Core/Src/system_stm32f4xx.c.obj
 .debug_frame   0x00003dac       0xd8 CMakeFiles/IOT.dir/Middlewares/Third_Party/FreeRTOS/Source/list.c.obj
 .debug_frame   0x00003e84      0x5ec CMakeFiles/IOT.dir/Middlewares/Third_Party/FreeRTOS/Source/queue.c.obj
 .debug_frame   0x00004470      0x8f0 CMakeFiles/IOT.dir/Middlewares/Third_Party/FreeRTOS/Source/tasks.c.obj
 .debug_frame   0x00004d60      0x400 CMakeFiles/IOT.dir/Middlewares/Third_Party/FreeRTOS/Source/timers.c.obj
 .debug_frame   0x00005160      0xbc8 CMakeFiles/IOT.dir/Middlewares/Third_Party/FreeRTOS/Source/CMSIS_RTOS_V2/cmsis_os2.c.obj
 .debug_frame   0x00005d28      0x12c CMakeFiles/IOT.dir/Middlewares/Third_Party/FreeRTOS/Source/portable/MemMang/heap_4.c.obj
 .debug_frame   0x00005e54      0x1a8 CMakeFiles/IOT.dir/Middlewares/Third_Party/FreeRTOS/Source/portable/GCC/ARM_CM4F/port.c.obj
 .debug_frame   0x00005ffc       0xac C:/ST/STM32CubeCLT_1.16.0/GNU-tools-for-STM32/bin/../lib/gcc/arm-none-eabi/12.3.1/thumb/v7e-m+fp/hard\libgcc.a(_arm_addsubdf3.o)
 .debug_frame   0x000060a8       0x50 C:/ST/STM32CubeCLT_1.16.0/GNU-tools-for-STM32/bin/../lib/gcc/arm-none-eabi/12.3.1/thumb/v7e-m+fp/hard\libgcc.a(_arm_muldivdf3.o)
 .debug_frame   0x000060f8       0x24 C:/ST/STM32CubeCLT_1.16.0/GNU-tools-for-STM32/bin/../lib/gcc/arm-none-eabi/12.3.1/thumb/v7e-m+fp/hard\libgcc.a(_arm_truncdfsf2.o)
 .debug_frame   0x0000611c       0x2c C:/ST/STM32CubeCLT_1.16.0/GNU-tools-for-STM32/bin/../lib/gcc/arm-none-eabi/12.3.1/thumb/v7e-m+fp/hard\libgcc.a(_aeabi_uldivmod.o)
 .debug_frame   0x00006148       0x34 C:/ST/STM32CubeCLT_1.16.0/GNU-tools-for-STM32/bin/../lib/gcc/arm-none-eabi/12.3.1/thumb/v7e-m+fp/hard\libgcc.a(_udivmoddi4.o)
 .debug_frame   0x0000617c       0x28 C:/ST/STM32CubeCLT_1.16.0/GNU-tools-for-STM32/bin/../lib/gcc/arm-none-eabi/12.3.1/../../../../arm-none-eabi/lib/thumb/v7e-m+fp/hard\libg_nano.a(libc_a-memcpy-stub.o)

.debug_info     0x00000000    0x181f5
 .debug_info    0x00000000     0x1cdd CMakeFiles/IOT.dir/Core/Src/main.c.obj
 .debug_info    0x00001cdd      0xaaf CMakeFiles/IOT.dir/Core/Src/stm32f4xx_it.c.obj
 .debug_info    0x0000278c     0x1283 CMakeFiles/IOT.dir/Core/Src/stm32f4xx_hal_msp.c.obj
 .debug_info    0x00003a0f      0xcd1 CMakeFiles/IOT.dir/Drivers/STM32F4xx_HAL_Driver/Src/stm32f4xx_hal_adc.c.obj
 .debug_info    0x000046e0      0xb56 CMakeFiles/IOT.dir/Drivers/STM32F4xx_HAL_Driver/Src/stm32f4xx_hal_adc_ex.c.obj
 .debug_info    0x00005236      0x8f0 CMakeFiles/IOT.dir/Drivers/STM32F4xx_HAL_Driver/Src/stm32f4xx_hal_rcc.c.obj
 .debug_info    0x00005b26      0x6f9 CMakeFiles/IOT.dir/Drivers/STM32F4xx_HAL_Driver/Src/stm32f4xx_hal_gpio.c.obj
 .debug_info    0x0000621f      0x8e6 CMakeFiles/IOT.dir/Drivers/STM32F4xx_HAL_Driver/Src/stm32f4xx_hal_dma.c.obj
 .debug_info    0x00006b05      0xcfc CMakeFiles/IOT.dir/Drivers/STM32F4xx_HAL_Driver/Src/stm32f4xx_hal_cortex.c.obj
 .debug_info    0x00007801      0x8c4 CMakeFiles/IOT.dir/Drivers/STM32F4xx_HAL_Driver/Src/stm32f4xx_hal.c.obj
 .debug_info    0x000080c5     0x2426 CMakeFiles/IOT.dir/Drivers/STM32F4xx_HAL_Driver/Src/stm32f4xx_hal_i2c.c.obj
 .debug_info    0x0000a4eb     0x2996 CMakeFiles/IOT.dir/Drivers/STM32F4xx_HAL_Driver/Src/stm32f4xx_hal_tim.c.obj
 .debug_info    0x0000ce81     0x14d4 CMakeFiles/IOT.dir/Drivers/STM32F4xx_HAL_Driver/Src/stm32f4xx_hal_tim_ex.c.obj
 .debug_info    0x0000e355      0x53e CMakeFiles/IOT.dir/Core/Src/system_stm32f4xx.c.obj
 .debug_info    0x0000e893      0x2af CMakeFiles/IOT.dir/Middlewares/Third_Party/FreeRTOS/Source/list.c.obj
 .debug_info    0x0000eb42     0x1b79 CMakeFiles/IOT.dir/Middlewares/Third_Party/FreeRTOS/Source/queue.c.obj
 .debug_info    0x000106bb     0x21ec CMakeFiles/IOT.dir/Middlewares/Third_Party/FreeRTOS/Source/tasks.c.obj
 .debug_info    0x000128a7     0x1488 CMakeFiles/IOT.dir/Middlewares/Third_Party/FreeRTOS/Source/timers.c.obj
 .debug_info    0x00013d2f     0x39c2 CMakeFiles/IOT.dir/Middlewares/Third_Party/FreeRTOS/Source/CMSIS_RTOS_V2/cmsis_os2.c.obj
 .debug_info    0x000176f1      0x4d5 CMakeFiles/IOT.dir/Middlewares/Third_Party/FreeRTOS/Source/portable/MemMang/heap_4.c.obj
 .debug_info    0x00017bc6      0x4de CMakeFiles/IOT.dir/Middlewares/Third_Party/FreeRTOS/Source/portable/GCC/ARM_CM4F/port.c.obj
 .debug_info    0x000180a4       0x30 CMakeFiles/IOT.dir/startup_stm32f411xe.s.obj
 .debug_info    0x000180d4      0x121 C:/ST/STM32CubeCLT_1.16.0/GNU-tools-for-STM32/bin/../lib/gcc/arm-none-eabi/12.3.1/../../../../arm-none-eabi/lib/thumb/v7e-m+fp/hard\libg_nano.a(libc_a-memcpy-stub.o)

.debug_abbrev   0x00000000     0x3641
 .debug_abbrev  0x00000000      0x2b0 CMakeFiles/IOT.dir/Core/Src/main.c.obj
 .debug_abbrev  0x000002b0      0x213 CMakeFiles/IOT.dir/Core/Src/stm32f4xx_it.c.obj
 .debug_abbrev  0x000004c3      0x252 CMakeFiles/IOT.dir/Core/Src/stm32f4xx_hal_msp.c.obj
 .debug_abbrev  0x00000715      0x20e CMakeFiles/IOT.dir/Drivers/STM32F4xx_HAL_Driver/Src/stm32f4xx_hal_adc.c.obj
 .debug_abbrev  0x00000923      0x22c CMakeFiles/IOT.dir/Drivers/STM32F4xx_HAL_Driver/Src/stm32f4xx_hal_adc_ex.c.obj
 .debug_abbrev  0x00000b4f      0x2b6 CMakeFiles/IOT.dir/Drivers/STM32F4xx_HAL_Driver/Src/stm32f4xx_hal_rcc.c.obj
 .debug_abbrev  0x00000e05      0x1d3 CMakeFiles/IOT.dir/Drivers/STM32F4xx_HAL_Driver/Src/stm32f4xx_hal_gpio.c.obj
 .debug_abbrev  0x00000fd8      0x221 CMakeFiles/IOT.dir/Drivers/STM32F4xx_HAL_Driver/Src/stm32f4xx_hal_dma.c.obj
 .debug_abbrev  0x000011f9      0x31d CMakeFiles/IOT.dir/Drivers/STM32F4xx_HAL_Driver/Src/stm32f4xx_hal_cortex.c.obj
 .debug_abbrev  0x00001516      0x24b CMakeFiles/IOT.dir/Drivers/STM32F4xx_HAL_Driver/Src/stm32f4xx_hal.c.obj
 .debug_abbrev  0x00001761      0x2bc CMakeFiles/IOT.dir/Drivers/STM32F4xx_HAL_Driver/Src/stm32f4xx_hal_i2c.c.obj
 .debug_abbrev  0x00001a1d      0x28b CMakeFiles/IOT.dir/Drivers/STM32F4xx_HAL_Driver/Src/stm32f4xx_hal_tim.c.obj
 .debug_abbrev  0x00001ca8      0x296 CMakeFiles/IOT.dir/Drivers/STM32F4xx_HAL_Driver/Src/stm32f4xx_hal_tim_ex.c.obj
 .debug_abbrev  0x00001f3e      0x11a CMakeFiles/IOT.dir/Core/Src/system_stm32f4xx.c.obj
 .debug_abbrev  0x00002058       0xf5 CMakeFiles/IOT.dir/Middlewares/Third_Party/FreeRTOS/Source/list.c.obj
 .debug_abbrev  0x0000214d      0x3b6 CMakeFiles/IOT.dir/Middlewares/Third_Party/FreeRTOS/Source/queue.c.obj
 .debug_abbrev  0x00002503      0x386 CMakeFiles/IOT.dir/Middlewares/Third_Party/FreeRTOS/Source/tasks.c.obj
 .debug_abbrev  0x00002889      0x352 CMakeFiles/IOT.dir/Middlewares/Third_Party/FreeRTOS/Source/timers.c.obj
 .debug_abbrev  0x00002bdb      0x508 CMakeFiles/IOT.dir/Middlewares/Third_Party/FreeRTOS/Source/CMSIS_RTOS_V2/cmsis_os2.c.obj
 .debug_abbrev  0x000030e3      0x21d CMakeFiles/IOT.dir/Middlewares/Third_Party/FreeRTOS/Source/portable/MemMang/heap_4.c.obj
 .debug_abbrev  0x00003300      0x25c CMakeFiles/IOT.dir/Middlewares/Third_Party/FreeRTOS/Source/portable/GCC/ARM_CM4F/port.c.obj
 .debug_abbrev  0x0000355c       0x24 CMakeFiles/IOT.dir/startup_stm32f411xe.s.obj
 .debug_abbrev  0x00003580       0xc1 C:/ST/STM32CubeCLT_1.16.0/GNU-tools-for-STM32/bin/../lib/gcc/arm-none-eabi/12.3.1/../../../../arm-none-eabi/lib/thumb/v7e-m+fp/hard\libg_nano.a(libc_a-memcpy-stub.o)

.debug_aranges  0x00000000     0x16b8
 .debug_aranges
                0x00000000       0x88 CMakeFiles/IOT.dir/Core/Src/main.c.obj
 .debug_aranges
                0x00000088       0x78 CMakeFiles/IOT.dir/Core/Src/stm32f4xx_it.c.obj
 .debug_aranges
                0x00000100       0x50 CMakeFiles/IOT.dir/Core/Src/stm32f4xx_hal_msp.c.obj
 .debug_aranges
                0x00000150       0xe8 CMakeFiles/IOT.dir/Drivers/STM32F4xx_HAL_Driver/Src/stm32f4xx_hal_adc.c.obj
 .debug_aranges
                0x00000238       0x90 CMakeFiles/IOT.dir/Drivers/STM32F4xx_HAL_Driver/Src/stm32f4xx_hal_adc_ex.c.obj
 .debug_aranges
                0x000002c8       0x88 CMakeFiles/IOT.dir/Drivers/STM32F4xx_HAL_Driver/Src/stm32f4xx_hal_rcc.c.obj
 .debug_aranges
                0x00000350       0x58 CMakeFiles/IOT.dir/Drivers/STM32F4xx_HAL_Driver/Src/stm32f4xx_hal_gpio.c.obj
 .debug_aranges
                0x000003a8       0x90 CMakeFiles/IOT.dir/Drivers/STM32F4xx_HAL_Driver/Src/stm32f4xx_hal_dma.c.obj
 .debug_aranges
                0x00000438      0x130 CMakeFiles/IOT.dir/Drivers/STM32F4xx_HAL_Driver/Src/stm32f4xx_hal_cortex.c.obj
 .debug_aranges
                0x00000568       0xf0 CMakeFiles/IOT.dir/Drivers/STM32F4xx_HAL_Driver/Src/stm32f4xx_hal.c.obj
 .debug_aranges
                0x00000658      0x2a8 CMakeFiles/IOT.dir/Drivers/STM32F4xx_HAL_Driver/Src/stm32f4xx_hal_i2c.c.obj
 .debug_aranges
                0x00000900      0x3d0 CMakeFiles/IOT.dir/Drivers/STM32F4xx_HAL_Driver/Src/stm32f4xx_hal_tim.c.obj
 .debug_aranges
                0x00000cd0      0x168 CMakeFiles/IOT.dir/Drivers/STM32F4xx_HAL_Driver/Src/stm32f4xx_hal_tim_ex.c.obj
 .debug_aranges
                0x00000e38       0x28 CMakeFiles/IOT.dir/Core/Src/system_stm32f4xx.c.obj
 .debug_aranges
                0x00000e60       0x40 CMakeFiles/IOT.dir/Middlewares/Third_Party/FreeRTOS/Source/list.c.obj
 .debug_aranges
                0x00000ea0      0x158 CMakeFiles/IOT.dir/Middlewares/Third_Party/FreeRTOS/Source/queue.c.obj
 .debug_aranges
                0x00000ff8      0x208 CMakeFiles/IOT.dir/Middlewares/Third_Party/FreeRTOS/Source/tasks.c.obj
 .debug_aranges
                0x00001200       0xf0 CMakeFiles/IOT.dir/Middlewares/Third_Party/FreeRTOS/Source/timers.c.obj
 .debug_aranges
                0x000012f0      0x2a8 CMakeFiles/IOT.dir/Middlewares/Third_Party/FreeRTOS/Source/CMSIS_RTOS_V2/cmsis_os2.c.obj
 .debug_aranges
                0x00001598       0x58 CMakeFiles/IOT.dir/Middlewares/Third_Party/FreeRTOS/Source/portable/MemMang/heap_4.c.obj
 .debug_aranges
                0x000015f0       0x80 CMakeFiles/IOT.dir/Middlewares/Third_Party/FreeRTOS/Source/portable/GCC/ARM_CM4F/port.c.obj
 .debug_aranges
                0x00001670       0x28 CMakeFiles/IOT.dir/startup_stm32f411xe.s.obj
 .debug_aranges
                0x00001698       0x20 C:/ST/STM32CubeCLT_1.16.0/GNU-tools-for-STM32/bin/../lib/gcc/arm-none-eabi/12.3.1/../../../../arm-none-eabi/lib/thumb/v7e-m+fp/hard\libg_nano.a(libc_a-memcpy-stub.o)

.debug_rnglists
                0x00000000     0x11b8
 .debug_rnglists
                0x00000000       0x68 CMakeFiles/IOT.dir/Core/Src/main.c.obj
 .debug_rnglists
                0x00000068       0x55 CMakeFiles/IOT.dir/Core/Src/stm32f4xx_it.c.obj
 .debug_rnglists
                0x000000bd       0x39 CMakeFiles/IOT.dir/Core/Src/stm32f4xx_hal_msp.c.obj
 .debug_rnglists
                0x000000f6       0xb5 CMakeFiles/IOT.dir/Drivers/STM32F4xx_HAL_Driver/Src/stm32f4xx_hal_adc.c.obj
 .debug_rnglists
                0x000001ab       0x71 CMakeFiles/IOT.dir/Drivers/STM32F4xx_HAL_Driver/Src/stm32f4xx_hal_adc_ex.c.obj
 .debug_rnglists
                0x0000021c       0x66 CMakeFiles/IOT.dir/Drivers/STM32F4xx_HAL_Driver/Src/stm32f4xx_hal_rcc.c.obj
 .debug_rnglists
                0x00000282       0x3f CMakeFiles/IOT.dir/Drivers/STM32F4xx_HAL_Driver/Src/stm32f4xx_hal_gpio.c.obj
 .debug_rnglists
                0x000002c1       0x70 CMakeFiles/IOT.dir/Drivers/STM32F4xx_HAL_Driver/Src/stm32f4xx_hal_dma.c.obj
 .debug_rnglists
                0x00000331       0xe0 CMakeFiles/IOT.dir/Drivers/STM32F4xx_HAL_Driver/Src/stm32f4xx_hal_cortex.c.obj
 .debug_rnglists
                0x00000411       0xaf CMakeFiles/IOT.dir/Drivers/STM32F4xx_HAL_Driver/Src/stm32f4xx_hal.c.obj
 .debug_rnglists
                0x000004c0      0x23c CMakeFiles/IOT.dir/Drivers/STM32F4xx_HAL_Driver/Src/stm32f4xx_hal_i2c.c.obj
 .debug_rnglists
                0x000006fc      0x31a CMakeFiles/IOT.dir/Drivers/STM32F4xx_HAL_Driver/Src/stm32f4xx_hal_tim.c.obj
 .debug_rnglists
                0x00000a16      0x125 CMakeFiles/IOT.dir/Drivers/STM32F4xx_HAL_Driver/Src/stm32f4xx_hal_tim_ex.c.obj
 .debug_rnglists
                0x00000b3b       0x1a CMakeFiles/IOT.dir/Core/Src/system_stm32f4xx.c.obj
 .debug_rnglists
                0x00000b55       0x2b CMakeFiles/IOT.dir/Middlewares/Third_Party/FreeRTOS/Source/list.c.obj
 .debug_rnglists
                0x00000b80      0x109 CMakeFiles/IOT.dir/Middlewares/Third_Party/FreeRTOS/Source/queue.c.obj
 .debug_rnglists
                0x00000c89      0x1a0 CMakeFiles/IOT.dir/Middlewares/Third_Party/FreeRTOS/Source/tasks.c.obj
 .debug_rnglists
                0x00000e29       0xb8 CMakeFiles/IOT.dir/Middlewares/Third_Party/FreeRTOS/Source/timers.c.obj
 .debug_rnglists
                0x00000ee1      0x20c CMakeFiles/IOT.dir/Middlewares/Third_Party/FreeRTOS/Source/CMSIS_RTOS_V2/cmsis_os2.c.obj
 .debug_rnglists
                0x000010ed       0x42 CMakeFiles/IOT.dir/Middlewares/Third_Party/FreeRTOS/Source/portable/MemMang/heap_4.c.obj
 .debug_rnglists
                0x0000112f       0x5d CMakeFiles/IOT.dir/Middlewares/Third_Party/FreeRTOS/Source/portable/GCC/ARM_CM4F/port.c.obj
 .debug_rnglists
                0x0000118c       0x19 CMakeFiles/IOT.dir/startup_stm32f411xe.s.obj
 .debug_rnglists
                0x000011a5       0x13 C:/ST/STM32CubeCLT_1.16.0/GNU-tools-for-STM32/bin/../lib/gcc/arm-none-eabi/12.3.1/../../../../arm-none-eabi/lib/thumb/v7e-m+fp/hard\libg_nano.a(libc_a-memcpy-stub.o)

.debug_macro    0x00000000    0x1988b
 .debug_macro   0x00000000      0x376 CMakeFiles/IOT.dir/Core/Src/main.c.obj
 .debug_macro   0x00000376      0xab4 CMakeFiles/IOT.dir/Core/Src/main.c.obj
 .debug_macro   0x00000e2a      0x2a1 CMakeFiles/IOT.dir/Core/Src/main.c.obj
 .debug_macro   0x000010cb       0x2e CMakeFiles/IOT.dir/Core/Src/main.c.obj
 .debug_macro   0x000010f9       0x28 CMakeFiles/IOT.dir/Core/Src/main.c.obj
 .debug_macro   0x00001121       0x22 CMakeFiles/IOT.dir/Core/Src/main.c.obj
 .debug_macro   0x00001143       0x8e CMakeFiles/IOT.dir/Core/Src/main.c.obj
 .debug_macro   0x000011d1       0x51 CMakeFiles/IOT.dir/Core/Src/main.c.obj
 .debug_macro   0x00001222      0x103 CMakeFiles/IOT.dir/Core/Src/main.c.obj
 .debug_macro   0x00001325       0x6a CMakeFiles/IOT.dir/Core/Src/main.c.obj
 .debug_macro   0x0000138f      0x1df CMakeFiles/IOT.dir/Core/Src/main.c.obj
 .debug_macro   0x0000156e       0x1c CMakeFiles/IOT.dir/Core/Src/main.c.obj
 .debug_macro   0x0000158a       0x22 CMakeFiles/IOT.dir/Core/Src/main.c.obj
 .debug_macro   0x000015ac       0xfb CMakeFiles/IOT.dir/Core/Src/main.c.obj
 .debug_macro   0x000016a7     0x1011 CMakeFiles/IOT.dir/Core/Src/main.c.obj
 .debug_macro   0x000026b8      0x11f CMakeFiles/IOT.dir/Core/Src/main.c.obj
 .debug_macro   0x000027d7     0xb953 CMakeFiles/IOT.dir/Core/Src/main.c.obj
 .debug_macro   0x0000e12a       0x6d CMakeFiles/IOT.dir/Core/Src/main.c.obj
 .debug_macro   0x0000e197     0x369a CMakeFiles/IOT.dir/Core/Src/main.c.obj
 .debug_macro   0x00011831      0x189 CMakeFiles/IOT.dir/Core/Src/main.c.obj
 .debug_macro   0x000119ba       0x5c CMakeFiles/IOT.dir/Core/Src/main.c.obj
 .debug_macro   0x00011a16      0x45c CMakeFiles/IOT.dir/Core/Src/main.c.obj
 .debug_macro   0x00011e72      0x9e9 CMakeFiles/IOT.dir/Core/Src/main.c.obj
 .debug_macro   0x0001285b      0x115 CMakeFiles/IOT.dir/Core/Src/main.c.obj
 .debug_macro   0x00012970      0x11b CMakeFiles/IOT.dir/Core/Src/main.c.obj
 .debug_macro   0x00012a8b       0xa5 CMakeFiles/IOT.dir/Core/Src/main.c.obj
 .debug_macro   0x00012b30      0x15f CMakeFiles/IOT.dir/Core/Src/main.c.obj
 .debug_macro   0x00012c8f      0x287 CMakeFiles/IOT.dir/Core/Src/main.c.obj
 .debug_macro   0x00012f16       0x5f CMakeFiles/IOT.dir/Core/Src/main.c.obj
 .debug_macro   0x00012f75      0x236 CMakeFiles/IOT.dir/Core/Src/main.c.obj
 .debug_macro   0x000131ab      0x9e1 CMakeFiles/IOT.dir/Core/Src/main.c.obj
 .debug_macro   0x00013b8c      0x38b CMakeFiles/IOT.dir/Core/Src/main.c.obj
 .debug_macro   0x00013f17      0x17d CMakeFiles/IOT.dir/Core/Src/main.c.obj
 .debug_macro   0x00014094       0xf9 CMakeFiles/IOT.dir/Core/Src/main.c.obj
 .debug_macro   0x0001418d      0x132 CMakeFiles/IOT.dir/Core/Src/main.c.obj
 .debug_macro   0x000142bf      0x264 CMakeFiles/IOT.dir/Core/Src/main.c.obj
 .debug_macro   0x00014523       0x2e CMakeFiles/IOT.dir/Core/Src/main.c.obj
 .debug_macro   0x00014551      0x1b5 CMakeFiles/IOT.dir/Core/Src/main.c.obj
 .debug_macro   0x00014706       0x22 CMakeFiles/IOT.dir/Core/Src/main.c.obj
 .debug_macro   0x00014728       0xd6 CMakeFiles/IOT.dir/Core/Src/main.c.obj
 .debug_macro   0x000147fe      0x127 CMakeFiles/IOT.dir/Core/Src/main.c.obj
 .debug_macro   0x00014925       0x85 CMakeFiles/IOT.dir/Core/Src/main.c.obj
 .debug_macro   0x000149aa       0x89 CMakeFiles/IOT.dir/Core/Src/main.c.obj
 .debug_macro   0x00014a33      0x8ed CMakeFiles/IOT.dir/Core/Src/main.c.obj
 .debug_macro   0x00015320       0x47 CMakeFiles/IOT.dir/Core/Src/main.c.obj
 .debug_macro   0x00015367      0x126 CMakeFiles/IOT.dir/Core/Src/main.c.obj
 .debug_macro   0x0001548d       0x52 CMakeFiles/IOT.dir/Core/Src/main.c.obj
 .debug_macro   0x000154df      0x169 CMakeFiles/IOT.dir/Core/Src/main.c.obj
 .debug_macro   0x00015648      0x15a CMakeFiles/IOT.dir/Core/Src/main.c.obj
 .debug_macro   0x000157a2       0xc9 CMakeFiles/IOT.dir/Core/Src/main.c.obj
 .debug_macro   0x0001586b       0x1c CMakeFiles/IOT.dir/Core/Src/main.c.obj
 .debug_macro   0x00015887       0x26 CMakeFiles/IOT.dir/Core/Src/main.c.obj
 .debug_macro   0x000158ad      0x4c5 CMakeFiles/IOT.dir/Core/Src/main.c.obj
 .debug_macro   0x00015d72       0xb5 CMakeFiles/IOT.dir/Core/Src/main.c.obj
 .debug_macro   0x00015e27       0xaa CMakeFiles/IOT.dir/Core/Src/main.c.obj
 .debug_macro   0x00015ed1       0x66 CMakeFiles/IOT.dir/Core/Src/main.c.obj
 .debug_macro   0x00015f37       0x74 CMakeFiles/IOT.dir/Core/Src/main.c.obj
 .debug_macro   0x00015fab       0xdd CMakeFiles/IOT.dir/Core/Src/main.c.obj
 .debug_macro   0x00016088       0x22 CMakeFiles/IOT.dir/Core/Src/main.c.obj
 .debug_macro   0x000160aa       0x74 CMakeFiles/IOT.dir/Core/Src/main.c.obj
 .debug_macro   0x0001611e       0x2a CMakeFiles/IOT.dir/Core/Src/main.c.obj
 .debug_macro   0x00016148       0x3c CMakeFiles/IOT.dir/Core/Src/main.c.obj
 .debug_macro   0x00016184       0x34 CMakeFiles/IOT.dir/Core/Src/main.c.obj
 .debug_macro   0x000161b8       0x16 CMakeFiles/IOT.dir/Core/Src/main.c.obj
 .debug_macro   0x000161ce       0x35 CMakeFiles/IOT.dir/Core/Src/main.c.obj
 .debug_macro   0x00016203      0x369 CMakeFiles/IOT.dir/Core/Src/main.c.obj
 .debug_macro   0x0001656c       0x10 CMakeFiles/IOT.dir/Core/Src/main.c.obj
 .debug_macro   0x0001657c       0x16 CMakeFiles/IOT.dir/Core/Src/main.c.obj
 .debug_macro   0x00016592       0x43 CMakeFiles/IOT.dir/Core/Src/main.c.obj
 .debug_macro   0x000165d5       0x34 CMakeFiles/IOT.dir/Core/Src/main.c.obj
 .debug_macro   0x00016609       0x10 CMakeFiles/IOT.dir/Core/Src/main.c.obj
 .debug_macro   0x00016619       0x58 CMakeFiles/IOT.dir/Core/Src/main.c.obj
 .debug_macro   0x00016671      0x1de CMakeFiles/IOT.dir/Core/Src/main.c.obj
 .debug_macro   0x0001684f       0x16 CMakeFiles/IOT.dir/Core/Src/main.c.obj
 .debug_macro   0x00016865       0x16 CMakeFiles/IOT.dir/Core/Src/main.c.obj
 .debug_macro   0x0001687b      0x170 CMakeFiles/IOT.dir/Core/Src/main.c.obj
 .debug_macro   0x000169eb      0x28f CMakeFiles/IOT.dir/Core/Src/stm32f4xx_it.c.obj
 .debug_macro   0x00016c7a      0x214 CMakeFiles/IOT.dir/Core/Src/stm32f4xx_hal_msp.c.obj
 .debug_macro   0x00016e8e      0x206 CMakeFiles/IOT.dir/Drivers/STM32F4xx_HAL_Driver/Src/stm32f4xx_hal_adc.c.obj
 .debug_macro   0x00017094      0x205 CMakeFiles/IOT.dir/Drivers/STM32F4xx_HAL_Driver/Src/stm32f4xx_hal_adc_ex.c.obj
 .debug_macro   0x00017299      0x229 CMakeFiles/IOT.dir/Drivers/STM32F4xx_HAL_Driver/Src/stm32f4xx_hal_rcc.c.obj
 .debug_macro   0x000174c2      0x20b CMakeFiles/IOT.dir/Drivers/STM32F4xx_HAL_Driver/Src/stm32f4xx_hal_gpio.c.obj
 .debug_macro   0x000176cd      0x20b CMakeFiles/IOT.dir/Drivers/STM32F4xx_HAL_Driver/Src/stm32f4xx_hal_dma.c.obj
 .debug_macro   0x000178d8      0x205 CMakeFiles/IOT.dir/Drivers/STM32F4xx_HAL_Driver/Src/stm32f4xx_hal_cortex.c.obj
 .debug_macro   0x00017add      0x265 CMakeFiles/IOT.dir/Drivers/STM32F4xx_HAL_Driver/Src/stm32f4xx_hal.c.obj
 .debug_macro   0x00017d42      0x253 CMakeFiles/IOT.dir/Drivers/STM32F4xx_HAL_Driver/Src/stm32f4xx_hal_i2c.c.obj
 .debug_macro   0x00017f95      0x206 CMakeFiles/IOT.dir/Drivers/STM32F4xx_HAL_Driver/Src/stm32f4xx_hal_tim.c.obj
 .debug_macro   0x0001819b      0x205 CMakeFiles/IOT.dir/Drivers/STM32F4xx_HAL_Driver/Src/stm32f4xx_hal_tim_ex.c.obj
 .debug_macro   0x000183a0      0x205 CMakeFiles/IOT.dir/Core/Src/system_stm32f4xx.c.obj
 .debug_macro   0x000185a5      0x178 CMakeFiles/IOT.dir/Middlewares/Third_Party/FreeRTOS/Source/list.c.obj
 .debug_macro   0x0001871d      0x207 CMakeFiles/IOT.dir/Middlewares/Third_Party/FreeRTOS/Source/queue.c.obj
 .debug_macro   0x00018924       0x16 CMakeFiles/IOT.dir/Middlewares/Third_Party/FreeRTOS/Source/queue.c.obj
 .debug_macro   0x0001893a       0x20 CMakeFiles/IOT.dir/Middlewares/Third_Party/FreeRTOS/Source/queue.c.obj
 .debug_macro   0x0001895a       0x87 CMakeFiles/IOT.dir/Middlewares/Third_Party/FreeRTOS/Source/queue.c.obj
 .debug_macro   0x000189e1      0x270 CMakeFiles/IOT.dir/Middlewares/Third_Party/FreeRTOS/Source/tasks.c.obj
 .debug_macro   0x00018c51       0x10 CMakeFiles/IOT.dir/Middlewares/Third_Party/FreeRTOS/Source/tasks.c.obj
 .debug_macro   0x00018c61      0x1cd CMakeFiles/IOT.dir/Middlewares/Third_Party/FreeRTOS/Source/timers.c.obj
 .debug_macro   0x00018e2e       0x97 CMakeFiles/IOT.dir/Middlewares/Third_Party/FreeRTOS/Source/timers.c.obj
 .debug_macro   0x00018ec5      0x3ed CMakeFiles/IOT.dir/Middlewares/Third_Party/FreeRTOS/Source/CMSIS_RTOS_V2/cmsis_os2.c.obj
 .debug_macro   0x000192b2       0x10 CMakeFiles/IOT.dir/Middlewares/Third_Party/FreeRTOS/Source/CMSIS_RTOS_V2/cmsis_os2.c.obj
 .debug_macro   0x000192c2       0xf5 CMakeFiles/IOT.dir/Middlewares/Third_Party/FreeRTOS/Source/CMSIS_RTOS_V2/cmsis_os2.c.obj
 .debug_macro   0x000193b7       0x8d CMakeFiles/IOT.dir/Middlewares/Third_Party/FreeRTOS/Source/CMSIS_RTOS_V2/cmsis_os2.c.obj
 .debug_macro   0x00019444       0x9a CMakeFiles/IOT.dir/Middlewares/Third_Party/FreeRTOS/Source/CMSIS_RTOS_V2/cmsis_os2.c.obj
 .debug_macro   0x000194de       0x22 CMakeFiles/IOT.dir/Middlewares/Third_Party/FreeRTOS/Source/CMSIS_RTOS_V2/cmsis_os2.c.obj
 .debug_macro   0x00019500       0x56 CMakeFiles/IOT.dir/Middlewares/Third_Party/FreeRTOS/Source/CMSIS_RTOS_V2/cmsis_os2.c.obj
 .debug_macro   0x00019556      0x19f CMakeFiles/IOT.dir/Middlewares/Third_Party/FreeRTOS/Source/portable/MemMang/heap_4.c.obj
 .debug_macro   0x000196f5      0x196 CMakeFiles/IOT.dir/Middlewares/Third_Party/FreeRTOS/Source/portable/GCC/ARM_CM4F/port.c.obj

.debug_line     0x00000000    0x194bd