Archive member included to satisfy reference by file (symbol)

C:/ST/STM32CubeCLT_1.16.0/GNU-tools-for-STM32/bin/../lib/gcc/arm-none-eabi/12.3.1/../../../../arm-none-eabi/lib/thumb/v7e-m+fp/hard\libc_nano.a(libc_a-exit.o)
                              C:/ST/STM32CubeCLT_1.16.0/GNU-tools-for-STM32/bin/../lib/gcc/arm-none-eabi/12.3.1/../../../../arm-none-eabi/lib/thumb/v7e-m+fp/hard/crt0.o (exit)
C:/ST/STM32CubeCLT_1.16.0/GNU-tools-for-STM32/bin/../lib/gcc/arm-none-eabi/12.3.1/../../../../arm-none-eabi/lib/thumb/v7e-m+fp/hard\libc_nano.a(libc_a-findfp.o)
                              C:/ST/STM32CubeCLT_1.16.0/GNU-tools-for-STM32/bin/../lib/gcc/arm-none-eabi/12.3.1/../../../../arm-none-eabi/lib/thumb/v7e-m+fp/hard\libc_nano.a(libc_a-exit.o) (__stdio_exit_handler)
C:/ST/STM32CubeCLT_1.16.0/GNU-tools-for-STM32/bin/../lib/gcc/arm-none-eabi/12.3.1/../../../../arm-none-eabi/lib/thumb/v7e-m+fp/hard\libc_nano.a(libc_a-fwalk.o)
                              C:/ST/STM32CubeCLT_1.16.0/GNU-tools-for-STM32/bin/../lib/gcc/arm-none-eabi/12.3.1/../../../../arm-none-eabi/lib/thumb/v7e-m+fp/hard\libc_nano.a(libc_a-findfp.o) (_fwalk_sglue)
C:/ST/STM32CubeCLT_1.16.0/GNU-tools-for-STM32/bin/../lib/gcc/arm-none-eabi/12.3.1/../../../../arm-none-eabi/lib/thumb/v7e-m+fp/hard\libc_nano.a(libc_a-stdio.o)
                              C:/ST/STM32CubeCLT_1.16.0/GNU-tools-for-STM32/bin/../lib/gcc/arm-none-eabi/12.3.1/../../../../arm-none-eabi/lib/thumb/v7e-m+fp/hard\libc_nano.a(libc_a-findfp.o) (__sread)
C:/ST/STM32CubeCLT_1.16.0/GNU-tools-for-STM32/bin/../lib/gcc/arm-none-eabi/12.3.1/../../../../arm-none-eabi/lib/thumb/v7e-m+fp/hard\libc_nano.a(libc_a-memset.o)
                              C:/ST/STM32CubeCLT_1.16.0/GNU-tools-for-STM32/bin/../lib/gcc/arm-none-eabi/12.3.1/../../../../arm-none-eabi/lib/thumb/v7e-m+fp/hard/crt0.o (memset)
C:/ST/STM32CubeCLT_1.16.0/GNU-tools-for-STM32/bin/../lib/gcc/arm-none-eabi/12.3.1/../../../../arm-none-eabi/lib/thumb/v7e-m+fp/hard\libc_nano.a(libc_a-closer.o)
                              C:/ST/STM32CubeCLT_1.16.0/GNU-tools-for-STM32/bin/../lib/gcc/arm-none-eabi/12.3.1/../../../../arm-none-eabi/lib/thumb/v7e-m+fp/hard\libc_nano.a(libc_a-stdio.o) (_close_r)
C:/ST/STM32CubeCLT_1.16.0/GNU-tools-for-STM32/bin/../lib/gcc/arm-none-eabi/12.3.1/../../../../arm-none-eabi/lib/thumb/v7e-m+fp/hard\libc_nano.a(libc_a-reent.o)
                              C:/ST/STM32CubeCLT_1.16.0/GNU-tools-for-STM32/bin/../lib/gcc/arm-none-eabi/12.3.1/../../../../arm-none-eabi/lib/thumb/v7e-m+fp/hard\libc_nano.a(libc_a-closer.o) (errno)
C:/ST/STM32CubeCLT_1.16.0/GNU-tools-for-STM32/bin/../lib/gcc/arm-none-eabi/12.3.1/../../../../arm-none-eabi/lib/thumb/v7e-m+fp/hard\libc_nano.a(libc_a-impure.o)
                              C:/ST/STM32CubeCLT_1.16.0/GNU-tools-for-STM32/bin/../lib/gcc/arm-none-eabi/12.3.1/../../../../arm-none-eabi/lib/thumb/v7e-m+fp/hard\libc_nano.a(libc_a-reent.o) (_impure_ptr)
C:/ST/STM32CubeCLT_1.16.0/GNU-tools-for-STM32/bin/../lib/gcc/arm-none-eabi/12.3.1/../../../../arm-none-eabi/lib/thumb/v7e-m+fp/hard\libc_nano.a(libc_a-lseekr.o)
                              C:/ST/STM32CubeCLT_1.16.0/GNU-tools-for-STM32/bin/../lib/gcc/arm-none-eabi/12.3.1/../../../../arm-none-eabi/lib/thumb/v7e-m+fp/hard\libc_nano.a(libc_a-stdio.o) (_lseek_r)
C:/ST/STM32CubeCLT_1.16.0/GNU-tools-for-STM32/bin/../lib/gcc/arm-none-eabi/12.3.1/../../../../arm-none-eabi/lib/thumb/v7e-m+fp/hard\libc_nano.a(libc_a-readr.o)
                              C:/ST/STM32CubeCLT_1.16.0/GNU-tools-for-STM32/bin/../lib/gcc/arm-none-eabi/12.3.1/../../../../arm-none-eabi/lib/thumb/v7e-m+fp/hard\libc_nano.a(libc_a-stdio.o) (_read_r)
C:/ST/STM32CubeCLT_1.16.0/GNU-tools-for-STM32/bin/../lib/gcc/arm-none-eabi/12.3.1/../../../../arm-none-eabi/lib/thumb/v7e-m+fp/hard\libc_nano.a(libc_a-writer.o)
                              C:/ST/STM32CubeCLT_1.16.0/GNU-tools-for-STM32/bin/../lib/gcc/arm-none-eabi/12.3.1/../../../../arm-none-eabi/lib/thumb/v7e-m+fp/hard\libc_nano.a(libc_a-stdio.o) (_write_r)
C:/ST/STM32CubeCLT_1.16.0/GNU-tools-for-STM32/bin/../lib/gcc/arm-none-eabi/12.3.1/../../../../arm-none-eabi/lib/thumb/v7e-m+fp/hard\libc_nano.a(libc_a-init.o)
                              C:/ST/STM32CubeCLT_1.16.0/GNU-tools-for-STM32/bin/../lib/gcc/arm-none-eabi/12.3.1/../../../../arm-none-eabi/lib/thumb/v7e-m+fp/hard/crt0.o (__libc_init_array)
C:/ST/STM32CubeCLT_1.16.0/GNU-tools-for-STM32/bin/../lib/gcc/arm-none-eabi/12.3.1/../../../../arm-none-eabi/lib/thumb/v7e-m+fp/hard\libc_nano.a(libc_a-lock.o)
                              C:/ST/STM32CubeCLT_1.16.0/GNU-tools-for-STM32/bin/../lib/gcc/arm-none-eabi/12.3.1/../../../../arm-none-eabi/lib/thumb/v7e-m+fp/hard\libc_nano.a(libc_a-findfp.o) (__retarget_lock_init_recursive)
C:/ST/STM32CubeCLT_1.16.0/GNU-tools-for-STM32/bin/../lib/gcc/arm-none-eabi/12.3.1/../../../../arm-none-eabi/lib/thumb/v7e-m+fp/hard\libc_nano.a(libc_a-freer.o)
[...]
Memory Configuration

Name             Origin             Length             Attributes
RAM              0x20000000         0x00020000         xrw
FLASH            0x08000000         0x00080000         xr
*default*        0x00000000         0xffffffff

Linker script and memory map

LOAD C:/ST/STM32CubeCLT_1.16.0/GNU-tools-for-STM32/bin/../lib/gcc/arm-none-eabi/12.3.1/thumb/v7e-m+fp/hard/crti.o
LOAD C:/ST/STM32CubeCLT_1.16.0/GNU-tools-for-STM32/bin/../lib/gcc/arm-none-eabi/12.3.1/thumb/v7e-m+fp/hard/crtbegin.o
LOAD C:/ST/STM32CubeCLT_1.16.0/GNU-tools-for-STM32/bin/../lib/gcc/arm-none-eabi/12.3.1/../../../../arm-none-eabi/lib/thumb/v7e-m+fp/hard/crt0.o
START GROUP
LOAD C:/ST/STM32CubeCLT_1.16.0/GNU-tools-for-STM32/bin/../lib/gcc/arm-none-eabi/12.3.1/../../../../arm-none-eabi/lib/thumb/v7e-m+fp/hard\libc_nano.a
LOAD C:/ST/STM32CubeCLT_1.16.0/GNU-tools-for-STM32/bin/../lib/gcc/arm-none-eabi/12.3.1/../../../../arm-none-eabi/lib/thumb/v7e-m+fp/hard\libm.a
END GROUP
LOAD CMakeFiles/IOT.dir/Core/Src/main.c.obj
LOAD CMakeFiles/IOT.dir/Core/Src/freertos.c.obj
LOAD CMakeFiles/IOT.dir/Core/Src/stm32f4xx_it.c.obj
LOAD CMakeFiles/IOT.dir/Core/Src/stm32f4xx_hal_msp.c.obj
LOAD CMakeFiles/IOT.dir/Drivers/STM32F4xx_HAL_Driver/Src/stm32f4xx_hal_adc.c.obj
LOAD CMakeFiles/IOT.dir/Drivers/STM32F4xx_HAL_Driver/Src/stm32f4xx_hal_adc_ex.c.obj
LOAD CMakeFiles/IOT.dir/Drivers/STM32F4xx_HAL_Driver/Src/stm32f4xx_ll_adc.c.obj
LOAD CMakeFiles/IOT.dir/Drivers/STM32F4xx_HAL_Driver/Src/stm32f4xx_hal_rcc.c.obj
LOAD CMakeFiles/IOT.dir/Drivers/STM32F4xx_HAL_Driver/Src/stm32f4xx_hal_rcc_ex.c.obj
LOAD CMakeFiles/IOT.dir/Drivers/STM32F4xx_HAL_Driver/Src/stm32f4xx_hal_flash.c.obj
LOAD CMakeFiles/IOT.dir/Drivers/STM32F4xx_HAL_Driver/Src/stm32f4xx_hal_flash_ex.c.obj
LOAD CMakeFiles/IOT.dir/Drivers/STM32F4xx_HAL_Driver/Src/stm32f4xx_hal_flash_ramfunc.c.obj
LOAD CMakeFiles/IOT.dir/Drivers/STM32F4xx_HAL_Driver/Src/stm32f4xx_hal_gpio.c.obj
LOAD CMakeFiles/IOT.dir/Drivers/STM32F4xx_HAL_Driver/Src/stm32f4xx_hal_dma_ex.c.obj
LOAD CMakeFiles/IOT.dir/Drivers/STM32F4xx_HAL_Driver/Src/stm32f4xx_hal_dma.c.obj
LOAD CMakeFiles/IOT.dir/Drivers/STM32F4xx_HAL_Driver/Src/stm32f4xx_hal_pwr.c.obj
LOAD CMakeFiles/IOT.dir/Drivers/STM32F4xx_HAL_Driver/Src/stm32f4xx_hal_pwr_ex.c.obj
LOAD CMakeFiles/IOT.dir/Drivers/STM32F4xx_HAL_Driver/Src/stm32f4xx_hal_cortex.c.obj
LOAD CMakeFiles/IOT.dir/Drivers/STM32F4xx_HAL_Driver/Src/stm32f4xx_hal.c.obj
LOAD CMakeFiles/IOT.dir/Drivers/STM32F4xx_HAL_Driver/Src/stm32f4xx_hal_exti.c.obj
LOAD CMakeFiles/IOT.dir/Drivers/STM32F4xx_HAL_Driver/Src/stm32f4xx_hal_i2c.c.obj
LOAD CMakeFiles/IOT.dir/Drivers/STM32F4xx_HAL_Driver/Src/stm32f4xx_hal_i2c_ex.c.obj
LOAD CMakeFiles/IOT.dir/Drivers/STM32F4xx_HAL_Driver/Src/stm32f4xx_hal_tim.c.obj
LOAD CMakeFiles/IOT.dir/Drivers/STM32F4xx_HAL_Driver/Src/stm32f4xx_hal_tim_ex.c.obj
LOAD CMakeFiles/IOT.dir/Core/Src/system_stm32f4xx.c.obj
LOAD CMakeFiles/IOT.dir/Middlewares/Third_Party/FreeRTOS/Source/croutine.c.obj
LOAD CMakeFiles/IOT.dir/Middlewares/Third_Party/FreeRTOS/Source/event_groups.c.obj
LOAD CMakeFiles/IOT.dir/Middlewares/Third_Party/FreeRTOS/Source/list.c.obj
LOAD CMakeFiles/IOT.dir/Middlewares/Third_Party/FreeRTOS/Source/queue.c.obj
LOAD CMakeFiles/IOT.dir/Middlewares/Third_Party/FreeRTOS/Source/stream_buffer.c.obj
LOAD CMakeFiles/IOT.dir/Middlewares/Third_Party/FreeRTOS/Source/tasks.c.obj
LOAD CMakeFiles/IOT.dir/Middlewares/Third_Party/FreeRTOS/Source/timers.c.obj
LOAD CMakeFiles/IOT.dir/Middlewares/Third_Party/FreeRTOS/Source/CMSIS_RTOS_V2/cmsis_os2.c.obj
LOAD CMakeFiles/IOT.dir/Middlewares/Third_Party/FreeRTOS/Source/portable/MemMang/heap_4.c.obj
LOAD CMakeFiles/IOT.dir/Middlewares/Third_Party/FreeRTOS/Source/portable/GCC/ARM_CM4F/port.c.obj
LOAD CMakeFiles/IOT.dir/Core/Src/sysmem.c.obj
LOAD CMakeFiles/IOT.dir/Core/Src/syscalls.c.obj
LOAD CMakeFiles/IOT.dir/startup_stm32f411xe.s.obj
START GROUP
LOAD C:/ST/STM32CubeCLT_1.16.0/GNU-tools-for-STM32/bin/../lib/gcc/arm-none-eabi/12.3.1/thumb/v7e-m+fp/hard\libgcc.a
LOAD C:/ST/STM32CubeCLT_1.16.0/GNU-tools-for-STM32/bin/../lib/gcc/arm-none-eabi/12.3.1/../../../../arm-none-eabi/lib/thumb/v7e-m+fp/hard\libg_nano.a
LOAD C:/ST/STM32CubeCLT_1.16.0/GNU-tools-for-STM32/bin/../lib/gcc/arm-none-eabi/12.3.1/../../../../arm-none-eabi/lib/thumb/v7e-m+fp/hard\libc_nano.a
END GROUP
START GROUP
LOAD C:/ST/STM32CubeCLT_1.16.0/GNU-tools-for-STM32/bin/../lib/gcc/arm-none-eabi/12.3.1/thumb/v7e-m+fp/hard\libgcc.a
LOAD C:/ST/STM32CubeCLT_1.16.0/GNU-tools-for-STM32/bin/../lib/gcc/arm-none-eabi/12.3.1/../../../../arm-none-eabi/lib/thumb/v7e-m+fp/hard\libc_nano.a
END GROUP
LOAD C:/ST/STM32CubeCLT_1.16.0/GNU-tools-for-STM32/bin/../lib/gcc/arm-none-eabi/12.3.1/thumb/v7e-m+fp/hard/crtend.o
LOAD C:/ST/STM32CubeCLT_1.16.0/GNU-tools-for-STM32/bin/../lib/gcc/arm-none-eabi/12.3.1/thumb/v7e-m+fp/hard/crtn.o
                0x20020000                        _estack = (ORIGIN (RAM) + LENGTH (RAM))
                0x00000200                        _Min_Heap_Size = 0x200
                0x00000400                        _Min_Stack_Size = 0x400

.isr_vector     0x08000000      0x198
                0x08000000                        . = ALIGN (0x4)
 *(.isr_vector)
 .isr_vector    0x08000000      0x198 CMakeFiles/IOT.dir/startup_stm32f411xe.s.obj
                0x08000000                g_pfnVectors
                0x08000198                        . = ALIGN (0x4)

.text           0x080001a0     0x6eb4
                0x080001a0                        . = ALIGN (0x4)
 *(.text)
 .text          0x080001a0       0x40 C:/ST/STM32CubeCLT_1.16.0/GNU-tools-for-STM32/bin/../lib/gcc/arm-none-eabi/12.3.1/thumb/v7e-m+fp/hard/crtbegin.o
 .text          0x080001e0      0x378 C:/ST/STM32CubeCLT_1.16.0/GNU-tools-for-STM32/bin/../lib/gcc/arm-none-eabi/12.3.1/thumb/v7e-m+fp/hard\libgcc.a(_arm_addsubdf3.o)
                0x080001e0                __aeabi_drsub
                0x080001e8                __aeabi_dsub
                0x080001e8                __subdf3
                0x080001ec                __aeabi_dadd
                0x080001ec                __adddf3
                0x08000464                __floatunsidf
                0x08000464                __aeabi_ui2d
                0x08000484                __floatsidf
                0x08000484                __aeabi_i2d
                0x080004a8                __aeabi_f2d
                0x080004a8                __extendsfdf2
                0x080004ec                __floatundidf
                0x080004ec                __aeabi_ul2d
                0x080004fc                __floatdidf
                0x080004fc                __aeabi_l2d
 .text          0x08000558      0x424 C:/ST/STM32CubeCLT_1.16.0/GNU-tools-for-STM32/bin/../lib/gcc/arm-none-eabi/12.3.1/thumb/v7e-m+fp/hard\libgcc.a(_arm_muldivdf3.o)
                0x08000558                __aeabi_dmul
                0x08000558                __muldf3
                0x080007ac                __divdf3
                0x080007ac                __aeabi_ddiv
 .text          0x0800097c       0xa0 C:/ST/STM32CubeCLT_1.16.0/GNU-tools-for-STM32/bin/../lib/gcc/arm-none-eabi/12.3.1/thumb/v7e-m+fp/hard\libgcc.a(_arm_truncdfsf2.o)
                0x0800097c                __truncdfsf2
                0x0800097c                __aeabi_d2f
 .text          0x08000a1c       0x30 C:/ST/STM32CubeCLT_1.16.0/GNU-tools-for-STM32/bin/../lib/gcc/arm-none-eabi/12.3.1/thumb/v7e-m+fp/hard\libgcc.a(_aeabi_uldivmod.o)
                0x08000a1c                __aeabi_uldivmod
 .text          0x08000a4c      0x2bc C:/ST/STM32CubeCLT_1.16.0/GNU-tools-for-STM32/bin/../lib/gcc/arm-none-eabi/12.3.1/thumb/v7e-m+fp/hard\libgcc.a(_udivmoddi4.o)
                0x08000a4c                __udivmoddi4
 .text          0x08000d08        0x4 C:/ST/STM32CubeCLT_1.16.0/GNU-tools-for-STM32/bin/../lib/gcc/arm-none-eabi/12.3.1/thumb/v7e-m+fp/hard\libgcc.a(_dvmd_tls.o)
                0x08000d08                __aeabi_idiv0
                0x08000d08                __aeabi_ldiv0
 *(.text*)
 .text.memset   0x08000d0c       0x10 C:/ST/STM32CubeCLT_1.16.0/GNU-tools-for-STM32/bin/../lib/gcc/arm-none-eabi/12.3.1/../../../../arm-none-eabi/lib/thumb/v7e-m+fp/hard\libc_nano.a(libc_a-memset.o)
                0x08000d0c                memset
 .text.__libc_init_array
                0x08000d1c       0x48 C:/ST/STM32CubeCLT_1.16.0/GNU-tools-for-STM32/bin/../lib/gcc/arm-none-eabi/12.3.1/../../../../arm-none-eabi/lib/thumb/v7e-m+fp/hard\libc_nano.a(libc_a-init.o)
                0x08000d1c                __libc_init_array
 .text.main     0x08000d64       0xec CMakeFiles/IOT.dir/Core/Src/main.c.obj
                0x08000d64                main
 .text.SystemClock_Config
                0x08000e50       0xbc CMakeFiles/IOT.dir/Core/Src/main.c.obj
                0x08000e50                SystemClock_Config
 .text.MX_ADC1_Init
                0x08000f0c       0xc0 CMakeFiles/IOT.dir/Core/Src/main.c.obj
 .text.MX_I2C1_Init
                0x08000fcc       0x5c CMakeFiles/IOT.dir/Core/Src/main.c.obj
 .text.MX_TIM2_Init
                0x08001028       0x9c CMakeFiles/IOT.dir/Core/Src/main.c.obj
 .text.MX_DMA_Init
                0x080010c4       0x40 CMakeFiles/IOT.dir/Core/Src/main.c.obj
 .text.MX_GPIO_Init
                0x08001104       0xf0 CMakeFiles/IOT.dir/Core/Src/main.c.obj
 .text.StartDefaultTask
                0x080011f4       0x10 CMakeFiles/IOT.dir/Core/Src/main.c.obj
                0x080011f4                StartDefaultTask
 .text.StartLEDTask
                0x08001204       0x3c CMakeFiles/IOT.dir/Core/Src/main.c.obj
                0x08001204                StartLEDTask
 .text.StartReleCH1Task
                0x08001240       0x50 CMakeFiles/IOT.dir/Core/Src/main.c.obj
                0x08001240                StartReleCH1Task
 .text.StartTEMPTask
                0x08001290       0xd0 CMakeFiles/IOT.dir/Core/Src/main.c.obj
                0x08001290                StartTEMPTask
 .text.StartReleCH2Task
                0x08001360       0x10 CMakeFiles/IOT.dir/Core/Src/main.c.obj
                0x08001360                StartReleCH2Task
 .text.Error_Handler
                0x08001370        0xc CMakeFiles/IOT.dir/Core/Src/main.c.obj
                0x08001370                Error_Handler
 .text.NMI_Handler
                0x0800137c        0x8 CMakeFiles/IOT.dir/Core/Src/stm32f4xx_it.c.obj
                0x0800137c                NMI_Handler
 .text.HardFault_Handler
                0x08001384        0x8 CMakeFiles/IOT.dir/Core/Src/stm32f4xx_it.c.obj
                0x08001384                HardFault_Handler
 .text.MemManage_Handler
                0x0800138c        0x8 CMakeFiles/IOT.dir/Core/Src/stm32f4xx_it.c.obj
                0x0800138c                MemManage_Handler
 .text.BusFault_Handler
                0x08001394        0x8 CMakeFiles/IOT.dir/Core/Src/stm32f4xx_it.c.obj
                0x08001394                BusFault_Handler
 .text.UsageFault_Handler
                0x0800139c        0x8 CMakeFiles/IOT.dir/Core/Src/stm32f4xx_it.c.obj
                0x0800139c                UsageFault_Handler
 .text.DebugMon_Handler
                0x080013a4        0xe CMakeFiles/IOT.dir/Core/Src/stm32f4xx_it.c.obj
                0x080013a4                DebugMon_Handler
 .text.SysTick_Handler
                0x080013b2       0x1a CMakeFiles/IOT.dir/Core/Src/stm32f4xx_it.c.obj
                0x080013b2                SysTick_Handler
 .text.EXTI0_IRQHandler
                0x080013cc       0x30 CMakeFiles/IOT.dir/Core/Src/stm32f4xx_it.c.obj
                0x080013cc                EXTI0_IRQHandler
 .text.ADC_IRQHandler
                0x080013fc       0x14 CMakeFiles/IOT.dir/Core/Src/stm32f4xx_it.c.obj
                0x080013fc                ADC_IRQHandler
 .text.TIM2_IRQHandler
                0x08001410       0x24 CMakeFiles/IOT.dir/Core/Src/stm32f4xx_it.c.obj
                0x08001410                TIM2_IRQHandler
 .text.DMA2_Stream0_IRQHandler
                0x08001434       0x14 CMakeFiles/IOT.dir/Core/Src/stm32f4xx_it.c.obj
                0x08001434                DMA2_Stream0_IRQHandler
 .text.HAL_ADC_ConvCpltCallback
                0x08001448       0x50 CMakeFiles/IOT.dir/Core/Src/stm32f4xx_it.c.obj
                0x08001448                HAL_ADC_ConvCpltCallback
 .text.HAL_MspInit
                0x08001498       0x58 CMakeFiles/IOT.dir/Core/Src/stm32f4xx_hal_msp.c.obj
                0x08001498                HAL_MspInit
 .text.HAL_ADC_MspInit
                0x080014f0      0x100 CMakeFiles/IOT.dir/Core/Src/stm32f4xx_hal_msp.c.obj
                0x080014f0                HAL_ADC_MspInit
 .text.HAL_I2C_MspInit
                0x080015f0       0x90 CMakeFiles/IOT.dir/Core/Src/stm32f4xx_hal_msp.c.obj
                0x080015f0                HAL_I2C_MspInit
 .text.HAL_TIM_Base_MspInit
                0x08001680       0x4c CMakeFiles/IOT.dir/Core/Src/stm32f4xx_hal_msp.c.obj
                0x08001680                HAL_TIM_Base_MspInit
 .text.HAL_ADC_Init
                0x080016cc       0x86 CMakeFiles/IOT.dir/Drivers/STM32F4xx_HAL_Driver/Src/stm32f4xx_hal_adc.c.obj
                0x080016cc                HAL_ADC_Init
 .text.HAL_ADC_IRQHandler
                0x08001752      0x220 CMakeFiles/IOT.dir/Drivers/STM32F4xx_HAL_Driver/Src/stm32f4xx_hal_adc.c.obj
                0x08001752                HAL_ADC_IRQHandler
 *fill*         0x08001972        0x2 
 .text.HAL_ADC_Start_DMA
                0x08001974      0x1e0 CMakeFiles/IOT.dir/Drivers/STM32F4xx_HAL_Driver/Src/stm32f4xx_hal_adc.c.obj
                0x08001974                HAL_ADC_Start_DMA
 .text.HAL_ADC_GetValue
                0x08001b54       0x1a CMakeFiles/IOT.dir/Drivers/STM32F4xx_HAL_Driver/Src/stm32f4xx_hal_adc.c.obj
                0x08001b54                HAL_ADC_GetValue
 .text.HAL_ADC_ConvHalfCpltCallback
                0x08001b6e       0x14 CMakeFiles/IOT.dir/Drivers/STM32F4xx_HAL_Driver/Src/stm32f4xx_hal_adc.c.obj
                0x08001b6e                HAL_ADC_ConvHalfCpltCallback
 .text.HAL_ADC_LevelOutOfWindowCallback
                0x08001b82       0x14 CMakeFiles/IOT.dir/Drivers/STM32F4xx_HAL_Driver/Src/stm32f4xx_hal_adc.c.obj
                0x08001b82                HAL_ADC_LevelOutOfWindowCallback
 .text.HAL_ADC_ErrorCallback
                0x08001b96       0x14 CMakeFiles/IOT.dir/Drivers/STM32F4xx_HAL_Driver/Src/stm32f4xx_hal_adc.c.obj
                0x08001b96                HAL_ADC_ErrorCallback
 *fill*         0x08001baa        0x2 
 .text.HAL_ADC_ConfigChannel
                0x08001bac      0x264 CMakeFiles/IOT.dir/Drivers/STM32F4xx_HAL_Driver/Src/stm32f4xx_hal_adc.c.obj
                0x08001bac                HAL_ADC_ConfigChannel
 .text.ADC_Init
                0x08001e10      0x1f8 CMakeFiles/IOT.dir/Drivers/STM32F4xx_HAL_Driver/Src/stm32f4xx_hal_adc.c.obj
 .text.ADC_DMAConvCplt
                0x08002008       0xba CMakeFiles/IOT.dir/Drivers/STM32F4xx_HAL_Driver/Src/stm32f4xx_hal_adc.c.obj
 .text.ADC_DMAHalfConvCplt
                0x080020c2       0x1c CMakeFiles/IOT.dir/Drivers/STM32F4xx_HAL_Driver/Src/stm32f4xx_hal_adc.c.obj
 .text.ADC_DMAError
                0x080020de       0x2e CMakeFiles/IOT.dir/Drivers/STM32F4xx_HAL_Driver/Src/stm32f4xx_hal_adc.c.obj
 .text.HAL_ADCEx_InjectedConvCpltCallback
                0x0800210c       0x14 CMakeFiles/IOT.dir/Drivers/STM32F4xx_HAL_Driver/Src/stm32f4xx_hal_adc_ex.c.obj
                0x0800210c                HAL_ADCEx_InjectedConvCpltCallback
 .text.HAL_RCC_OscConfig
                0x08002120      0x4f0 CMakeFiles/IOT.dir/Drivers/STM32F4xx_HAL_Driver/Src/stm32f4xx_hal_rcc.c.obj
                0x08002120                HAL_RCC_OscConfig
 .text.HAL_RCC_ClockConfig
                0x08002610      0x1cc CMakeFiles/IOT.dir/Drivers/STM32F4xx_HAL_Driver/Src/stm32f4xx_hal_rcc.c.obj
                0x08002610                HAL_RCC_ClockConfig
 .text.HAL_RCC_GetSysClockFreq
                0x080027dc      0x18c CMakeFiles/IOT.dir/Drivers/STM32F4xx_HAL_Driver/Src/stm32f4xx_hal_rcc.c.obj
                0x080027dc                HAL_RCC_GetSysClockFreq
 .text.HAL_RCC_GetHCLKFreq
                0x08002968       0x18 CMakeFiles/IOT.dir/Drivers/STM32F4xx_HAL_Driver/Src/stm32f4xx_hal_rcc.c.obj
                0x08002968                HAL_RCC_GetHCLKFreq
 .text.HAL_RCC_GetPCLK1Freq
                0x08002980       0x28 CMakeFiles/IOT.dir/Drivers/STM32F4xx_HAL_Driver/Src/stm32f4xx_hal_rcc.c.obj
                0x08002980                HAL_RCC_GetPCLK1Freq
 .text.HAL_GPIO_Init
                0x080029a8      0x308 CMakeFiles/IOT.dir/Drivers/STM32F4xx_HAL_Driver/Src/stm32f4xx_hal_gpio.c.obj
                0x080029a8                HAL_GPIO_Init
 .text.HAL_GPIO_WritePin
                0x08002cb0       0x32 CMakeFiles/IOT.dir/Drivers/STM32F4xx_HAL_Driver/Src/stm32f4xx_hal_gpio.c.obj
                0x08002cb0                HAL_GPIO_WritePin
 *fill*         0x08002ce2        0x2 
 .text.HAL_GPIO_EXTI_IRQHandler
                0x08002ce4       0x30 CMakeFiles/IOT.dir/Drivers/STM32F4xx_HAL_Driver/Src/stm32f4xx_hal_gpio.c.obj
                0x08002ce4                HAL_GPIO_EXTI_IRQHandler
 .text.HAL_GPIO_EXTI_Callback
                0x08002d14       0x16 CMakeFiles/IOT.dir/Drivers/STM32F4xx_HAL_Driver/Src/stm32f4xx_hal_gpio.c.obj
                0x08002d14                HAL_GPIO_EXTI_Callback
 *fill*         0x08002d2a        0x2 
 .text.HAL_DMA_Init
                0x08002d2c      0x15c CMakeFiles/IOT.dir/Drivers/STM32F4xx_HAL_Driver/Src/stm32f4xx_hal_dma.c.obj
                0x08002d2c                HAL_DMA_Init
 .text.HAL_DMA_Start_IT
                0x08002e88       0xb0 CMakeFiles/IOT.dir/Drivers/STM32F4xx_HAL_Driver/Src/stm32f4xx_hal_dma.c.obj
                0x08002e88                HAL_DMA_Start_IT
 .text.HAL_DMA_IRQHandler
                0x08002f38      0x314 CMakeFiles/IOT.dir/Drivers/STM32F4xx_HAL_Driver/Src/stm32f4xx_hal_dma.c.obj
                0x08002f38                HAL_DMA_IRQHandler
 .text.DMA_SetConfig
                0x0800324c       0x5c CMakeFiles/IOT.dir/Drivers/STM32F4xx_HAL_Driver/Src/stm32f4xx_hal_dma.c.obj
 .text.DMA_CalcBaseAndBitshift
                0x080032a8       0x6c CMakeFiles/IOT.dir/Drivers/STM32F4xx_HAL_Driver/Src/stm32f4xx_hal_dma.c.obj
 .text.DMA_CheckFifoParam
                0x08003314       0xf8 CMakeFiles/IOT.dir/Drivers/STM32F4xx_HAL_Driver/Src/stm32f4xx_hal_dma.c.obj
 .text.__NVIC_SetPriorityGrouping
                0x0800340c       0x48 CMakeFiles/IOT.dir/Drivers/STM32F4xx_HAL_Driver/Src/stm32f4xx_hal_cortex.c.obj
 .text.__NVIC_GetPriorityGrouping
                0x08003454       0x1c CMakeFiles/IOT.dir/Drivers/STM32F4xx_HAL_Driver/Src/stm32f4xx_hal_cortex.c.obj
 .text.__NVIC_EnableIRQ
                0x08003470       0x3c CMakeFiles/IOT.dir/Drivers/STM32F4xx_HAL_Driver/Src/stm32f4xx_hal_cortex.c.obj
 .text.__NVIC_SetPriority
                0x080034ac       0x54 CMakeFiles/IOT.dir/Drivers/STM32F4xx_HAL_Driver/Src/stm32f4xx_hal_cortex.c.obj
 .text.NVIC_EncodePriority
                0x08003500       0x66 CMakeFiles/IOT.dir/Drivers/STM32F4xx_HAL_Driver/Src/stm32f4xx_hal_cortex.c.obj
 *fill*         0x08003566        0x2 
 .text.SysTick_Config
                0x08003568       0x44 CMakeFiles/IOT.dir/Drivers/STM32F4xx_HAL_Driver/Src/stm32f4xx_hal_cortex.c.obj
 .text.HAL_NVIC_SetPriorityGrouping
                0x080035ac       0x16 CMakeFiles/IOT.dir/Drivers/STM32F4xx_HAL_Driver/Src/stm32f4xx_hal_cortex.c.obj
                0x080035ac                HAL_NVIC_SetPriorityGrouping
 .text.HAL_NVIC_SetPriority
                0x080035c2       0x38 CMakeFiles/IOT.dir/Drivers/STM32F4xx_HAL_Driver/Src/stm32f4xx_hal_cortex.c.obj
                0x080035c2                HAL_NVIC_SetPriority
 .text.HAL_NVIC_EnableIRQ
                0x080035fa       0x1c CMakeFiles/IOT.dir/Drivers/STM32F4xx_HAL_Driver/Src/stm32f4xx_hal_cortex.c.obj
                0x080035fa                HAL_NVIC_EnableIRQ
 .text.HAL_SYSTICK_Config
                0x08003616       0x18 CMakeFiles/IOT.dir/Drivers/STM32F4xx_HAL_Driver/Src/stm32f4xx_hal_cortex.c.obj
                0x08003616                HAL_SYSTICK_Config
 *fill*         0x0800362e        0x2 
 .text.HAL_Init
                0x08003630       0x44 CMakeFiles/IOT.dir/Drivers/STM32F4xx_HAL_Driver/Src/stm32f4xx_hal.c.obj
                0x08003630                HAL_Init
 .text.HAL_InitTick
                0x08003674       0x60 CMakeFiles/IOT.dir/Drivers/STM32F4xx_HAL_Driver/Src/stm32f4xx_hal.c.obj
                0x08003674                HAL_InitTick
 .text.HAL_IncTick
                0x080036d4       0x28 CMakeFiles/IOT.dir/Drivers/STM32F4xx_HAL_Driver/Src/stm32f4xx_hal.c.obj
                0x080036d4                HAL_IncTick
 .text.HAL_GetTick
                0x080036fc       0x18 CMakeFiles/IOT.dir/Drivers/STM32F4xx_HAL_Driver/Src/stm32f4xx_hal.c.obj
                0x080036fc                HAL_GetTick
 .text.HAL_I2C_Init
                0x08003714      0x288 CMakeFiles/IOT.dir/Drivers/STM32F4xx_HAL_Driver/Src/stm32f4xx_hal_i2c.c.obj
                0x08003714                HAL_I2C_Init
 .text.HAL_TIM_Base_Init
                0x0800399c       0x9e CMakeFiles/IOT.dir/Drivers/STM32F4xx_HAL_Driver/Src/stm32f4xx_hal_tim.c.obj
                0x0800399c                HAL_TIM_Base_Init
 *fill*         0x08003a3a        0x2 
 .text.HAL_TIM_Base_Start_IT
                0x08003a3c       0xc4 CMakeFiles/IOT.dir/Drivers/STM32F4xx_HAL_Driver/Src/stm32f4xx_hal_tim.c.obj
                0x08003a3c                HAL_TIM_Base_Start_IT
 .text.HAL_TIM_IRQHandler
                0x08003b00      0x1e0 CMakeFiles/IOT.dir/Drivers/STM32F4xx_HAL_Driver/Src/stm32f4xx_hal_tim.c.obj
                0x08003b00                HAL_TIM_IRQHandler
 .text.HAL_TIM_ConfigClockSource
                0x08003ce0      0x18e CMakeFiles/IOT.dir/Drivers/STM32F4xx_HAL_Driver/Src/stm32f4xx_hal_tim.c.obj
                0x08003ce0                HAL_TIM_ConfigClockSource
 .text.HAL_TIM_PeriodElapsedCallback
                0x08003e6e       0x14 CMakeFiles/IOT.dir/Drivers/STM32F4xx_HAL_Driver/Src/stm32f4xx_hal_tim.c.obj
                0x08003e6e                HAL_TIM_PeriodElapsedCallback
 .text.HAL_TIM_OC_DelayElapsedCallback
                0x08003e82       0x14 CMakeFiles/IOT.dir/Drivers/STM32F4xx_HAL_Driver/Src/stm32f4xx_hal_tim.c.obj
                0x08003e82                HAL_TIM_OC_DelayElapsedCallback
 .text.HAL_TIM_IC_CaptureCallback
                0x08003e96       0x14 CMakeFiles/IOT.dir/Drivers/STM32F4xx_HAL_Driver/Src/stm32f4xx_hal_tim.c.obj
                0x08003e96                HAL_TIM_IC_CaptureCallback
 .text.HAL_TIM_PWM_PulseFinishedCallback
                0x08003eaa       0x14 CMakeFiles/IOT.dir/Drivers/STM32F4xx_HAL_Driver/Src/stm32f4xx_hal_tim.c.obj
                0x08003eaa                HAL_TIM_PWM_PulseFinishedCallback
 .text.HAL_TIM_TriggerCallback
                0x08003ebe       0x14 CMakeFiles/IOT.dir/Drivers/STM32F4xx_HAL_Driver/Src/stm32f4xx_hal_tim.c.obj
                0x08003ebe                HAL_TIM_TriggerCallback
 *fill*         0x08003ed2        0x2 
 .text.TIM_Base_SetConfig
                0x08003ed4      0x118 CMakeFiles/IOT.dir/Drivers/STM32F4xx_HAL_Driver/Src/stm32f4xx_hal_tim.c.obj
                0x08003ed4                TIM_Base_SetConfig
 .text.TIM_TI1_ConfigInputStage
                0x08003fec       0x5e CMakeFiles/IOT.dir/Drivers/STM32F4xx_HAL_Driver/Src/stm32f4xx_hal_tim.c.obj
 .text.TIM_TI2_ConfigInputStage
                0x0800404a       0x60 CMakeFiles/IOT.dir/Drivers/STM32F4xx_HAL_Driver/Src/stm32f4xx_hal_tim.c.obj
 .text.TIM_ITRx_SetConfig
                0x080040aa       0x36 CMakeFiles/IOT.dir/Drivers/STM32F4xx_HAL_Driver/Src/stm32f4xx_hal_tim.c.obj
 .text.TIM_ETR_SetConfig
                0x080040e0       0x40 CMakeFiles/IOT.dir/Drivers/STM32F4xx_HAL_Driver/Src/stm32f4xx_hal_tim.c.obj
                0x080040e0                TIM_ETR_SetConfig
 .text.HAL_TIMEx_MasterConfigSynchronization
                0x08004120       0xdc CMakeFiles/IOT.dir/Drivers/STM32F4xx_HAL_Driver/Src/stm32f4xx_hal_tim_ex.c.obj
                0x08004120                HAL_TIMEx_MasterConfigSynchronization
 .text.HAL_TIMEx_CommutCallback
                0x080041fc       0x14 CMakeFiles/IOT.dir/Drivers/STM32F4xx_HAL_Driver/Src/stm32f4xx_hal_tim_ex.c.obj
                0x080041fc                HAL_TIMEx_CommutCallback
 .text.HAL_TIMEx_BreakCallback
                0x08004210       0x14 CMakeFiles/IOT.dir/Drivers/STM32F4xx_HAL_Driver/Src/stm32f4xx_hal_tim_ex.c.obj
                0x08004210                HAL_TIMEx_BreakCallback
 .text.SystemInit
                0x08004224       0x24 CMakeFiles/IOT.dir/Core/Src/system_stm32f4xx.c.obj
                0x08004224                SystemInit
 .text.vListInitialise
                0x08004248       0x40 CMakeFiles/IOT.dir/Middlewares/Third_Party/FreeRTOS/Source/list.c.obj
                0x08004248                vListInitialise
 .text.vListInitialiseItem
                0x08004288       0x1a CMakeFiles/IOT.dir/Middlewares/Third_Party/FreeRTOS/Source/list.c.obj
                0x08004288                vListInitialiseItem
 .text.vListInsertEnd
                0x080042a2       0x48 CMakeFiles/IOT.dir/Middlewares/Third_Party/FreeRTOS/Source/list.c.obj
                0x080042a2                vListInsertEnd
 .text.vListInsert
                0x080042ea       0x72 CMakeFiles/IOT.dir/Middlewares/Third_Party/FreeRTOS/Source/list.c.obj
                0x080042ea                vListInsert
 .text.uxListRemove
                0x0800435c       0x54 CMakeFiles/IOT.dir/Middlewares/Third_Party/FreeRTOS/Source/list.c.obj
                0x0800435c                uxListRemove
 .text.xQueueGenericReset
                0x080043b0       0xd4 CMakeFiles/IOT.dir/Middlewares/Third_Party/FreeRTOS/Source/queue.c.obj
                0x080043b0                xQueueGenericReset
 .text.xQueueGenericCreateStatic
                0x08004484       0xfa CMakeFiles/IOT.dir/Middlewares/Third_Party/FreeRTOS/Source/queue.c.obj
                0x08004484                xQueueGenericCreateStatic
 .text.xQueueGenericCreate
                0x0800457e       0x76 CMakeFiles/IOT.dir/Middlewares/Third_Party/FreeRTOS/Source/queue.c.obj
                0x0800457e                xQueueGenericCreate
 .text.prvInitialiseNewQueue
                0x080045f4       0x46 CMakeFiles/IOT.dir/Middlewares/Third_Party/FreeRTOS/Source/queue.c.obj
 .text.prvInitialiseMutex
                0x0800463a       0x34 CMakeFiles/IOT.dir/Middlewares/Third_Party/FreeRTOS/Source/queue.c.obj
 .text.xQueueCreateMutex
                0x0800466e       0x30 CMakeFiles/IOT.dir/Middlewares/Third_Party/FreeRTOS/Source/queue.c.obj
                0x0800466e                xQueueCreateMutex
 .text.xQueueCreateMutexStatic
                0x0800469e       0x36 CMakeFiles/IOT.dir/Middlewares/Third_Party/FreeRTOS/Source/queue.c.obj
                0x0800469e                xQueueCreateMutexStatic
 .text.xQueueGenericSend
                0x080046d4      0x204 CMakeFiles/IOT.dir/Middlewares/Third_Party/FreeRTOS/Source/queue.c.obj
                0x080046d4                xQueueGenericSend
 .text.xQueueGenericSendFromISR
                0x080048d8      0x13c CMakeFiles/IOT.dir/Middlewares/Third_Party/FreeRTOS/Source/queue.c.obj
                0x080048d8                xQueueGenericSendFromISR
 .text.xQueueReceive
                0x08004a14      0x1c4 CMakeFiles/IOT.dir/Middlewares/Third_Party/FreeRTOS/Source/queue.c.obj
                0x08004a14                xQueueReceive
 .text.prvCopyDataToQueue
                0x08004bd8       0xd4 CMakeFiles/IOT.dir/Middlewares/Third_Party/FreeRTOS/Source/queue.c.obj
 .text.prvCopyDataFromQueue
                0x08004cac       0x4c CMakeFiles/IOT.dir/Middlewares/Third_Party/FreeRTOS/Source/queue.c.obj
 .text.prvUnlockQueue
                0x08004cf8       0xa4 CMakeFiles/IOT.dir/Middlewares/Third_Party/FreeRTOS/Source/queue.c.obj
 .text.prvIsQueueEmpty
                0x08004d9c       0x2c CMakeFiles/IOT.dir/Middlewares/Third_Party/FreeRTOS/Source/queue.c.obj
 .text.prvIsQueueFull
                0x08004dc8       0x30 CMakeFiles/IOT.dir/Middlewares/Third_Party/FreeRTOS/Source/queue.c.obj
 .text.vQueueAddToRegistry
                0x08004df8       0x54 CMakeFiles/IOT.dir/Middlewares/Third_Party/FreeRTOS/Source/queue.c.obj
                0x08004df8                vQueueAddToRegistry
 .text.vQueueWaitForMessageRestricted
                0x08004e4c       0x68 CMakeFiles/IOT.dir/Middlewares/Third_Party/FreeRTOS/Source/queue.c.obj
                0x08004e4c                vQueueWaitForMessageRestricted
 .text.xTaskCreateStatic
                0x08004eb4       0xc0 CMakeFiles/IOT.dir/Middlewares/Third_Party/FreeRTOS/Source/tasks.c.obj
                0x08004eb4                xTaskCreateStatic
 .text.xTaskCreate
                0x08004f74       0x8a CMakeFiles/IOT.dir/Middlewares/Third_Party/FreeRTOS/Source/tasks.c.obj
                0x08004f74                xTaskCreate
 .text.prvInitialiseNewTask
                0x08004ffe      0x120 CMakeFiles/IOT.dir/Middlewares/Third_Party/FreeRTOS/Source/tasks.c.obj
 *fill*         0x0800511e        0x2 
 .text.prvAddNewTaskToReadyList
                0x08005120       0xe0 CMakeFiles/IOT.dir/Middlewares/Third_Party/FreeRTOS/Source/tasks.c.obj
 .text.vTaskDelay
                0x08005200       0x6c CMakeFiles/IOT.dir/Middlewares/Third_Party/FreeRTOS/Source/tasks.c.obj
                0x08005200                vTaskDelay
 .text.vTaskStartScheduler
                0x0800526c       0xd0 CMakeFiles/IOT.dir/Middlewares/Third_Party/FreeRTOS/Source/tasks.c.obj
                0x0800526c                vTaskStartScheduler
 .text.vTaskSuspendAll
                0x0800533c       0x1c CMakeFiles/IOT.dir/Middlewares/Third_Party/FreeRTOS/Source/tasks.c.obj
                0x0800533c                vTaskSuspendAll
 .text.xTaskResumeAll
                0x08005358      0x13c CMakeFiles/IOT.dir/Middlewares/Third_Party/FreeRTOS/Source/tasks.c.obj
                0x08005358                xTaskResumeAll
 .text.xTaskGetTickCount
                0x08005494       0x20 CMakeFiles/IOT.dir/Middlewares/Third_Party/FreeRTOS/Source/tasks.c.obj
                0x08005494                xTaskGetTickCount
 .text.xTaskIncrementTick
                0x080054b4      0x174 CMakeFiles/IOT.dir/Middlewares/Third_Party/FreeRTOS/Source/tasks.c.obj
                0x080054b4                xTaskIncrementTick
 .text.vTaskSwitchContext
                0x08005628       0xbc CMakeFiles/IOT.dir/Middlewares/Third_Party/FreeRTOS/Source/tasks.c.obj
                0x08005628                vTaskSwitchContext
 .text.vTaskPlaceOnEventList
                0x080056e4       0x4c CMakeFiles/IOT.dir/Middlewares/Third_Party/FreeRTOS/Source/tasks.c.obj
                0x080056e4                vTaskPlaceOnEventList
 .text.vTaskPlaceOnEventListRestricted
                0x08005730       0x58 CMakeFiles/IOT.dir/Middlewares/Third_Party/FreeRTOS/Source/tasks.c.obj
                0x08005730                vTaskPlaceOnEventListRestricted
 .text.xTaskRemoveFromEventList
                0x08005788       0xc8 CMakeFiles/IOT.dir/Middlewares/Third_Party/FreeRTOS/Source/tasks.c.obj
                0x08005788                xTaskRemoveFromEventList
 .text.vTaskInternalSetTimeOutState
                0x08005850       0x2c CMakeFiles/IOT.dir/Middlewares/Third_Party/FreeRTOS/Source/tasks.c.obj
                0x08005850                vTaskInternalSetTimeOutState
 .text.xTaskCheckForTimeOut
                0x0800587c       0xc8 CMakeFiles/IOT.dir/Middlewares/Third_Party/FreeRTOS/Source/tasks.c.obj
                0x0800587c                xTaskCheckForTimeOut
 .text.vTaskMissedYield
                0x08005944       0x18 CMakeFiles/IOT.dir/Middlewares/Third_Party/FreeRTOS/Source/tasks.c.obj
                0x08005944                vTaskMissedYield
 .text.prvIdleTask
                0x0800595c       0x30 CMakeFiles/IOT.dir/Middlewares/Third_Party/FreeRTOS/Source/tasks.c.obj
 .text.prvInitialiseTaskLists
                0x0800598c       0x80 CMakeFiles/IOT.dir/Middlewares/Third_Party/FreeRTOS/Source/tasks.c.obj
 .text.prvCheckTasksWaitingTermination
                0x08005a0c       0x5c CMakeFiles/IOT.dir/Middlewares/Third_Party/FreeRTOS/Source/tasks.c.obj
 .text.prvDeleteTCB
                0x08005a68       0x60 CMakeFiles/IOT.dir/Middlewares/Third_Party/FreeRTOS/Source/tasks.c.obj
 .text.prvResetNextTaskUnblockTime
                0x08005ac8       0x40 CMakeFiles/IOT.dir/Middlewares/Third_Party/FreeRTOS/Source/tasks.c.obj
 .text.xTaskGetSchedulerState
                0x08005b08       0x3c CMakeFiles/IOT.dir/Middlewares/Third_Party/FreeRTOS/Source/tasks.c.obj
                0x08005b08                xTaskGetSchedulerState
 .text.xTaskPriorityDisinherit
                0x08005b44       0xe0 CMakeFiles/IOT.dir/Middlewares/Third_Party/FreeRTOS/Source/tasks.c.obj
                0x08005b44                xTaskPriorityDisinherit
 .text.prvAddCurrentTaskToDelayedList
                0x08005c24       0xa8 CMakeFiles/IOT.dir/Middlewares/Third_Party/FreeRTOS/Source/tasks.c.obj
 .text.xTimerCreateTimerTask
                0x08005ccc       0x94 CMakeFiles/IOT.dir/Middlewares/Third_Party/FreeRTOS/Source/timers.c.obj
                0x08005ccc                xTimerCreateTimerTask
 .text.xTimerGenericCommand
                0x08005d60       0x9c CMakeFiles/IOT.dir/Middlewares/Third_Party/FreeRTOS/Source/timers.c.obj
                0x08005d60                xTimerGenericCommand
 .text.prvProcessExpiredTimer
                0x08005dfc       0x9c CMakeFiles/IOT.dir/Middlewares/Third_Party/FreeRTOS/Source/timers.c.obj
 .text.prvTimerTask
                0x08005e98       0x26 CMakeFiles/IOT.dir/Middlewares/Third_Party/FreeRTOS/Source/timers.c.obj
 *fill*         0x08005ebe        0x2 
 .text.prvProcessTimerOrBlockTask
                0x08005ec0       0x9c CMakeFiles/IOT.dir/Middlewares/Third_Party/FreeRTOS/Source/timers.c.obj
 .text.prvGetNextExpireTime
                0x08005f5c       0x48 CMakeFiles/IOT.dir/Middlewares/Third_Party/FreeRTOS/Source/timers.c.obj
 .text.prvSampleTimeNow
                0x08005fa4       0x40 CMakeFiles/IOT.dir/Middlewares/Third_Party/FreeRTOS/Source/timers.c.obj
 .text.prvInsertTimerInActiveList
                0x08005fe4       0x84 CMakeFiles/IOT.dir/Middlewares/Third_Party/FreeRTOS/Source/timers.c.obj
 .text.prvProcessReceivedCommands
                0x08006068      0x1cc CMakeFiles/IOT.dir/Middlewares/Third_Party/FreeRTOS/Source/timers.c.obj
 .text.prvSwitchTimerLists
                0x08006234       0xcc CMakeFiles/IOT.dir/Middlewares/Third_Party/FreeRTOS/Source/timers.c.obj
 .text.prvCheckForValidListAndQueue
                0x08006300       0x80 CMakeFiles/IOT.dir/Middlewares/Third_Party/FreeRTOS/Source/timers.c.obj
 .text.__NVIC_SetPriority
                0x08006380       0x54 CMakeFiles/IOT.dir/Middlewares/Third_Party/FreeRTOS/Source/CMSIS_RTOS_V2/cmsis_os2.c.obj
 .text.SVC_Setup
                0x080063d4       0x12 CMakeFiles/IOT.dir/Middlewares/Third_Party/FreeRTOS/Source/CMSIS_RTOS_V2/cmsis_os2.c.obj
 *fill*         0x080063e6        0x2 
 .text.osKernelInitialize
                0x080063e8       0x48 CMakeFiles/IOT.dir/Middlewares/Third_Party/FreeRTOS/Source/CMSIS_RTOS_V2/cmsis_os2.c.obj
                0x080063e8                osKernelInitialize
 .text.osKernelStart
                0x08006430       0x4c CMakeFiles/IOT.dir/Middlewares/Third_Party/FreeRTOS/Source/CMSIS_RTOS_V2/cmsis_os2.c.obj
                0x08006430                osKernelStart
 .text.osThreadNew
                0x0800647c      0x124 CMakeFiles/IOT.dir/Middlewares/Third_Party/FreeRTOS/Source/CMSIS_RTOS_V2/cmsis_os2.c.obj
                0x0800647c                osThreadNew
 .text.osDelay  0x080065a0       0x36 CMakeFiles/IOT.dir/Middlewares/Third_Party/FreeRTOS/Source/CMSIS_RTOS_V2/cmsis_os2.c.obj
                0x080065a0                osDelay
 .text.osMutexNew
                0x080065d6      0x10c CMakeFiles/IOT.dir/Middlewares/Third_Party/FreeRTOS/Source/CMSIS_RTOS_V2/cmsis_os2.c.obj
                0x080065d6                osMutexNew
 *fill*         0x080066e2        0x2 
 .text.vApplicationGetIdleTaskMemory
                0x080066e4       0x34 CMakeFiles/IOT.dir/Middlewares/Third_Party/FreeRTOS/Source/CMSIS_RTOS_V2/cmsis_os2.c.obj
                0x080066e4                vApplicationGetIdleTaskMemory
 .text.vApplicationGetTimerTaskMemory
                0x08006718       0x34 CMakeFiles/IOT.dir/Middlewares/Third_Party/FreeRTOS/Source/CMSIS_RTOS_V2/cmsis_os2.c.obj
                0x08006718                vApplicationGetTimerTaskMemory
 .text.pvPortMalloc
                0x0800674c      0x19c CMakeFiles/IOT.dir/Middlewares/Third_Party/FreeRTOS/Source/portable/MemMang/heap_4.c.obj
                0x0800674c                pvPortMalloc
 .text.vPortFree
                0x080068e8       0xc8 CMakeFiles/IOT.dir/Middlewares/Third_Party/FreeRTOS/Source/portable/MemMang/heap_4.c.obj
                0x080068e8                vPortFree
 .text.prvHeapInit
                0x080069b0       0xc4 CMakeFiles/IOT.dir/Middlewares/Third_Party/FreeRTOS/Source/portable/MemMang/heap_4.c.obj
 .text.prvInsertBlockIntoFreeList
                0x08006a74       0xb4 CMakeFiles/IOT.dir/Middlewares/Third_Party/FreeRTOS/Source/portable/MemMang/heap_4.c.obj
 .text.pxPortInitialiseStack
                0x08006b28       0x68 CMakeFiles/IOT.dir/Middlewares/Third_Party/FreeRTOS/Source/portable/GCC/ARM_CM4F/port.c.obj
                0x08006b28                pxPortInitialiseStack
 .text.prvTaskExitError
                0x08006b90       0x5c CMakeFiles/IOT.dir/Middlewares/Third_Party/FreeRTOS/Source/portable/GCC/ARM_CM4F/port.c.obj
 *fill*         0x08006bec        0x4 
 .text.SVC_Handler
                0x08006bf0       0x28 CMakeFiles/IOT.dir/Middlewares/Third_Party/FreeRTOS/Source/portable/GCC/ARM_CM4F/port.c.obj
                0x08006bf0                SVC_Handler
 .text.prvPortStartFirstTask
                0x08006c18       0x28 CMakeFiles/IOT.dir/Middlewares/Third_Party/FreeRTOS/Source/portable/GCC/ARM_CM4F/port.c.obj
 .text.xPortStartScheduler
                0x08006c40      0x148 CMakeFiles/IOT.dir/Middlewares/Third_Party/FreeRTOS/Source/portable/GCC/ARM_CM4F/port.c.obj
                0x08006c40                xPortStartScheduler
 .text.vPortEnterCritical
                0x08006d88       0x64 CMakeFiles/IOT.dir/Middlewares/Third_Party/FreeRTOS/Source/portable/GCC/ARM_CM4F/port.c.obj
                0x08006d88                vPortEnterCritical
 .text.vPortExitCritical
                0x08006dec       0x54 CMakeFiles/IOT.dir/Middlewares/Third_Party/FreeRTOS/Source/portable/GCC/ARM_CM4F/port.c.obj
                0x08006dec                vPortExitCritical
 .text.PendSV_Handler
                0x08006e40       0x68 CMakeFiles/IOT.dir/Middlewares/Third_Party/FreeRTOS/Source/portable/GCC/ARM_CM4F/port.c.obj
                0x08006e40                PendSV_Handler
 .text.xPortSysTickHandler
                0x08006ea8       0x44 CMakeFiles/IOT.dir/Middlewares/Third_Party/FreeRTOS/Source/portable/GCC/ARM_CM4F/port.c.obj
                0x08006ea8                xPortSysTickHandler
 .text.vPortSetupTimerInterrupt
                0x08006eec       0x48 CMakeFiles/IOT.dir/Middlewares/Third_Party/FreeRTOS/Source/portable/GCC/ARM_CM4F/port.c.obj
                0x08006eec                vPortSetupTimerInterrupt
 .text.vPortEnableVFP
                0x08006f34       0x14 CMakeFiles/IOT.dir/Middlewares/Third_Party/FreeRTOS/Source/portable/GCC/ARM_CM4F/port.c.obj
 .text.vPortValidateInterruptPriority
                0x08006f48       0x84 CMakeFiles/IOT.dir/Middlewares/Third_Party/FreeRTOS/Source/portable/GCC/ARM_CM4F/port.c.obj
                0x08006f48                vPortValidateInterruptPriority
 .text.Reset_Handler
                0x08006fcc       0x50 CMakeFiles/IOT.dir/startup_stm32f411xe.s.obj
                0x08006fcc                Reset_Handler
 .text.Default_Handler
                0x0800701c        0x2 CMakeFiles/IOT.dir/startup_stm32f411xe.s.obj
                0x0800701c                RTC_Alarm_IRQHandler
                0x0800701c                EXTI2_IRQHandler
                0x0800701c                SPI4_IRQHandler
                0x0800701c                TIM1_CC_IRQHandler
                0x0800701c                DMA2_Stream5_IRQHandler
                0x0800701c                DMA1_Stream5_IRQHandler
                0x0800701c                PVD_IRQHandler
                0x0800701c                SDIO_IRQHandler
                0x0800701c                TAMP_STAMP_IRQHandler
                0x0800701c                EXTI3_IRQHandler
                0x0800701c                TIM1_UP_TIM10_IRQHandler
                0x0800701c                I2C3_ER_IRQHandler
                0x0800701c                I2C2_EV_IRQHandler
                0x0800701c                DMA1_Stream2_IRQHandler
                0x0800701c                FPU_IRQHandler
                0x0800701c                DMA2_Stream2_IRQHandler
                0x0800701c                SPI1_IRQHandler
                0x0800701c                TIM1_BRK_TIM9_IRQHandler
                0x0800701c                DMA2_Stream3_IRQHandler
                0x0800701c                USART6_IRQHandler
                0x0800701c                TIM4_IRQHandler
                0x0800701c                I2C1_EV_IRQHandler
                0x0800701c                DMA1_Stream6_IRQHandler
                0x0800701c                DMA1_Stream1_IRQHandler
                0x0800701c                TIM3_IRQHandler
                0x0800701c                RCC_IRQHandler
                0x0800701c                Default_Handler
                0x0800701c                EXTI15_10_IRQHandler
                0x0800701c                DMA1_Stream7_IRQHandler
                0x0800701c                SPI5_IRQHandler
                0x0800701c                TIM5_IRQHandler
                0x0800701c                DMA2_Stream7_IRQHandler
                0x0800701c                I2C3_EV_IRQHandler
                0x0800701c                EXTI9_5_IRQHandler
                0x0800701c                RTC_WKUP_IRQHandler
                0x0800701c                SPI2_IRQHandler
                0x0800701c                DMA1_Stream0_IRQHandler
                0x0800701c                EXTI4_IRQHandler
                0x0800701c                WWDG_IRQHandler
                0x0800701c                OTG_FS_WKUP_IRQHandler
                0x0800701c                TIM1_TRG_COM_TIM11_IRQHandler
                0x0800701c                EXTI1_IRQHandler
                0x0800701c                USART2_IRQHandler
                0x0800701c                I2C2_ER_IRQHandler
                0x0800701c                DMA2_Stream1_IRQHandler
                0x0800701c                FLASH_IRQHandler
                0x0800701c                DMA2_Stream4_IRQHandler
                0x0800701c                USART1_IRQHandler
                0x0800701c                OTG_FS_IRQHandler
                0x0800701c                SPI3_IRQHandler
                0x0800701c                DMA1_Stream4_IRQHandler
                0x0800701c                I2C1_ER_IRQHandler
                0x0800701c                DMA2_Stream6_IRQHandler
                0x0800701c                DMA1_Stream3_IRQHandler
 .text.memcpy   0x0800701e       0x1c C:/ST/STM32CubeCLT_1.16.0/GNU-tools-for-STM32/bin/../lib/gcc/arm-none-eabi/12.3.1/../../../../arm-none-eabi/lib/thumb/v7e-m+fp/hard\libg_nano.a(libc_a-memcpy-stub.o)
                0x0800701e                memcpy
 *(.glue_7)
 .glue_7        0x0800703a        0x0 linker stubs
 *(.glue_7t)
 .glue_7t       0x0800703a        0x0 linker stubs
 *(.eh_frame)
 *fill*         0x0800703a        0x2 
 .eh_frame      0x0800703c        0x0 C:/ST/STM32CubeCLT_1.16.0/GNU-tools-for-STM32/bin/../lib/gcc/arm-none-eabi/12.3.1/thumb/v7e-m+fp/hard/crtbegin.o
 *(.init)
 .init          0x0800703c        0x4 C:/ST/STM32CubeCLT_1.16.0/GNU-tools-for-STM32/bin/../lib/gcc/arm-none-eabi/12.3.1/thumb/v7e-m+fp/hard/crti.o
                0x0800703c                _init
 .init          0x08007040        0x8 C:/ST/STM32CubeCLT_1.16.0/GNU-tools-for-STM32/bin/../lib/gcc/arm-none-eabi/12.3.1/thumb/v7e-m+fp/hard/crtn.o
 *(.fini)
 .fini          0x08007048        0x4 C:/ST/STM32CubeCLT_1.16.0/GNU-tools-for-STM32/bin/../lib/gcc/arm-none-eabi/12.3.1/thumb/v7e-m+fp/hard/crti.o
                0x08007048                _fini
 .fini          0x0800704c        0x8 C:/ST/STM32CubeCLT_1.16.0/GNU-tools-for-STM32/bin/../lib/gcc/arm-none-eabi/12.3.1/thumb/v7e-m+fp/hard/crtn.o
                0x08007054                        . = ALIGN (0x4)
                0x08007054                        _etext = .

.vfp11_veneer   0x08007054        0x0
 .vfp11_veneer  0x08007054        0x0 linker stubs

.v4_bx          0x08007054        0x0
 .v4_bx         0x08007054        0x0 linker stubs

.iplt           0x08007054        0x0
 .iplt          0x08007054        0x0 C:/ST/STM32CubeCLT_1.16.0/GNU-tools-for-STM32/bin/../lib/gcc/arm-none-eabi/12.3.1/thumb/v7e-m+fp/hard/crtbegin.o

.rodata         0x08007054      0x164
                0x08007054                        . = ALIGN (0x4)
 *(.rodata)
 .rodata        0x08007054       0x55 CMakeFiles/IOT.dir/Core/Src/main.c.obj
 *fill*         0x080070a9        0x3 
 .rodata        0x080070ac        0x5 CMakeFiles/IOT.dir/Middlewares/Third_Party/FreeRTOS/Source/tasks.c.obj
 *fill*         0x080070b1        0x3 
 .rodata        0x080070b4        0xd CMakeFiles/IOT.dir/Middlewares/Third_Party/FreeRTOS/Source/timers.c.obj
 *(.rodata*)
 *fill*         0x080070c1        0x3 
 .rodata.defaultTask_attributes
                0x080070c4       0x24 CMakeFiles/IOT.dir/Core/Src/main.c.obj
                0x080070c4                defaultTask_attributes
 .rodata.LEDTask_attributes
                0x080070e8       0x24 CMakeFiles/IOT.dir/Core/Src/main.c.obj
                0x080070e8                LEDTask_attributes
 .rodata.ReleCH1Task_attributes
                0x0800710c       0x24 CMakeFiles/IOT.dir/Core/Src/main.c.obj
                0x0800710c                ReleCH1Task_attributes
 .rodata.TEMPTask_attributes
                0x08007130       0x24 CMakeFiles/IOT.dir/Core/Src/main.c.obj
                0x08007130                TEMPTask_attributes
 .rodata.ReleCH2Task_attributes
                0x08007154       0x24 CMakeFiles/IOT.dir/Core/Src/main.c.obj
                0x08007154                ReleCH2Task_attributes
 .rodata.SensorAMutex_attributes
                0x08007178       0x10 CMakeFiles/IOT.dir/Core/Src/main.c.obj
                0x08007178                SensorAMutex_attributes
 .rodata.SensorBMutex_attributes
                0x08007188       0x10 CMakeFiles/IOT.dir/Core/Src/main.c.obj
                0x08007188                SensorBMutex_attributes
 .rodata.flagBitshiftOffset.0
                0x08007198        0x8 CMakeFiles/IOT.dir/Drivers/STM32F4xx_HAL_Driver/Src/stm32f4xx_hal_dma.c.obj
 .rodata.AHBPrescTable
                0x080071a0       0x10 CMakeFiles/IOT.dir/Core/Src/system_stm32f4xx.c.obj
                0x080071a0                AHBPrescTable
 .rodata.APBPrescTable
                0x080071b0        0x8 CMakeFiles/IOT.dir/Core/Src/system_stm32f4xx.c.obj
                0x080071b0                APBPrescTable
                0x080071b8                        . = ALIGN (0x4)

.ARM.extab
 *(.ARM.extab* .gnu.linkonce.armextab.*)

.ARM            0x080071b8        0x8
                0x080071b8                        __exidx_start = .
 *(.ARM.exidx*)
 .ARM.exidx     0x080071b8        0x8 C:/ST/STM32CubeCLT_1.16.0/GNU-tools-for-STM32/bin/../lib/gcc/arm-none-eabi/12.3.1/thumb/v7e-m+fp/hard\libgcc.a(_udivmoddi4.o)
                0x080071c0                        __exidx_end = .

.rel.dyn        0x080071c0        0x0
 .rel.iplt      0x080071c0        0x0 C:/ST/STM32CubeCLT_1.16.0/GNU-tools-for-STM32/bin/../lib/gcc/arm-none-eabi/12.3.1/thumb/v7e-m+fp/hard/crtbegin.o

.preinit_array  0x080071c0        0x0
                0x080071c0                        PROVIDE (__preinit_array_start = .)
 *(.preinit_array*)
                0x080071c0                        PROVIDE (__preinit_array_end = .)

.init_array     0x080071c0        0x4
                0x080071c0                        PROVIDE (__init_array_start = .)
 *(SORT_BY_NAME(.init_array.*))
 *(.init_array*)
 .init_array    0x080071c0        0x4 C:/ST/STM32CubeCLT_1.16.0/GNU-tools-for-STM32/bin/../lib/gcc/arm-none-eabi/12.3.1/thumb/v7e-m+fp/hard/crtbegin.o
                0x080071c4                        PROVIDE (__init_array_end = .)

.fini_array     0x080071c4        0x4
                [!provide]                        PROVIDE (__fini_array_start = .)
 *(SORT_BY_NAME(.fini_array.*))
 *(.fini_array*)
 .fini_array    0x080071c4        0x4 C:/ST/STM32CubeCLT_1.16.0/GNU-tools-for-STM32/bin/../lib/gcc/arm-none-eabi/12.3.1/thumb/v7e-m+fp/hard/crtbegin.o
                [!provide]                        PROVIDE (__fini_array_end = .)
                0x080071c8                        _sidata = LOADADDR (.data)

.data           0x20000000       0x10 load address 0x080071c8
                0x20000000                        . = ALIGN (0x4)
                0x20000000                        _sdata = .
 *(.data)
 *(.data*)
 .data.uwTickPrio
                0x20000000        0x4 CMakeFiles/IOT.dir/Drivers/STM32F4xx_HAL_Driver/Src/stm32f4xx_hal.c.obj
                0x20000000                uwTickPrio
 .data.uwTickFreq
                0x20000004        0x1 CMakeFiles/IOT.dir/Drivers/STM32F4xx_HAL_Driver/Src/stm32f4xx_hal.c.obj
                0x20000004                uwTickFreq
 *fill*         0x20000005        0x3 
 .data.SystemCoreClock
                0x20000008        0x4 CMakeFiles/IOT.dir/Core/Src/system_stm32f4xx.c.obj
                0x20000008                SystemCoreClock
 .data.uxCriticalNesting
                0x2000000c        0x4 CMakeFiles/IOT.dir/Middlewares/Third_Party/FreeRTOS/Source/portable/GCC/ARM_CM4F/port.c.obj
                0x20000010                        . = ALIGN (0x4)
                0x20000010                        _edata = .

.igot.plt       0x20000010        0x0 load address 0x080071d8
 .igot.plt      0x20000010        0x0 C:/ST/STM32CubeCLT_1.16.0/GNU-tools-for-STM32/bin/../lib/gcc/arm-none-eabi/12.3.1/thumb/v7e-m+fp/hard/crtbegin.o
                0x20000010                        . = ALIGN (0x4)

.bss            0x20000010     0x4b00 load address 0x080071d8
                0x20000010                        _sbss = .
                0x20000010                        __bss_start__ = _sbss
 *(.bss)
 .bss           0x20000010       0x1c C:/ST/STM32CubeCLT_1.16.0/GNU-tools-for-STM32/bin/../lib/gcc/arm-none-eabi/12.3.1/thumb/v7e-m+fp/hard/crtbegin.o
 *(.bss*)
 .bss.hadc1     0x2000002c       0x48 CMakeFiles/IOT.dir/Core/Src/main.c.obj
                0x2000002c                hadc1
 .bss.hdma_adc1
                0x20000074       0x60 CMakeFiles/IOT.dir/Core/Src/main.c.obj
                0x20000074                hdma_adc1
 .bss.hi2c1     0x200000d4       0x54 CMakeFiles/IOT.dir/Core/Src/main.c.obj
                0x200000d4                hi2c1
 .bss.htim2     0x20000128       0x48 CMakeFiles/IOT.dir/Core/Src/main.c.obj
                0x20000128                htim2
 .bss.defaultTaskHandle
                0x20000170        0x4 CMakeFiles/IOT.dir/Core/Src/main.c.obj
                0x20000170                defaultTaskHandle
 .bss.LEDTaskHandle
                0x20000174        0x4 CMakeFiles/IOT.dir/Core/Src/main.c.obj
                0x20000174                LEDTaskHandle
 .bss.ReleCH1TaskHandle
                0x20000178        0x4 CMakeFiles/IOT.dir/Core/Src/main.c.obj
                0x20000178                ReleCH1TaskHandle
 .bss.TEMPTaskHandle
                0x2000017c        0x4 CMakeFiles/IOT.dir/Core/Src/main.c.obj
                0x2000017c                TEMPTaskHandle
 .bss.ReleCH2TaskHandle
                0x20000180        0x4 CMakeFiles/IOT.dir/Core/Src/main.c.obj
                0x20000180                ReleCH2TaskHandle
 .bss.SensorAMutexHandle
                0x20000184        0x4 CMakeFiles/IOT.dir/Core/Src/main.c.obj
                0x20000184                SensorAMutexHandle
 .bss.SensorBMutexHandle
                0x20000188        0x4 CMakeFiles/IOT.dir/Core/Src/main.c.obj
                0x20000188                SensorBMutexHandle
 .bss.BLUELED   0x2000018c        0x1 CMakeFiles/IOT.dir/Core/Src/main.c.obj
                0x2000018c                BLUELED
 *fill*         0x2000018d        0x3 
 .bss.LDRSENSOR
                0x20000190        0x4 CMakeFiles/IOT.dir/Core/Src/main.c.obj
                0x20000190                LDRSENSOR
 .bss.temperature
                0x20000194        0x4 CMakeFiles/IOT.dir/Core/Src/main.c.obj
                0x20000194                temperature
 .bss.AD_RES_BUFFER
                0x20000198       0x10 CMakeFiles/IOT.dir/Core/Src/main.c.obj
                0x20000198                AD_RES_BUFFER
 .bss.ADC1IN1   0x200001a8        0x2 CMakeFiles/IOT.dir/Core/Src/main.c.obj
                0x200001a8                ADC1IN1
 .bss.ADC1IN7   0x200001aa        0x2 CMakeFiles/IOT.dir/Core/Src/main.c.obj
                0x200001aa                ADC1IN7
 .bss.ADC1IN3   0x200001ac        0x2 CMakeFiles/IOT.dir/Core/Src/main.c.obj
                0x200001ac                ADC1IN3
 .bss.ADC1IN4   0x200001ae        0x2 CMakeFiles/IOT.dir/Core/Src/main.c.obj
                0x200001ae                ADC1IN4
 .bss.DiffA     0x200001b0        0x2 CMakeFiles/IOT.dir/Core/Src/main.c.obj
                0x200001b0                DiffA
 *fill*         0x200001b2        0x2 
 .bss.voltage2  0x200001b4        0x4 CMakeFiles/IOT.dir/Core/Src/main.c.obj
                0x200001b4                voltage2
 .bss.sensorA   0x200001b8        0x4 CMakeFiles/IOT.dir/Core/Src/main.c.obj
                0x200001b8                sensorA
 .bss.uwTick    0x200001bc        0x4 CMakeFiles/IOT.dir/Drivers/STM32F4xx_HAL_Driver/Src/stm32f4xx_hal.c.obj
                0x200001bc                uwTick
 .bss.xQueueRegistry
                0x200001c0       0x40 CMakeFiles/IOT.dir/Middlewares/Third_Party/FreeRTOS/Source/queue.c.obj
                0x200001c0                xQueueRegistry
 .bss.pxCurrentTCB
                0x20000200        0x4 CMakeFiles/IOT.dir/Middlewares/Third_Party/FreeRTOS/Source/tasks.c.obj
                0x20000200                pxCurrentTCB
 .bss.pxReadyTasksLists
                0x20000204      0x460 CMakeFiles/IOT.dir/Middlewares/Third_Party/FreeRTOS/Source/tasks.c.obj
 .bss.xDelayedTaskList1
                0x20000664       0x14 CMakeFiles/IOT.dir/Middlewares/Third_Party/FreeRTOS/Source/tasks.c.obj
 .bss.xDelayedTaskList2
                0x20000678       0x14 CMakeFiles/IOT.dir/Middlewares/Third_Party/FreeRTOS/Source/tasks.c.obj
 .bss.pxDelayedTaskList
                0x2000068c        0x4 CMakeFiles/IOT.dir/Middlewares/Third_Party/FreeRTOS/Source/tasks.c.obj
 .bss.pxOverflowDelayedTaskList
                0x20000690        0x4 CMakeFiles/IOT.dir/Middlewares/Third_Party/FreeRTOS/Source/tasks.c.obj
 .bss.xPendingReadyList
                0x20000694       0x14 CMakeFiles/IOT.dir/Middlewares/Third_Party/FreeRTOS/Source/tasks.c.obj
 .bss.xTasksWaitingTermination
                0x200006a8       0x14 CMakeFiles/IOT.dir/Middlewares/Third_Party/FreeRTOS/Source/tasks.c.obj
 .bss.uxDeletedTasksWaitingCleanUp
                0x200006bc        0x4 CMakeFiles/IOT.dir/Middlewares/Third_Party/FreeRTOS/Source/tasks.c.obj
 .bss.xSuspendedTaskList
                0x200006c0       0x14 CMakeFiles/IOT.dir/Middlewares/Third_Party/FreeRTOS/Source/tasks.c.obj
 .bss.uxCurrentNumberOfTasks
                0x200006d4        0x4 CMakeFiles/IOT.dir/Middlewares/Third_Party/FreeRTOS/Source/tasks.c.obj
 .bss.xTickCount
                0x200006d8        0x4 CMakeFiles/IOT.dir/Middlewares/Third_Party/FreeRTOS/Source/tasks.c.obj
 .bss.uxTopReadyPriority
                0x200006dc        0x4 CMakeFiles/IOT.dir/Middlewares/Third_Party/FreeRTOS/Source/tasks.c.obj
 .bss.xSchedulerRunning
                0x200006e0        0x4 CMakeFiles/IOT.dir/Middlewares/Third_Party/FreeRTOS/Source/tasks.c.obj
 .bss.xPendedTicks
                0x200006e4        0x4 CMakeFiles/IOT.dir/Middlewares/Third_Party/FreeRTOS/Source/tasks.c.obj
 .bss.xYieldPending
                0x200006e8        0x4 CMakeFiles/IOT.dir/Middlewares/Third_Party/FreeRTOS/Source/tasks.c.obj
 .bss.xNumOfOverflows
                0x200006ec        0x4 CMakeFiles/IOT.dir/Middlewares/Third_Party/FreeRTOS/Source/tasks.c.obj
 .bss.uxTaskNumber
                0x200006f0        0x4 CMakeFiles/IOT.dir/Middlewares/Third_Party/FreeRTOS/Source/tasks.c.obj
 .bss.xNextTaskUnblockTime
                0x200006f4        0x4 CMakeFiles/IOT.dir/Middlewares/Third_Party/FreeRTOS/Source/tasks.c.obj
 .bss.xIdleTaskHandle
                0x200006f8        0x4 CMakeFiles/IOT.dir/Middlewares/Third_Party/FreeRTOS/Source/tasks.c.obj
 .bss.uxSchedulerSuspended
                0x200006fc        0x4 CMakeFiles/IOT.dir/Middlewares/Third_Party/FreeRTOS/Source/tasks.c.obj
 .bss.xActiveTimerList1
                0x20000700       0x14 CMakeFiles/IOT.dir/Middlewares/Third_Party/FreeRTOS/Source/timers.c.obj
 .bss.xActiveTimerList2
                0x20000714       0x14 CMakeFiles/IOT.dir/Middlewares/Third_Party/FreeRTOS/Source/timers.c.obj
 .bss.pxCurrentTimerList
                0x20000728        0x4 CMakeFiles/IOT.dir/Middlewares/Third_Party/FreeRTOS/Source/timers.c.obj
 .bss.pxOverflowTimerList
                0x2000072c        0x4 CMakeFiles/IOT.dir/Middlewares/Third_Party/FreeRTOS/Source/timers.c.obj
 .bss.xTimerQueue
                0x20000730        0x4 CMakeFiles/IOT.dir/Middlewares/Third_Party/FreeRTOS/Source/timers.c.obj
 .bss.xTimerTaskHandle
                0x20000734        0x4 CMakeFiles/IOT.dir/Middlewares/Third_Party/FreeRTOS/Source/timers.c.obj
 .bss.xLastTime.2
                0x20000738        0x4 CMakeFiles/IOT.dir/Middlewares/Third_Party/FreeRTOS/Source/timers.c.obj
 .bss.ucStaticTimerQueueStorage.1
                0x2000073c       0xa0 CMakeFiles/IOT.dir/Middlewares/Third_Party/FreeRTOS/Source/timers.c.obj
 .bss.xStaticTimerQueue.0
                0x200007dc       0x50 CMakeFiles/IOT.dir/Middlewares/Third_Party/FreeRTOS/Source/timers.c.obj
 .bss.KernelState
                0x2000082c        0x4 CMakeFiles/IOT.dir/Middlewares/Third_Party/FreeRTOS/Source/CMSIS_RTOS_V2/cmsis_os2.c.obj
 .bss.Idle_TCB.3
                0x20000830       0x5c CMakeFiles/IOT.dir/Middlewares/Third_Party/FreeRTOS/Source/CMSIS_RTOS_V2/cmsis_os2.c.obj
 .bss.Idle_Stack.2
                0x2000088c      0x200 CMakeFiles/IOT.dir/Middlewares/Third_Party/FreeRTOS/Source/CMSIS_RTOS_V2/cmsis_os2.c.obj
 .bss.Timer_TCB.1
                0x20000a8c       0x5c CMakeFiles/IOT.dir/Middlewares/Third_Party/FreeRTOS/Source/CMSIS_RTOS_V2/cmsis_os2.c.obj
 .bss.Timer_Stack.0
                0x20000ae8      0x400 CMakeFiles/IOT.dir/Middlewares/Third_Party/FreeRTOS/Source/CMSIS_RTOS_V2/cmsis_os2.c.obj
 .bss.ucHeap    0x20000ee8     0x3c00 CMakeFiles/IOT.dir/Middlewares/Third_Party/FreeRTOS/Source/portable/MemMang/heap_4.c.obj
 .bss.xStart    0x20004ae8        0x8 CMakeFiles/IOT.dir/Middlewares/Third_Party/FreeRTOS/Source/portable/MemMang/heap_4.c.obj
 .bss.pxEnd     0x20004af0        0x4 CMakeFiles/IOT.dir/Middlewares/Third_Party/FreeRTOS/Source/portable/MemMang/heap_4.c.obj
 .bss.xFreeBytesRemaining
                0x20004af4        0x4 CMakeFiles/IOT.dir/Middlewares/Third_Party/FreeRTOS/Source/portable/MemMang/heap_4.c.obj
 .bss.xMinimumEverFreeBytesRemaining
                0x20004af8        0x4 CMakeFiles/IOT.dir/Middlewares/Third_Party/FreeRTOS/Source/portable/MemMang/heap_4.c.obj
 .bss.xNumberOfSuccessfulAllocations
                0x20004afc        0x4 CMakeFiles/IOT.dir/Middlewares/Third_Party/FreeRTOS/Source/portable/MemMang/heap_4.c.obj
 .bss.xNumberOfSuccessfulFrees
                0x20004b00        0x4 CMakeFiles/IOT.dir/Middlewares/Third_Party/FreeRTOS/Source/portable/MemMang/heap_4.c.obj
 .bss.xBlockAllocatedBit
                0x20004b04        0x4 CMakeFiles/IOT.dir/Middlewares/Third_Party/FreeRTOS/Source/portable/MemMang/heap_4.c.obj
 .bss.ucMaxSysCallPriority
                0x20004b08        0x1 CMakeFiles/IOT.dir/Middlewares/Third_Party/FreeRTOS/Source/portable/GCC/ARM_CM4F/port.c.obj
 *fill*         0x20004b09        0x3 
 .bss.ulMaxPRIGROUPValue
                0x20004b0c        0x4 CMakeFiles/IOT.dir/Middlewares/Third_Party/FreeRTOS/Source/portable/GCC/ARM_CM4F/port.c.obj
 *(COMMON)
                0x20004b10                        . = ALIGN (0x4)
                0x20004b10                        _ebss = .
                0x20004b10                        __bss_end__ = _ebss

._user_heap_stack
                0x20004b10      0x600 load address 0x080071d8
                0x20004b10                        . = ALIGN (0x8)
                [!provide]                        PROVIDE (end = .)
                0x20004b10                        PROVIDE (_end = .)
                0x20004d10                        . = (. + _Min_Heap_Size)
 *fill*         0x20004b10      0x200 
                0x20005110                        . = (. + _Min_Stack_Size)
 *fill*         0x20004d10      0x400 
                0x20005110                        . = ALIGN (0x8)

/DISCARD/
 libc.a(*)
 libm.a(*)
 libgcc.a(*)
OUTPUT(IOT.elf elf32-littlearm)
LOAD linker stubs
LOAD C:/ST/STM32CubeCLT_1.16.0/GNU-tools-for-STM32/bin/../lib/gcc/arm-none-eabi/12.3.1/../../../../arm-none-eabi/lib/thumb/v7e-m+fp/hard\libc.a
LOAD C:/ST/STM32CubeCLT_1.16.0/GNU-tools-for-STM32/bin/../lib/gcc/arm-none-eabi/12.3.1/../../../../arm-none-eabi/lib/thumb/v7e-m+fp/hard\libm.a
LOAD C:/ST/STM32CubeCLT_1.16.0/GNU-tools-for-STM32/bin/../lib/gcc/arm-none-eabi/12.3.1/thumb/v7e-m+fp/hard\libgcc.a

.ARM.attributes
                0x00000000       0x30
 .ARM.attributes
                0x00000000       0x22 C:/ST/STM32CubeCLT_1.16.0/GNU-tools-for-STM32/bin/../lib/gcc/arm-none-eabi/12.3.1/thumb/v7e-m+fp/hard/crti.o
 .ARM.attributes
                0x00000022       0x34 C:/ST/STM32CubeCLT_1.16.0/GNU-tools-for-STM32/bin/../lib/gcc/arm-none-eabi/12.3.1/thumb/v7e-m+fp/hard/crtbegin.o
 .ARM.attributes
                0x00000056       0x34 C:/ST/STM32CubeCLT_1.16.0/GNU-tools-for-STM32/bin/../lib/gcc/arm-none-eabi/12.3.1/../../../../arm-none-eabi/lib/thumb/v7e-m+fp/hard\libc_nano.a(libc_a-memset.o)
 .ARM.attributes
                0x0000008a       0x34 C:/ST/STM32CubeCLT_1.16.0/GNU-tools-for-STM32/bin/../lib/gcc/arm-none-eabi/12.3.1/../../../../arm-none-eabi/lib/thumb/v7e-m+fp/hard\libc_nano.a(libc_a-init.o)
 .ARM.attributes
                0x000000be       0x34 CMakeFiles/IOT.dir/Core/Src/main.c.obj
 .ARM.attributes
                0x000000f2       0x34 CMakeFiles/IOT.dir/Core/Src/stm32f4xx_it.c.obj
 .ARM.attributes
                0x00000126       0x34 CMakeFiles/IOT.dir/Core/Src/stm32f4xx_hal_msp.c.obj
 .ARM.attributes
                0x0000015a       0x34 CMakeFiles/IOT.dir/Drivers/STM32F4xx_HAL_Driver/Src/stm32f4xx_hal_adc.c.obj
 .ARM.attributes
                0x0000018e       0x34 CMakeFiles/IOT.dir/Drivers/STM32F4xx_HAL_Driver/Src/stm32f4xx_hal_adc_ex.c.obj
 .ARM.attributes
                0x000001c2       0x34 CMakeFiles/IOT.dir/Drivers/STM32F4xx_HAL_Driver/Src/stm32f4xx_hal_rcc.c.obj
 .ARM.attributes
                0x000001f6       0x34 CMakeFiles/IOT.dir/Drivers/STM32F4xx_HAL_Driver/Src/stm32f4xx_hal_gpio.c.obj
 .ARM.attributes
                0x0000022a       0x34 CMakeFiles/IOT.dir/Drivers/STM32F4xx_HAL_Driver/Src/stm32f4xx_hal_dma.c.obj
 .ARM.attributes
                0x0000025e       0x34 CMakeFiles/IOT.dir/Drivers/STM32F4xx_HAL_Driver/Src/stm32f4xx_hal_cortex.c.obj
 .ARM.attributes
                0x00000292       0x34 CMakeFiles/IOT.dir/Drivers/STM32F4xx_HAL_Driver/Src/stm32f4xx_hal.c.obj
 .ARM.attributes
                0x000002c6       0x34 CMakeFiles/IOT.dir/Drivers/STM32F4xx_HAL_Driver/Src/stm32f4xx_hal_i2c.c.obj
 .ARM.attributes
                0x000002fa       0x34 CMakeFiles/IOT.dir/Drivers/STM32F4xx_HAL_Driver/Src/stm32f4xx_hal_tim.c.obj
 .ARM.attributes
                0x0000032e       0x34 CMakeFiles/IOT.dir/Drivers/STM32F4xx_HAL_Driver/Src/stm32f4xx_hal_tim_ex.c.obj
 .ARM.attributes
                0x00000362       0x34 CMakeFiles/IOT.dir/Core/Src/system_stm32f4xx.c.obj
 .ARM.attributes
                0x00000396       0x34 CMakeFiles/IOT.dir/Middlewares/Third_Party/FreeRTOS/Source/list.c.obj
 .ARM.attributes
                0x000003ca       0x34 CMakeFiles/IOT.dir/Middlewares/Third_Party/FreeRTOS/Source/queue.c.obj
 .ARM.attributes
                0x000003fe       0x34 CMakeFiles/IOT.dir/Middlewares/Third_Party/FreeRTOS/Source/tasks.c.obj
 .ARM.attributes
                0x00000432       0x34 CMakeFiles/IOT.dir/Middlewares/Third_Party/FreeRTOS/Source/timers.c.obj
 .ARM.attributes
                0x00000466       0x34 CMakeFiles/IOT.dir/Middlewares/Third_Party/FreeRTOS/Source/CMSIS_RTOS_V2/cmsis_os2.c.obj
 .ARM.attributes
                0x0000049a       0x34 CMakeFiles/IOT.dir/Middlewares/Third_Party/FreeRTOS/Source/portable/MemMang/heap_4.c.obj
 .ARM.attributes
                0x000004ce       0x34 CMakeFiles/IOT.dir/Middlewares/Third_Party/FreeRTOS/Source/portable/GCC/ARM_CM4F/port.c.obj
 .ARM.attributes
                0x00000502       0x21 CMakeFiles/IOT.dir/startup_stm32f411xe.s.obj
 .ARM.attributes
                0x00000523       0x22 C:/ST/STM32CubeCLT_1.16.0/GNU-tools-for-STM32/bin/../lib/gcc/arm-none-eabi/12.3.1/thumb/v7e-m+fp/hard\libgcc.a(_arm_addsubdf3.o)
 .ARM.attributes
                0x00000545       0x22 C:/ST/STM32CubeCLT_1.16.0/GNU-tools-for-STM32/bin/../lib/gcc/arm-none-eabi/12.3.1/thumb/v7e-m+fp/hard\libgcc.a(_arm_muldivdf3.o)
 .ARM.attributes
                0x00000567       0x22 C:/ST/STM32CubeCLT_1.16.0/GNU-tools-for-STM32/bin/../lib/gcc/arm-none-eabi/12.3.1/thumb/v7e-m+fp/hard\libgcc.a(_arm_truncdfsf2.o)
 .ARM.attributes
                0x00000589       0x22 C:/ST/STM32CubeCLT_1.16.0/GNU-tools-for-STM32/bin/../lib/gcc/arm-none-eabi/12.3.1/thumb/v7e-m+fp/hard\libgcc.a(_aeabi_uldivmod.o)
 .ARM.attributes
                0x000005ab       0x34 C:/ST/STM32CubeCLT_1.16.0/GNU-tools-for-STM32/bin/../lib/gcc/arm-none-eabi/12.3.1/thumb/v7e-m+fp/hard\libgcc.a(_udivmoddi4.o)
 .ARM.attributes
                0x000005df       0x22 C:/ST/STM32CubeCLT_1.16.0/GNU-tools-for-STM32/bin/../lib/gcc/arm-none-eabi/12.3.1/thumb/v7e-m+fp/hard\libgcc.a(_dvmd_tls.o)
 .ARM.attributes
                0x00000601       0x34 C:/ST/STM32CubeCLT_1.16.0/GNU-tools-for-STM32/bin/../lib/gcc/arm-none-eabi/12.3.1/../../../../arm-none-eabi/lib/thumb/v7e-m+fp/hard\libg_nano.a(libc_a-memcpy-stub.o)
 .ARM.attributes
                0x00000635       0x22 C:/ST/STM32CubeCLT_1.16.0/GNU-tools-for-STM32/bin/../lib/gcc/arm-none-eabi/12.3.1/thumb/v7e-m+fp/hard/crtn.o

.comment        0x00000000       0x43
 .comment       0x00000000       0x43 CMakeFiles/IOT.dir/Core/Src/main.c.obj
                                 0x44 (size before relaxing)
 .comment       0x00000043       0x44 CMakeFiles/IOT.dir/Core/Src/stm32f4xx_it.c.obj
 .comment       0x00000043       0x44 CMakeFiles/IOT.dir/Core/Src/stm32f4xx_hal_msp.c.obj
 .comment       0x00000043       0x44 CMakeFiles/IOT.dir/Drivers/STM32F4xx_HAL_Driver/Src/stm32f4xx_hal_adc.c.obj
 .comment       0x00000043       0x44 CMakeFiles/IOT.dir/Drivers/STM32F4xx_HAL_Driver/Src/stm32f4xx_hal_adc_ex.c.obj
 .comment       0x00000043       0x44 CMakeFiles/IOT.dir/Drivers/STM32F4xx_HAL_Driver/Src/stm32f4xx_hal_rcc.c.obj
 .comment       0x00000043       0x44 CMakeFiles/IOT.dir/Drivers/STM32F4xx_HAL_Driver/Src/stm32f4xx_hal_gpio.c.obj
 .comment       0x00000043       0x44 CMakeFiles/IOT.dir/Drivers/STM32F4xx_HAL_Driver/Src/stm32f4xx_hal_dma.c.obj
 .comment       0x00000043       0x44 CMakeFiles/IOT.dir/Drivers/STM32F4xx_HAL_Driver/Src/stm32f4xx_hal_cortex.c.obj
 .comment       0x00000043       0x44 CMakeFiles/IOT.dir/Drivers/STM32F4xx_HAL_Driver/Src/stm32f4xx_hal.c.obj
 .comment       0x00000043       0x44 CMakeFiles/IOT.dir/Drivers/STM32F4xx_HAL_Driver/Src/stm32f4xx_hal_i2c.c.obj
 .comment       0x00000043       0x44 CMakeFiles/IOT.dir/Drivers/STM32F4xx_HAL_Driver/Src/stm32f4xx_hal_tim.c.obj
 .comment       0x00000043       0x44 CMakeFiles/IOT.dir/Drivers/STM32F4xx_HAL_Driver/Src/stm32f4xx_hal_tim_ex.c.obj
 .comment       0x00000043       0x44 CMakeFiles/IOT.dir/Core/Src/system_stm32f4xx.c.obj
 .comment       0x00000043       0x44 CMakeFiles/IOT.dir/Middlewares/Third_Party/FreeRTOS/Source/list.c.obj
 .comment       0x00000043       0x44 CMakeFiles/IOT.dir/Middlewares/Third_Party/FreeRTOS/Source/queue.c.obj
 .comment       0x00000043       0x44 CMakeFiles/IOT.dir/Middlewares/Third_Party/FreeRTOS/Source/tasks.c.obj
 .comment       0x00000043       0x44 CMakeFiles/IOT.dir/Middlewares/Third_Party/FreeRTOS/Source/timers.c.obj
 .comment       0x00000043       0x44 CMakeFiles/IOT.dir/Middlewares/Third_Party/FreeRTOS/Source/CMSIS_RTOS_V2/cmsis_os2.c.obj
 .comment       0x00000043       0x44 CMakeFiles/IOT.dir/Middlewares/Third_Party/FreeRTOS/Source/portable/MemMang/heap_4.c.obj
 .comment       0x00000043       0x44 CMakeFiles/IOT.dir/Middlewares/Third_Party/FreeRTOS/Source/portable/GCC/ARM_CM4F/port.c.obj
 .comment       0x00000043       0x44 C:/ST/STM32CubeCLT_1.16.0/GNU-tools-for-STM32/bin/../lib/gcc/arm-none-eabi/12.3.1/../../../../arm-none-eabi/lib/thumb/v7e-m+fp/hard\libg_nano.a(libc_a-memcpy-stub.o)

.debug_frame    0x00000000     0x6184
 .debug_frame   0x00000000       0x20 C:/ST/STM32CubeCLT_1.16.0/GNU-tools-for-STM32/bin/../lib/gcc/arm-none-eabi/12.3.1/../../../../arm-none-eabi/lib/thumb/v7e-m+fp/hard\libc_nano.a(libc_a-memset.o)
 .debug_frame   0x00000020       0x2c C:/ST/STM32CubeCLT_1.16.0/GNU-tools-for-STM32/bin/../lib/gcc/arm-none-eabi/12.3.1/../../../../arm-none-eabi/lib/thumb/v7e-m+fp/hard\libc_nano.a(libc_a-init.o)
 .debug_frame   0x0000004c      0x1b4 CMakeFiles/IOT.dir/Core/Src/main.c.obj
 .debug_frame   0x00000200      0x15c CMakeFiles/IOT.dir/Core/Src/stm32f4xx_it.c.obj
 .debug_frame   0x0000035c      0x10c CMakeFiles/IOT.dir/Core/Src/stm32f4xx_hal_msp.c.obj
 .debug_frame   0x00000468      0x3fc CMakeFiles/IOT.dir/Drivers/STM32F4xx_HAL_Driver/Src/stm32f4xx_hal_adc.c.obj
 .debug_frame   0x00000864      0x250 CMakeFiles/IOT.dir/Drivers/STM32F4xx_HAL_Driver/Src/stm32f4xx_hal_adc_ex.c.obj
 .debug_frame   0x00000ab4      0x1f4 CMakeFiles/IOT.dir/Drivers/STM32F4xx_HAL_Driver/Src/stm32f4xx_hal_rcc.c.obj
 .debug_frame   0x00000ca8      0x14c CMakeFiles/IOT.dir/Drivers/STM32F4xx_HAL_Driver/Src/stm32f4xx_hal_gpio.c.obj
 .debug_frame   0x00000df4      0x250 CMakeFiles/IOT.dir/Drivers/STM32F4xx_HAL_Driver/Src/stm32f4xx_hal_dma.c.obj
 .debug_frame   0x00001044      0x508 CMakeFiles/IOT.dir/Drivers/STM32F4xx_HAL_Driver/Src/stm32f4xx_hal_cortex.c.obj
 .debug_frame   0x0000154c      0x374 CMakeFiles/IOT.dir/Drivers/STM32F4xx_HAL_Driver/Src/stm32f4xx_hal.c.obj
 .debug_frame   0x000018c0      0xc84 CMakeFiles/IOT.dir/Drivers/STM32F4xx_HAL_Driver/Src/stm32f4xx_hal_i2c.c.obj
 .debug_frame   0x00002544     0x11b8 CMakeFiles/IOT.dir/Drivers/STM32F4xx_HAL_Driver/Src/stm32f4xx_hal_tim.c.obj
 .debug_frame   0x000036fc      0x638 CMakeFiles/IOT.dir/Drivers/STM32F4xx_HAL_Driver/Src/stm32f4xx_hal_tim_ex.c.obj
 .debug_frame   0x00003d34       0x58 CMakeFiles/IOT.dir/Core/Src/system_stm32f4xx.c.obj
 .debug_frame   0x00003d8c       0xd8 CMakeFiles/IOT.dir/Middlewares/Third_Party/FreeRTOS/Source/list.c.obj
 .debug_frame   0x00003e64      0x5ec CMakeFiles/IOT.dir/Middlewares/Third_Party/FreeRTOS/Source/queue.c.obj
 .debug_frame   0x00004450      0x8f0 CMakeFiles/IOT.dir/Middlewares/Third_Party/FreeRTOS/Source/tasks.c.obj
 .debug_frame   0x00004d40      0x400 CMakeFiles/IOT.dir/Middlewares/Third_Party/FreeRTOS/Source/timers.c.obj
 .debug_frame   0x00005140      0xbc8 CMakeFiles/IOT.dir/Middlewares/Third_Party/FreeRTOS/Source/CMSIS_RTOS_V2/cmsis_os2.c.obj
 .debug_frame   0x00005d08      0x12c CMakeFiles/IOT.dir/Middlewares/Third_Party/FreeRTOS/Source/portable/MemMang/heap_4.c.obj
 .debug_frame   0x00005e34      0x1a8 CMakeFiles/IOT.dir/Middlewares/Third_Party/FreeRTOS/Source/portable/GCC/ARM_CM4F/port.c.obj
 .debug_frame   0x00005fdc       0xac C:/ST/STM32CubeCLT_1.16.0/GNU-tools-for-STM32/bin/../lib/gcc/arm-none-eabi/12.3.1/thumb/v7e-m+fp/hard\libgcc.a(_arm_addsubdf3.o)
 .debug_frame   0x00006088       0x50 C:/ST/STM32CubeCLT_1.16.0/GNU-tools-for-STM32/bin/../lib/gcc/arm-none-eabi/12.3.1/thumb/v7e-m+fp/hard\libgcc.a(_arm_muldivdf3.o)
 .debug_frame   0x000060d8       0x24 C:/ST/STM32CubeCLT_1.16.0/GNU-tools-for-STM32/bin/../lib/gcc/arm-none-eabi/12.3.1/thumb/v7e-m+fp/hard\libgcc.a(_arm_truncdfsf2.o)
 .debug_frame   0x000060fc       0x2c C:/ST/STM32CubeCLT_1.16.0/GNU-tools-for-STM32/bin/../lib/gcc/arm-none-eabi/12.3.1/thumb/v7e-m+fp/hard\libgcc.a(_aeabi_uldivmod.o)
 .debug_frame   0x00006128       0x34 C:/ST/STM32CubeCLT_1.16.0/GNU-tools-for-STM32/bin/../lib/gcc/arm-none-eabi/12.3.1/thumb/v7e-m+fp/hard\libgcc.a(_udivmoddi4.o)
 .debug_frame   0x0000615c       0x28 C:/ST/STM32CubeCLT_1.16.0/GNU-tools-for-STM32/bin/../lib/gcc/arm-none-eabi/12.3.1/../../../../arm-none-eabi/lib/thumb/v7e-m+fp/hard\libg_nano.a(libc_a-memcpy-stub.o)

.debug_info     0x00000000    0x181ad
 .debug_info    0x00000000     0x1c95 CMakeFiles/IOT.dir/Core/Src/main.c.obj
 .debug_info    0x00001c95      0xaaf CMakeFiles/IOT.dir/Core/Src/stm32f4xx_it.c.obj
 .debug_info    0x00002744     0x1283 CMakeFiles/IOT.dir/Core/Src/stm32f4xx_hal_msp.c.obj
 .debug_info    0x000039c7      0xcd1 CMakeFiles/IOT.dir/Drivers/STM32F4xx_HAL_Driver/Src/stm32f4xx_hal_adc.c.obj
 .debug_info    0x00004698      0xb56 CMakeFiles/IOT.dir/Drivers/STM32F4xx_HAL_Driver/Src/stm32f4xx_hal_adc_ex.c.obj
 .debug_info    0x000051ee      0x8f0 CMakeFiles/IOT.dir/Drivers/STM32F4xx_HAL_Driver/Src/stm32f4xx_hal_rcc.c.obj
 .debug_info    0x00005ade      0x6f9 CMakeFiles/IOT.dir/Drivers/STM32F4xx_HAL_Driver/Src/stm32f4xx_hal_gpio.c.obj
 .debug_info    0x000061d7      0x8e6 CMakeFiles/IOT.dir/Drivers/STM32F4xx_HAL_Driver/Src/stm32f4xx_hal_dma.c.obj
 .debug_info    0x00006abd      0xcfc CMakeFiles/IOT.dir/Drivers/STM32F4xx_HAL_Driver/Src/stm32f4xx_hal_cortex.c.obj
 .debug_info    0x000077b9      0x8c4 CMakeFiles/IOT.dir/Drivers/STM32F4xx_HAL_Driver/Src/stm32f4xx_hal.c.obj
 .debug_info    0x0000807d     0x2426 CMakeFiles/IOT.dir/Drivers/STM32F4xx_HAL_Driver/Src/stm32f4xx_hal_i2c.c.obj
 .debug_info    0x0000a4a3     0x2996 CMakeFiles/IOT.dir/Drivers/STM32F4xx_HAL_Driver/Src/stm32f4xx_hal_tim.c.obj
 .debug_info    0x0000ce39     0x14d4 CMakeFiles/IOT.dir/Drivers/STM32F4xx_HAL_Driver/Src/stm32f4xx_hal_tim_ex.c.obj
 .debug_info    0x0000e30d      0x53e CMakeFiles/IOT.dir/Core/Src/system_stm32f4xx.c.obj
 .debug_info    0x0000e84b      0x2af CMakeFiles/IOT.dir/Middlewares/Third_Party/FreeRTOS/Source/list.c.obj
 .debug_info    0x0000eafa     0x1b79 CMakeFiles/IOT.dir/Middlewares/Third_Party/FreeRTOS/Source/queue.c.obj
 .debug_info    0x00010673     0x21ec CMakeFiles/IOT.dir/Middlewares/Third_Party/FreeRTOS/Source/tasks.c.obj
 .debug_info    0x0001285f     0x1488 CMakeFiles/IOT.dir/Middlewares/Third_Party/FreeRTOS/Source/timers.c.obj
 .debug_info    0x00013ce7     0x39c2 CMakeFiles/IOT.dir/Middlewares/Third_Party/FreeRTOS/Source/CMSIS_RTOS_V2/cmsis_os2.c.obj
 .debug_info    0x000176a9      0x4d5 CMakeFiles/IOT.dir/Middlewares/Third_Party/FreeRTOS/Source/portable/MemMang/heap_4.c.obj
 .debug_info    0x00017b7e      0x4de CMakeFiles/IOT.dir/Middlewares/Third_Party/FreeRTOS/Source/portable/GCC/ARM_CM4F/port.c.obj
 .debug_info    0x0001805c       0x30 CMakeFiles/IOT.dir/startup_stm32f411xe.s.obj
 .debug_info    0x0001808c      0x121 C:/ST/STM32CubeCLT_1.16.0/GNU-tools-for-STM32/bin/../lib/gcc/arm-none-eabi/12.3.1/../../../../arm-none-eabi/lib/thumb/v7e-m+fp/hard\libg_nano.a(libc_a-memcpy-stub.o)

.debug_abbrev   0x00000000     0x366b
 .debug_abbrev  0x00000000      0x2da CMakeFiles/IOT.dir/Core/Src/main.c.obj
 .debug_abbrev  0x000002da      0x213 CMakeFiles/IOT.dir/Core/Src/stm32f4xx_it.c.obj
 .debug_abbrev  0x000004ed      0x252 CMakeFiles/IOT.dir/Core/Src/stm32f4xx_hal_msp.c.obj
 .debug_abbrev  0x0000073f      0x20e CMakeFiles/IOT.dir/Drivers/STM32F4xx_HAL_Driver/Src/stm32f4xx_hal_adc.c.obj
 .debug_abbrev  0x0000094d      0x22c CMakeFiles/IOT.dir/Drivers/STM32F4xx_HAL_Driver/Src/stm32f4xx_hal_adc_ex.c.obj
 .debug_abbrev  0x00000b79      0x2b6 CMakeFiles/IOT.dir/Drivers/STM32F4xx_HAL_Driver/Src/stm32f4xx_hal_rcc.c.obj
 .debug_abbrev  0x00000e2f      0x1d3 CMakeFiles/IOT.dir/Drivers/STM32F4xx_HAL_Driver/Src/stm32f4xx_hal_gpio.c.obj
 .debug_abbrev  0x00001002      0x221 CMakeFiles/IOT.dir/Drivers/STM32F4xx_HAL_Driver/Src/stm32f4xx_hal_dma.c.obj
 .debug_abbrev  0x00001223      0x31d CMakeFiles/IOT.dir/Drivers/STM32F4xx_HAL_Driver/Src/stm32f4xx_hal_cortex.c.obj
 .debug_abbrev  0x00001540      0x24b CMakeFiles/IOT.dir/Drivers/STM32F4xx_HAL_Driver/Src/stm32f4xx_hal.c.obj
 .debug_abbrev  0x0000178b      0x2bc CMakeFiles/IOT.dir/Drivers/STM32F4xx_HAL_Driver/Src/stm32f4xx_hal_i2c.c.obj
 .debug_abbrev  0x00001a47      0x28b CMakeFiles/IOT.dir/Drivers/STM32F4xx_HAL_Driver/Src/stm32f4xx_hal_tim.c.obj
 .debug_abbrev  0x00001cd2      0x296 CMakeFiles/IOT.dir/Drivers/STM32F4xx_HAL_Driver/Src/stm32f4xx_hal_tim_ex.c.obj
 .debug_abbrev  0x00001f68      0x11a CMakeFiles/IOT.dir/Core/Src/system_stm32f4xx.c.obj
 .debug_abbrev  0x00002082       0xf5 CMakeFiles/IOT.dir/Middlewares/Third_Party/FreeRTOS/Source/list.c.obj
 .debug_abbrev  0x00002177      0x3b6 CMakeFiles/IOT.dir/Middlewares/Third_Party/FreeRTOS/Source/queue.c.obj
 .debug_abbrev  0x0000252d      0x386 CMakeFiles/IOT.dir/Middlewares/Third_Party/FreeRTOS/Source/tasks.c.obj
 .debug_abbrev  0x000028b3      0x352 CMakeFiles/IOT.dir/Middlewares/Third_Party/FreeRTOS/Source/timers.c.obj
 .debug_abbrev  0x00002c05      0x508 CMakeFiles/IOT.dir/Middlewares/Third_Party/FreeRTOS/Source/CMSIS_RTOS_V2/cmsis_os2.c.obj
 .debug_abbrev  0x0000310d      0x21d CMakeFiles/IOT.dir/Middlewares/Third_Party/FreeRTOS/Source/portable/MemMang/heap_4.c.obj
 .debug_abbrev  0x0000332a      0x25c CMakeFiles/IOT.dir/Middlewares/Third_Party/FreeRTOS/Source/portable/GCC/ARM_CM4F/port.c.obj
 .debug_abbrev  0x00003586       0x24 CMakeFiles/IOT.dir/startup_stm32f411xe.s.obj
 .debug_abbrev  0x000035aa       0xc1 C:/ST/STM32CubeCLT_1.16.0/GNU-tools-for-STM32/bin/../lib/gcc/arm-none-eabi/12.3.1/../../../../arm-none-eabi/lib/thumb/v7e-m+fp/hard\libg_nano.a(libc_a-memcpy-stub.o)

.debug_aranges  0x00000000     0x16b0
 .debug_aranges
                0x00000000       0x80 CMakeFiles/IOT.dir/Core/Src/main.c.obj
 .debug_aranges
                0x00000080       0x78 CMakeFiles/IOT.dir/Core/Src/stm32f4xx_it.c.obj
 .debug_aranges
                0x000000f8       0x50 CMakeFiles/IOT.dir/Core/Src/stm32f4xx_hal_msp.c.obj
 .debug_aranges
                0x00000148       0xe8 CMakeFiles/IOT.dir/Drivers/STM32F4xx_HAL_Driver/Src/stm32f4xx_hal_adc.c.obj
 .debug_aranges
                0x00000230       0x90 CMakeFiles/IOT.dir/Drivers/STM32F4xx_HAL_Driver/Src/stm32f4xx_hal_adc_ex.c.obj
 .debug_aranges
                0x000002c0       0x88 CMakeFiles/IOT.dir/Drivers/STM32F4xx_HAL_Driver/Src/stm32f4xx_hal_rcc.c.obj
 .debug_aranges
                0x00000348       0x58 CMakeFiles/IOT.dir/Drivers/STM32F4xx_HAL_Driver/Src/stm32f4xx_hal_gpio.c.obj
 .debug_aranges
                0x000003a0       0x90 CMakeFiles/IOT.dir/Drivers/STM32F4xx_HAL_Driver/Src/stm32f4xx_hal_dma.c.obj
 .debug_aranges
                0x00000430      0x130 CMakeFiles/IOT.dir/Drivers/STM32F4xx_HAL_Driver/Src/stm32f4xx_hal_cortex.c.obj
 .debug_aranges
                0x00000560       0xf0 CMakeFiles/IOT.dir/Drivers/STM32F4xx_HAL_Driver/Src/stm32f4xx_hal.c.obj
 .debug_aranges
                0x00000650      0x2a8 CMakeFiles/IOT.dir/Drivers/STM32F4xx_HAL_Driver/Src/stm32f4xx_hal_i2c.c.obj
 .debug_aranges
                0x000008f8      0x3d0 CMakeFiles/IOT.dir/Drivers/STM32F4xx_HAL_Driver/Src/stm32f4xx_hal_tim.c.obj
 .debug_aranges
                0x00000cc8      0x168 CMakeFiles/IOT.dir/Drivers/STM32F4xx_HAL_Driver/Src/stm32f4xx_hal_tim_ex.c.obj
 .debug_aranges
                0x00000e30       0x28 CMakeFiles/IOT.dir/Core/Src/system_stm32f4xx.c.obj
 .debug_aranges
                0x00000e58       0x40 CMakeFiles/IOT.dir/Middlewares/Third_Party/FreeRTOS/Source/list.c.obj
 .debug_aranges
                0x00000e98      0x158 CMakeFiles/IOT.dir/Middlewares/Third_Party/FreeRTOS/Source/queue.c.obj
 .debug_aranges
                0x00000ff0      0x208 CMakeFiles/IOT.dir/Middlewares/Third_Party/FreeRTOS/Source/tasks.c.obj
 .debug_aranges
                0x000011f8       0xf0 CMakeFiles/IOT.dir/Middlewares/Third_Party/FreeRTOS/Source/timers.c.obj
 .debug_aranges
                0x000012e8      0x2a8 CMakeFiles/IOT.dir/Middlewares/Third_Party/FreeRTOS/Source/CMSIS_RTOS_V2/cmsis_os2.c.obj
 .debug_aranges
                0x00001590       0x58 CMakeFiles/IOT.dir/Middlewares/Third_Party/FreeRTOS/Source/portable/MemMang/heap_4.c.obj
 .debug_aranges
                0x000015e8       0x80 CMakeFiles/IOT.dir/Middlewares/Third_Party/FreeRTOS/Source/portable/GCC/ARM_CM4F/port.c.obj
 .debug_aranges
                0x00001668       0x28 CMakeFiles/IOT.dir/startup_stm32f411xe.s.obj
 .debug_aranges
                0x00001690       0x20 C:/ST/STM32CubeCLT_1.16.0/GNU-tools-for-STM32/bin/../lib/gcc/arm-none-eabi/12.3.1/../../../../arm-none-eabi/lib/thumb/v7e-m+fp/hard\libg_nano.a(libc_a-memcpy-stub.o)

.debug_rnglists
                0x00000000     0x11b1
 .debug_rnglists
                0x00000000       0x61 CMakeFiles/IOT.dir/Core/Src/main.c.obj
 .debug_rnglists
                0x00000061       0x55 CMakeFiles/IOT.dir/Core/Src/stm32f4xx_it.c.obj
 .debug_rnglists
                0x000000b6       0x39 CMakeFiles/IOT.dir/Core/Src/stm32f4xx_hal_msp.c.obj
 .debug_rnglists
                0x000000ef       0xb5 CMakeFiles/IOT.dir/Drivers/STM32F4xx_HAL_Driver/Src/stm32f4xx_hal_adc.c.obj
 .debug_rnglists
                0x000001a4       0x71 CMakeFiles/IOT.dir/Drivers/STM32F4xx_HAL_Driver/Src/stm32f4xx_hal_adc_ex.c.obj
 .debug_rnglists
                0x00000215       0x66 CMakeFiles/IOT.dir/Drivers/STM32F4xx_HAL_Driver/Src/stm32f4xx_hal_rcc.c.obj
 .debug_rnglists
                0x0000027b       0x3f CMakeFiles/IOT.dir/Drivers/STM32F4xx_HAL_Driver/Src/stm32f4xx_hal_gpio.c.obj
 .debug_rnglists
                0x000002ba       0x70 CMakeFiles/IOT.dir/Drivers/STM32F4xx_HAL_Driver/Src/stm32f4xx_hal_dma.c.obj
 .debug_rnglists
                0x0000032a       0xe0 CMakeFiles/IOT.dir/Drivers/STM32F4xx_HAL_Driver/Src/stm32f4xx_hal_cortex.c.obj
 .debug_rnglists
                0x0000040a       0xaf CMakeFiles/IOT.dir/Drivers/STM32F4xx_HAL_Driver/Src/stm32f4xx_hal.c.obj
 .debug_rnglists
                0x000004b9      0x23c CMakeFiles/IOT.dir/Drivers/STM32F4xx_HAL_Driver/Src/stm32f4xx_hal_i2c.c.obj
 .debug_rnglists
                0x000006f5      0x31a CMakeFiles/IOT.dir/Drivers/STM32F4xx_HAL_Driver/Src/stm32f4xx_hal_tim.c.obj
 .debug_rnglists
                0x00000a0f      0x125 CMakeFiles/IOT.dir/Drivers/STM32F4xx_HAL_Driver/Src/stm32f4xx_hal_tim_ex.c.obj
 .debug_rnglists
                0x00000b34       0x1a CMakeFiles/IOT.dir/Core/Src/system_stm32f4xx.c.obj
 .debug_rnglists
                0x00000b4e       0x2b CMakeFiles/IOT.dir/Middlewares/Third_Party/FreeRTOS/Source/list.c.obj
 .debug_rnglists
                0x00000b79      0x109 CMakeFiles/IOT.dir/Middlewares/Third_Party/FreeRTOS/Source/queue.c.obj
 .debug_rnglists
                0x00000c82      0x1a0 CMakeFiles/IOT.dir/Middlewares/Third_Party/FreeRTOS/Source/tasks.c.obj
 .debug_rnglists
                0x00000e22       0xb8 CMakeFiles/IOT.dir/Middlewares/Third_Party/FreeRTOS/Source/timers.c.obj
 .debug_rnglists
                0x00000eda      0x20c CMakeFiles/IOT.dir/Middlewares/Third_Party/FreeRTOS/Source/CMSIS_RTOS_V2/cmsis_os2.c.obj
 .debug_rnglists
                0x000010e6       0x42 CMakeFiles/IOT.dir/Middlewares/Third_Party/FreeRTOS/Source/portable/MemMang/heap_4.c.obj
 .debug_rnglists
                0x00001128       0x5d CMakeFiles/IOT.dir/Middlewares/Third_Party/FreeRTOS/Source/portable/GCC/ARM_CM4F/port.c.obj
 .debug_rnglists
                0x00001185       0x19 CMakeFiles/IOT.dir/startup_stm32f411xe.s.obj
 .debug_rnglists
                0x0000119e       0x13 C:/ST/STM32CubeCLT_1.16.0/GNU-tools-for-STM32/bin/../lib/gcc/arm-none-eabi/12.3.1/../../../../arm-none-eabi/lib/thumb/v7e-m+fp/hard\libg_nano.a(libc_a-memcpy-stub.o)

.debug_macro    0x00000000    0x1987f
 .debug_macro   0x00000000      0x376 CMakeFiles/IOT.dir/Core/Src/main.c.obj
 .debug_macro   0x00000376      0xab4 CMakeFiles/IOT.dir/Core/Src/main.c.obj
 .debug_macro   0x00000e2a      0x2a1 CMakeFiles/IOT.dir/Core/Src/main.c.obj
 .debug_macro   0x000010cb       0x2e CMakeFiles/IOT.dir/Core/Src/main.c.obj
 .debug_macro   0x000010f9       0x28 CMakeFiles/IOT.dir/Core/Src/main.c.obj
 .debug_macro   0x00001121       0x22 CMakeFiles/IOT.dir/Core/Src/main.c.obj
 .debug_macro   0x00001143       0x8e CMakeFiles/IOT.dir/Core/Src/main.c.obj
 .debug_macro   0x000011d1       0x51 CMakeFiles/IOT.dir/Core/Src/main.c.obj
 .debug_macro   0x00001222      0x103 CMakeFiles/IOT.dir/Core/Src/main.c.obj
 .debug_macro   0x00001325       0x6a CMakeFiles/IOT.dir/Core/Src/main.c.obj
 .debug_macro   0x0000138f      0x1df CMakeFiles/IOT.dir/Core/Src/main.c.obj
 .debug_macro   0x0000156e       0x1c CMakeFiles/IOT.dir/Core/Src/main.c.obj
 .debug_macro   0x0000158a       0x22 CMakeFiles/IOT.dir/Core/Src/main.c.obj
 .debug_macro   0x000015ac       0xfb CMakeFiles/IOT.dir/Core/Src/main.c.obj
 .debug_macro   0x000016a7     0x1011 CMakeFiles/IOT.dir/Core/Src/main.c.obj
 .debug_macro   0x000026b8      0x11f CMakeFiles/IOT.dir/Core/Src/main.c.obj
 .debug_macro   0x000027d7     0xb953 CMakeFiles/IOT.dir/Core/Src/main.c.obj
 .debug_macro   0x0000e12a       0x6d CMakeFiles/IOT.dir/Core/Src/main.c.obj
 .debug_macro   0x0000e197     0x369a CMakeFiles/IOT.dir/Core/Src/main.c.obj
 .debug_macro   0x00011831      0x189 CMakeFiles/IOT.dir/Core/Src/main.c.obj
 .debug_macro   0x000119ba       0x5c CMakeFiles/IOT.dir/Core/Src/main.c.obj
 .debug_macro   0x00011a16      0x45c CMakeFiles/IOT.dir/Core/Src/main.c.obj
 .debug_macro   0x00011e72      0x9e9 CMakeFiles/IOT.dir/Core/Src/main.c.obj
 .debug_macro   0x0001285b      0x115 CMakeFiles/IOT.dir/Core/Src/main.c.obj
 .debug_macro   0x00012970      0x11b CMakeFiles/IOT.dir/Core/Src/main.c.obj
 .debug_macro   0x00012a8b       0xa5 CMakeFiles/IOT.dir/Core/Src/main.c.obj
 .debug_macro   0x00012b30      0x15f CMakeFiles/IOT.dir/Core/Src/main.c.obj
 .debug_macro   0x00012c8f      0x287 CMakeFiles/IOT.dir/Core/Src/main.c.obj
 .debug_macro   0x00012f16       0x5f CMakeFiles/IOT.dir/Core/Src/main.c.obj
 .debug_macro   0x00012f75      0x236 CMakeFiles/IOT.dir/Core/Src/main.c.obj
 .debug_macro   0x000131ab      0x9e1 CMakeFiles/IOT.dir/Core/Src/main.c.obj
 .debug_macro   0x00013b8c      0x38b CMakeFiles/IOT.dir/Core/Src/main.c.obj
 .debug_macro   0x00013f17      0x17d CMakeFiles/IOT.dir/Core/Src/main.c.obj
 .debug_macro   0x00014094       0xf9 CMakeFiles/IOT.dir/Core/Src/main.c.obj
 .debug_macro   0x0001418d      0x132 CMakeFiles/IOT.dir/Core/Src/main.c.obj
 .debug_macro   0x000142bf      0x264 CMakeFiles/IOT.dir/Core/Src/main.c.obj
 .debug_macro   0x00014523       0x2e CMakeFiles/IOT.dir/Core/Src/main.c.obj
 .debug_macro   0x00014551      0x1b5 CMakeFiles/IOT.dir/Core/Src/main.c.obj
 .debug_macro   0x00014706       0x22 CMakeFiles/IOT.dir/Core/Src/main.c.obj
 .debug_macro   0x00014728       0xd6 CMakeFiles/IOT.dir/Core/Src/main.c.obj
 .debug_macro   0x000147fe      0x127 CMakeFiles/IOT.dir/Core/Src/main.c.obj
 .debug_macro   0x00014925       0x85 CMakeFiles/IOT.dir/Core/Src/main.c.obj
 .debug_macro   0x000149aa       0x89 CMakeFiles/IOT.dir/Core/Src/main.c.obj
 .debug_macro   0x00014a33      0x8ed CMakeFiles/IOT.dir/Core/Src/main.c.obj
 .debug_macro   0x00015320       0x47 CMakeFiles/IOT.dir/Core/Src/main.c.obj
 .debug_macro   0x00015367      0x126 CMakeFiles/IOT.dir/Core/Src/main.c.obj
 .debug_macro   0x0001548d       0x46 CMakeFiles/IOT.dir/Core/Src/main.c.obj
 .debug_macro   0x000154d3      0x169 CMakeFiles/IOT.dir/Core/Src/main.c.obj
 .debug_macro   0x0001563c      0x15a CMakeFiles/IOT.dir/Core/Src/main.c.obj
 .debug_macro   0x00015796       0xc9 CMakeFiles/IOT.dir/Core/Src/main.c.obj
 .debug_macro   0x0001585f       0x1c CMakeFiles/IOT.dir/Core/Src/main.c.obj
 .debug_macro   0x0001587b       0x26 CMakeFiles/IOT.dir/Core/Src/main.c.obj
 .debug_macro   0x000158a1      0x4c5 CMakeFiles/IOT.dir/Core/Src/main.c.obj
 .debug_macro   0x00015d66       0xb5 CMakeFiles/IOT.dir/Core/Src/main.c.obj
 .debug_macro   0x00015e1b       0xaa CMakeFiles/IOT.dir/Core/Src/main.c.obj
 .debug_macro   0x00015ec5       0x66 CMakeFiles/IOT.dir/Core/Src/main.c.obj
 .debug_macro   0x00015f2b       0x74 CMakeFiles/IOT.dir/Core/Src/main.c.obj
 .debug_macro   0x00015f9f       0xdd CMakeFiles/IOT.dir/Core/Src/main.c.obj
 .debug_macro   0x0001607c       0x22 CMakeFiles/IOT.dir/Core/Src/main.c.obj
 .debug_macro   0x0001609e       0x74 CMakeFiles/IOT.dir/Core/Src/main.c.obj
 .debug_macro   0x00016112       0x2a CMakeFiles/IOT.dir/Core/Src/main.c.obj
 .debug_macro   0x0001613c       0x3c CMakeFiles/IOT.dir/Core/Src/main.c.obj
 .debug_macro   0x00016178       0x34 CMakeFiles/IOT.dir/Core/Src/main.c.obj
 .debug_macro   0x000161ac       0x16 CMakeFiles/IOT.dir/Core/Src/main.c.obj
 .debug_macro   0x000161c2       0x35 CMakeFiles/IOT.dir/Core/Src/main.c.obj
 .debug_macro   0x000161f7      0x369 CMakeFiles/IOT.dir/Core/Src/main.c.obj
 .debug_macro   0x00016560       0x10 CMakeFiles/IOT.dir/Core/Src/main.c.obj
 .debug_macro   0x00016570       0x16 CMakeFiles/IOT.dir/Core/Src/main.c.obj
 .debug_macro   0x00016586       0x43 CMakeFiles/IOT.dir/Core/Src/main.c.obj
 .debug_macro   0x000165c9       0x34 CMakeFiles/IOT.dir/Core/Src/main.c.obj
 .debug_macro   0x000165fd       0x10 CMakeFiles/IOT.dir/Core/Src/main.c.obj
 .debug_macro   0x0001660d       0x58 CMakeFiles/IOT.dir/Core/Src/main.c.obj
 .debug_macro   0x00016665      0x1de CMakeFiles/IOT.dir/Core/Src/main.c.obj
 .debug_macro   0x00016843       0x16 CMakeFiles/IOT.dir/Core/Src/main.c.obj
 .debug_macro   0x00016859       0x16 CMakeFiles/IOT.dir/Core/Src/main.c.obj
 .debug_macro   0x0001686f      0x170 CMakeFiles/IOT.dir/Core/Src/main.c.obj
 .debug_macro   0x000169df      0x28f CMakeFiles/IOT.dir/Core/Src/stm32f4xx_it.c.obj
 .debug_macro   0x00016c6e      0x214 CMakeFiles/IOT.dir/Core/Src/stm32f4xx_hal_msp.c.obj
 .debug_macro   0x00016e82      0x206 CMakeFiles/IOT.dir/Drivers/STM32F4xx_HAL_Driver/Src/stm32f4xx_hal_adc.c.obj
 .debug_macro   0x00017088      0x205 CMakeFiles/IOT.dir/Drivers/STM32F4xx_HAL_Driver/Src/stm32f4xx_hal_adc_ex.c.obj
 .debug_macro   0x0001728d      0x229 CMakeFiles/IOT.dir/Drivers/STM32F4xx_HAL_Driver/Src/stm32f4xx_hal_rcc.c.obj
 .debug_macro   0x000174b6      0x20b CMakeFiles/IOT.dir/Drivers/STM32F4xx_HAL_Driver/Src/stm32f4xx_hal_gpio.c.obj
 .debug_macro   0x000176c1      0x20b CMakeFiles/IOT.dir/Drivers/STM32F4xx_HAL_Driver/Src/stm32f4xx_hal_dma.c.obj
 .debug_macro   0x000178cc      0x205 CMakeFiles/IOT.dir/Drivers/STM32F4xx_HAL_Driver/Src/stm32f4xx_hal_cortex.c.obj
 .debug_macro   0x00017ad1      0x265 CMakeFiles/IOT.dir/Drivers/STM32F4xx_HAL_Driver/Src/stm32f4xx_hal.c.obj
 .debug_macro   0x00017d36      0x253 CMakeFiles/IOT.dir/Drivers/STM32F4xx_HAL_Driver/Src/stm32f4xx_hal_i2c.c.obj
 .debug_macro   0x00017f89      0x206 CMakeFiles/IOT.dir/Drivers/STM32F4xx_HAL_Driver/Src/stm32f4xx_hal_tim.c.obj
 .debug_macro   0x0001818f      0x205 CMakeFiles/IOT.dir/Drivers/STM32F4xx_HAL_Driver/Src/stm32f4xx_hal_tim_ex.c.obj
 .debug_macro   0x00018394      0x205 CMakeFiles/IOT.dir/Core/Src/system_stm32f4xx.c.obj
 .debug_macro   0x00018599      0x178 CMakeFiles/IOT.dir/Middlewares/Third_Party/FreeRTOS/Source/list.c.obj
 .debug_macro   0x00018711      0x207 CMakeFiles/IOT.dir/Middlewares/Third_Party/FreeRTOS/Source/queue.c.obj
 .debug_macro   0x00018918       0x16 CMakeFiles/IOT.dir/Middlewares/Third_Party/FreeRTOS/Source/queue.c.obj
 .debug_macro   0x0001892e       0x20 CMakeFiles/IOT.dir/Middlewares/Third_Party/FreeRTOS/Source/queue.c.obj
 .debug_macro   0x0001894e       0x87 CMakeFiles/IOT.dir/Middlewares/Third_Party/FreeRTOS/Source/queue.c.obj
 .debug_macro   0x000189d5      0x270 CMakeFiles/IOT.dir/Middlewares/Third_Party/FreeRTOS/Source/tasks.c.obj
 .debug_macro   0x00018c45       0x10 CMakeFiles/IOT.dir/Middlewares/Third_Party/FreeRTOS/Source/tasks.c.obj
 .debug_macro   0x00018c55      0x1cd CMakeFiles/IOT.dir/Middlewares/Third_Party/FreeRTOS/Source/timers.c.obj
 .debug_macro   0x00018e22       0x97 CMakeFiles/IOT.dir/Middlewares/Third_Party/FreeRTOS/Source/timers.c.obj
 .debug_macro   0x00018eb9      0x3ed CMakeFiles/IOT.dir/Middlewares/Third_Party/FreeRTOS/Source/CMSIS_RTOS_V2/cmsis_os2.c.obj
 .debug_macro   0x000192a6       0x10 CMakeFiles/IOT.dir/Middlewares/Third_Party/FreeRTOS/Source/CMSIS_RTOS_V2/cmsis_os2.c.obj
 .debug_macro   0x000192b6       0xf5 CMakeFiles/IOT.dir/Middlewares/Third_Party/FreeRTOS/Source/CMSIS_RTOS_V2/cmsis_os2.c.obj
 .debug_macro   0x000193ab       0x8d CMakeFiles/IOT.dir/Middlewares/Third_Party/FreeRTOS/Source/CMSIS_RTOS_V2/cmsis_os2.c.obj
 .debug_macro   0x00019438       0x9a CMakeFiles/IOT.dir/Middlewares/Third_Party/FreeRTOS/Source/CMSIS_RTOS_V2/cmsis_os2.c.obj
 .debug_macro   0x000194d2       0x22 CMakeFiles/IOT.dir/Middlewares/Third_Party/FreeRTOS/Source/CMSIS_RTOS_V2/cmsis_os2.c.obj
 .debug_macro   0x000194f4       0x56 CMakeFiles/IOT.dir/Middlewares/Third_Party/FreeRTOS/Source/CMSIS_RTOS_V2/cmsis_os2.c.obj
 .debug_macro   0x0001954a      0x19f CMakeFiles/IOT.dir/Middlewares/Third_Party/FreeRTOS/Source/portable/MemMang/heap_4.c.obj
 .debug_macro   0x000196e9      0x196 CMakeFiles/IOT.dir/Middlewares/Third_Party/FreeRTOS/Source/portable/GCC/ARM_CM4F/port.c.obj

.debug_line     0x00000000    0x1946b
 .debug_line    0x00000000      0xd09 CMakeFiles/IOT.dir/Core/Src/main.c.obj
 .debug_line    0x00000d09      0xa7f CMakeFiles/IOT.dir/Core/Src/stm32f4xx_it.c.obj
 .debug_line    0x00001788      0x8a0 CMakeFiles/IOT.dir/Core/Src/stm32f4xx_hal_msp.c.obj
 .debug_line    0x00002028     0x125a CMakeFiles/IOT.dir/Drivers/STM32F4xx_HAL_Driver/Src/stm32f4xx_hal_adc.c.obj
 .debug_line    0x00003282      0xf90 CMakeFiles/IOT.dir/Drivers/STM32F4xx_HAL_Driver/Src/stm32f4xx_hal_adc_ex.c.obj
 .debug_line    0x00004212      0xe1b CMakeFiles/IOT.dir/Drivers/STM32F4xx_HAL_Driver/Src/stm32f4xx_hal_rcc.c.obj